Archive member included to satisfy reference by file (symbol)

/home/engineer/GIT/CPU/QT/build-proj-nios2-Debug/qtc_nios2_Debug/libHAL.a(alt_load.c.o)
                              /home/engineer/GIT/CPU/QT/build-proj-nios2-Debug/qtc_nios2_Debug/crt0.S.o (alt_load)
/home/engineer/GIT/CPU/QT/build-proj-nios2-Debug/qtc_nios2_Debug/libHAL.a(alt_main.c.o)
                              /home/engineer/GIT/CPU/QT/build-proj-nios2-Debug/qtc_nios2_Debug/crt0.S.o (alt_main)
/home/engineer/GIT/CPU/QT/build-proj-nios2-Debug/qtc_nios2_Debug/libHAL.a(alt_usleep.c.o)
                              /home/engineer/GIT/CPU/QT/build-proj-nios2-Debug/qtc_nios2_Debug/Application.b291beb8/.obj/3a52ce780950d4d9/main.c.o (usleep)
/home/engineer/GIT/CPU/QT/build-proj-nios2-Debug/qtc_nios2_Debug/libHAL.a(alt_sys_init.c.o)
                              /home/engineer/GIT/CPU/QT/build-proj-nios2-Debug/qtc_nios2_Debug/libHAL.a(alt_main.c.o) (alt_irq_init)
/home/engineer/GIT/CPU/QT/build-proj-nios2-Debug/qtc_nios2_Debug/libHAL.a(alt_busy_sleep.c.o)
                              /home/engineer/GIT/CPU/QT/build-proj-nios2-Debug/qtc_nios2_Debug/libHAL.a(alt_usleep.c.o) (alt_busy_sleep)
/home/engineer/GIT/CPU/QT/build-proj-nios2-Debug/qtc_nios2_Debug/libHAL.a(alt_close.c.o)
                              /home/engineer/GIT/CPU/QT/build-proj-nios2-Debug/qtc_nios2_Debug/libHAL.a(alt_main.c.o) (close)
/home/engineer/GIT/CPU/QT/build-proj-nios2-Debug/qtc_nios2_Debug/libHAL.a(alt_dcache_flush_all.c.o)
                              /home/engineer/GIT/CPU/QT/build-proj-nios2-Debug/qtc_nios2_Debug/libHAL.a(alt_load.c.o) (alt_dcache_flush_all)
/home/engineer/GIT/CPU/QT/build-proj-nios2-Debug/qtc_nios2_Debug/libHAL.a(alt_dev.c.o)
                              /home/engineer/GIT/CPU/QT/build-proj-nios2-Debug/qtc_nios2_Debug/libHAL.a(alt_sys_init.c.o) (alt_dev_list)
/home/engineer/GIT/CPU/QT/build-proj-nios2-Debug/qtc_nios2_Debug/libHAL.a(alt_dev_llist_insert.c.o)
                              /home/engineer/GIT/CPU/QT/build-proj-nios2-Debug/qtc_nios2_Debug/libHAL.a(alt_sys_init.c.o) (alt_dev_llist_insert)
/home/engineer/GIT/CPU/QT/build-proj-nios2-Debug/qtc_nios2_Debug/libHAL.a(alt_do_ctors.c.o)
                              /home/engineer/GIT/CPU/QT/build-proj-nios2-Debug/qtc_nios2_Debug/libHAL.a(alt_main.c.o) (_do_ctors)
/home/engineer/GIT/CPU/QT/build-proj-nios2-Debug/qtc_nios2_Debug/libHAL.a(alt_do_dtors.c.o)
                              /home/engineer/GIT/CPU/QT/build-proj-nios2-Debug/qtc_nios2_Debug/libHAL.a(alt_main.c.o) (_do_dtors)
/home/engineer/GIT/CPU/QT/build-proj-nios2-Debug/qtc_nios2_Debug/libHAL.a(alt_errno.c.o)
                              /home/engineer/GIT/CPU/QT/build-proj-nios2-Debug/qtc_nios2_Debug/libHAL.a(alt_close.c.o) (alt_errno)
/home/engineer/GIT/CPU/QT/build-proj-nios2-Debug/qtc_nios2_Debug/libHAL.a(alt_icache_flush_all.c.o)
                              /home/engineer/GIT/CPU/QT/build-proj-nios2-Debug/qtc_nios2_Debug/libHAL.a(alt_load.c.o) (alt_icache_flush_all)
/home/engineer/GIT/CPU/QT/build-proj-nios2-Debug/qtc_nios2_Debug/libHAL.a(alt_io_redirect.c.o)
                              /home/engineer/GIT/CPU/QT/build-proj-nios2-Debug/qtc_nios2_Debug/libHAL.a(alt_main.c.o) (alt_io_redirect)
/home/engineer/GIT/CPU/QT/build-proj-nios2-Debug/qtc_nios2_Debug/libHAL.a(alt_open.c.o)
                              /home/engineer/GIT/CPU/QT/build-proj-nios2-Debug/qtc_nios2_Debug/libHAL.a(alt_io_redirect.c.o) (open)
/home/engineer/GIT/CPU/QT/build-proj-nios2-Debug/qtc_nios2_Debug/libHAL.a(alt_release_fd.c.o)
                              /home/engineer/GIT/CPU/QT/build-proj-nios2-Debug/qtc_nios2_Debug/libHAL.a(alt_close.c.o) (alt_release_fd)
/home/engineer/GIT/CPU/QT/build-proj-nios2-Debug/qtc_nios2_Debug/libHAL.a(altera_nios2_gen2_irq.c.o)
                              /home/engineer/GIT/CPU/QT/build-proj-nios2-Debug/qtc_nios2_Debug/libHAL.a(alt_sys_init.c.o) (altera_nios2_gen2_irq_init)
/home/engineer/GIT/CPU/QT/build-proj-nios2-Debug/qtc_nios2_Debug/libHAL.a(altera_avalon_jtag_uart_fd.c.o)
                              /home/engineer/GIT/CPU/QT/build-proj-nios2-Debug/qtc_nios2_Debug/libHAL.a(alt_sys_init.c.o) (altera_avalon_jtag_uart_read_fd)
/home/engineer/GIT/CPU/QT/build-proj-nios2-Debug/qtc_nios2_Debug/libHAL.a(altera_avalon_jtag_uart_read.c.o)
                              /home/engineer/GIT/CPU/QT/build-proj-nios2-Debug/qtc_nios2_Debug/libHAL.a(altera_avalon_jtag_uart_fd.c.o) (altera_avalon_jtag_uart_read)
/home/engineer/GIT/CPU/QT/build-proj-nios2-Debug/qtc_nios2_Debug/libHAL.a(altera_avalon_jtag_uart_write.c.o)
                              /home/engineer/GIT/CPU/QT/build-proj-nios2-Debug/qtc_nios2_Debug/libHAL.a(altera_avalon_jtag_uart_fd.c.o) (altera_avalon_jtag_uart_write)
/home/engineer/GIT/CPU/QT/build-proj-nios2-Debug/qtc_nios2_Debug/libHAL.a(alt_find_dev.c.o)
                              /home/engineer/GIT/CPU/QT/build-proj-nios2-Debug/qtc_nios2_Debug/libHAL.a(alt_open.c.o) (alt_find_dev)
[...]
Memory Configuration

Name             Origin             Length             Attributes
reset            0x0000000000800000 0x0000000000000020
new_sdram_controller_0 0x0000000000800020 0x00000000007fffe0
*default*        0x0000000000000000 0xffffffffffffffff

Linker script and memory map

LOAD /home/engineer/GIT/CPU/QT/build-proj-nios2-Debug/qtc_nios2_Debug/crt0.S.o
                0x0000000000800000                __alt_mem_new_sdram_controller_0 = 0x800000

.entry          0x0000000000800000       0x20
 *(.entry)
 .entry         0x0000000000800000       0x20 /home/engineer/GIT/CPU/QT/build-proj-nios2-Debug/qtc_nios2_Debug/crt0.S.o
                0x0000000000800000                __reset

.exceptions     0x0000000000800020        0x0
                0x0000000000800020                PROVIDE (__ram_exceptions_start, ABSOLUTE (.))
                0x0000000000800020                . = ALIGN (0x20)
 *(.irq)
 *(.exceptions.entry.label)
 *(.exceptions.entry.user)
 *(.exceptions.entry.ecc_fatal)
 *(.exceptions.entry)
 *(.exceptions.irqtest.user)
 *(.exceptions.irqtest)
 *(.exceptions.irqhandler.user)
 *(.exceptions.irqhandler)
 *(.exceptions.irqreturn.user)
 *(.exceptions.irqreturn)
 *(.exceptions.notirq.label)
 *(.exceptions.notirq.user)
 *(.exceptions.notirq)
 *(.exceptions.soft.user)
 *(.exceptions.soft)
 *(.exceptions.unknown.user)
 *(.exceptions.unknown)
 *(.exceptions.exit.label)
 *(.exceptions.exit.user)
 *(.exceptions.exit)
 *(.exceptions)
                0x0000000000800020                PROVIDE (__ram_exceptions_end, ABSOLUTE (.))
                0x0000000000800020                PROVIDE (__flash_exceptions_start, LOADADDR (.exceptions))

.text           0x0000000000800020     0x1ee4
                [!provide]                        PROVIDE (stext, ABSOLUTE (.))
 *(.interp)
 *(.hash)
 *(.dynsym)
 *(.dynstr)
 *(.gnu.version)
 *(.gnu.version_d)
 *(.gnu.version_r)
 *(.rel.init)
 *(.rela.init)
 *(.rel.text .rel.text.* .rel.gnu.linkonce.t.*)
 *(.rela.text .rela.text.* .rela.gnu.linkonce.t.*)
 *(.rel.fini)
 *(.rela.fini)
 *(.rel.rodata .rel.rodata.* .rel.gnu.linkonce.r.*)
 *(.rela.rodata .rela.rodata.* .rela.gnu.linkonce.r.*)
 *(.rel.data .rel.data.* .rel.gnu.linkonce.d.*)
 *(.rela.data .rela.data.* .rela.gnu.linkonce.d.*)
 *(.rel.tdata .rel.tdata.* .rel.gnu.linkonce.td.*)
 *(.rela.tdata .rela.tdata.* .rela.gnu.linkonce.td.*)
 *(.rel.tbss .rel.tbss.* .rel.gnu.linkonce.tb.*)
 *(.rela.tbss .rela.tbss.* .rela.gnu.linkonce.tb.*)
 *(.rel.ctors)
 *(.rela.ctors)
 *(.rel.dtors)
 *(.rela.dtors)
 *(.rel.got)
 *(.rela.got)
 *(.rel.sdata .rel.sdata.* .rel.gnu.linkonce.s.*)
 *(.rela.sdata .rela.sdata.* .rela.gnu.linkonce.s.*)
 *(.rel.sbss .rel.sbss.* .rel.gnu.linkonce.sb.*)
 *(.rela.sbss .rela.sbss.* .rela.gnu.linkonce.sb.*)
 *(.rel.sdata2 .rel.sdata2.* .rel.gnu.linkonce.s2.*)
 *(.rela.sdata2 .rela.sdata2.* .rela.gnu.linkonce.s2.*)
 *(.rel.sbss2 .rel.sbss2.* .rel.gnu.linkonce.sb2.*)
 *(.rela.sbss2 .rela.sbss2.* .rela.gnu.linkonce.sb2.*)
 *(.rel.bss .rel.bss.* .rel.gnu.linkonce.b.*)
 *(.rela.bss .rela.bss.* .rela.gnu.linkonce.b.*)
 *(.rel.plt)
 *(.rela.plt)
 *(.rel.dyn)
 *(.init)
 *(.plt)
 *(.text .stub .text.* .gnu.linkonce.t.*)
 .text          0x0000000000800020       0x3c /home/engineer/GIT/CPU/QT/build-proj-nios2-Debug/qtc_nios2_Debug/crt0.S.o
                0x0000000000800020                _start
 .text          0x000000000080005c       0x24 /home/engineer/GIT/CPU/QT/build-proj-nios2-Debug/qtc_nios2_Debug/Application.b291beb8/.obj/1bd4771ef8241d57/func.c.o
                0x000000000080005c                foo
 .text          0x0000000000800080       0x84 /home/engineer/GIT/CPU/QT/build-proj-nios2-Debug/qtc_nios2_Debug/Application.b291beb8/.obj/3a52ce780950d4d9/main.c.o
                0x0000000000800080                main
 .text          0x0000000000800104       0x28 /home/engineer/GIT/CPU/QT/build-proj-nios2-Debug/qtc_nios2_Debug/Application.b291beb8/.obj/ddfd7b431efa41ef/func2.c.o
                0x0000000000800104                foo2
 .text          0x000000000080012c       0xec /home/engineer/GIT/CPU/QT/build-proj-nios2-Debug/qtc_nios2_Debug/libHAL.a(alt_load.c.o)
                0x0000000000800194                alt_load
 .text          0x0000000000800218       0x7c /home/engineer/GIT/CPU/QT/build-proj-nios2-Debug/qtc_nios2_Debug/libHAL.a(alt_main.c.o)
                0x0000000000800218                alt_main
 .text          0x0000000000800294       0x30 /home/engineer/GIT/CPU/QT/build-proj-nios2-Debug/qtc_nios2_Debug/libHAL.a(alt_usleep.c.o)
                0x0000000000800294                usleep
 .text          0x00000000008002c4       0xa0 /home/engineer/GIT/CPU/QT/build-proj-nios2-Debug/qtc_nios2_Debug/libHAL.a(alt_sys_init.c.o)
                0x00000000008002f8                alt_irq_init
                0x0000000000800330                alt_sys_init
 .text          0x0000000000800364      0x158 /home/engineer/GIT/CPU/QT/build-proj-nios2-Debug/qtc_nios2_Debug/libHAL.a(alt_busy_sleep.c.o)
                0x0000000000800364                alt_busy_sleep
 .text          0x00000000008004bc      0x114 /home/engineer/GIT/CPU/QT/build-proj-nios2-Debug/qtc_nios2_Debug/libHAL.a(alt_close.c.o)
                0x00000000008004f8                close
 .text          0x00000000008005d0       0x20 /home/engineer/GIT/CPU/QT/build-proj-nios2-Debug/qtc_nios2_Debug/libHAL.a(alt_dcache_flush_all.c.o)
                0x00000000008005d0                alt_dcache_flush_all
 .text          0x00000000008005f0       0x2c /home/engineer/GIT/CPU/QT/build-proj-nios2-Debug/qtc_nios2_Debug/libHAL.a(alt_dev.c.o)
 .text          0x000000000080061c       0xe0 /home/engineer/GIT/CPU/QT/build-proj-nios2-Debug/qtc_nios2_Debug/libHAL.a(alt_dev_llist_insert.c.o)
                0x0000000000800658                alt_dev_llist_insert
 .text          0x00000000008006fc       0x60 /home/engineer/GIT/CPU/QT/build-proj-nios2-Debug/qtc_nios2_Debug/libHAL.a(alt_do_ctors.c.o)
                0x00000000008006fc                _do_ctors
 .text          0x000000000080075c       0x60 /home/engineer/GIT/CPU/QT/build-proj-nios2-Debug/qtc_nios2_Debug/libHAL.a(alt_do_dtors.c.o)
                0x000000000080075c                _do_dtors
 .text          0x00000000008007bc        0x0 /home/engineer/GIT/CPU/QT/build-proj-nios2-Debug/qtc_nios2_Debug/libHAL.a(alt_errno.c.o)
 .text          0x00000000008007bc       0x20 /home/engineer/GIT/CPU/QT/build-proj-nios2-Debug/qtc_nios2_Debug/libHAL.a(alt_icache_flush_all.c.o)
                0x00000000008007bc                alt_icache_flush_all
 .text          0x00000000008007dc      0x160 /home/engineer/GIT/CPU/QT/build-proj-nios2-Debug/qtc_nios2_Debug/libHAL.a(alt_io_redirect.c.o)
                0x00000000008008c0                alt_io_redirect
 .text          0x000000000080093c      0x284 /home/engineer/GIT/CPU/QT/build-proj-nios2-Debug/qtc_nios2_Debug/libHAL.a(alt_open.c.o)
                0x0000000000800a64                open
 .text          0x0000000000800bc0       0x84 /home/engineer/GIT/CPU/QT/build-proj-nios2-Debug/qtc_nios2_Debug/libHAL.a(alt_release_fd.c.o)
                0x0000000000800bc0                alt_release_fd
 .text          0x0000000000800c44       0x24 /home/engineer/GIT/CPU/QT/build-proj-nios2-Debug/qtc_nios2_Debug/libHAL.a(altera_nios2_gen2_irq.c.o)
                0x0000000000800c44                altera_nios2_gen2_irq_init
 .text          0x0000000000800c68       0xc0 /home/engineer/GIT/CPU/QT/build-proj-nios2-Debug/qtc_nios2_Debug/libHAL.a(altera_avalon_jtag_uart_fd.c.o)
                0x0000000000800c68                altera_avalon_jtag_uart_read_fd
                0x0000000000800cc8                altera_avalon_jtag_uart_write_fd
 .text          0x0000000000800d28       0xec /home/engineer/GIT/CPU/QT/build-proj-nios2-Debug/qtc_nios2_Debug/libHAL.a(altera_avalon_jtag_uart_read.c.o)
                0x0000000000800d28                altera_avalon_jtag_uart_read
 .text          0x0000000000800e14       0x94 /home/engineer/GIT/CPU/QT/build-proj-nios2-Debug/qtc_nios2_Debug/libHAL.a(altera_avalon_jtag_uart_write.c.o)
                0x0000000000800e14                altera_avalon_jtag_uart_write
 .text          0x0000000000800ea8       0x90 /home/engineer/GIT/CPU/QT/build-proj-nios2-Debug/qtc_nios2_Debug/libHAL.a(alt_find_dev.c.o)
                0x0000000000800ea8                alt_find_dev
 .text          0x0000000000800f38      0x108 /home/engineer/GIT/CPU/QT/build-proj-nios2-Debug/qtc_nios2_Debug/libHAL.a(alt_find_file.c.o)
                0x0000000000800f38                alt_find_file
 .text          0x0000000000801040       0xc4 /home/engineer/GIT/CPU/QT/build-proj-nios2-Debug/qtc_nios2_Debug/libHAL.a(alt_get_fd.c.o)
                0x0000000000801040                alt_get_fd
 .text          0x0000000000801104      0x1b4 /home/engineer/intelFPGA/16.1/nios2eds/bin/gnu/H-x86_64-pc-linux-gnu/bin/../lib/gcc/nios2-elf/5.3.0/mno-hw-mul/libgcc.a(lib2-divmod.o)
                0x0000000000801104                __divsi3
                0x0000000000801188                __modsi3
                0x00000000008011fc                __udivsi3
                0x0000000000801260                __umodsi3
 .text          0x00000000008012b8       0x28 /home/engineer/intelFPGA/16.1/nios2eds/bin/gnu/H-x86_64-pc-linux-gnu/bin/../lib/gcc/nios2-elf/5.3.0/mno-hw-mul/libgcc.a(lib2-mul.o)
                0x00000000008012b8                __mulsi3
 .text          0x00000000008012e0        0x0 /home/engineer/intelFPGA/16.1/nios2eds/bin/gnu/H-x86_64-pc-linux-gnu/bin/../lib/gcc/nios2-elf/5.3.0/../../../../../H-x86_64-pc-linux-gnu/nios2-elf/lib/mno-hw-mul/libsmallc.a(lib_a-atexit.o)
 .text.atexit   0x00000000008012e0       0x14 /home/engineer/intelFPGA/16.1/nios2eds/bin/gnu/H-x86_64-pc-linux-gnu/bin/../lib/gcc/nios2-elf/5.3.0/../../../../../H-x86_64-pc-linux-gnu/nios2-elf/lib/mno-hw-mul/libsmallc.a(lib_a-atexit.o)
                0x00000000008012e0                atexit
 .text          0x00000000008012f4        0x0 /home/engineer/intelFPGA/16.1/nios2eds/bin/gnu/H-x86_64-pc-linux-gnu/bin/../lib/gcc/nios2-elf/5.3.0/../../../../../H-x86_64-pc-linux-gnu/nios2-elf/lib/mno-hw-mul/libsmallc.a(lib_a-exit.o)
 .text.exit     0x00000000008012f4       0x20 /home/engineer/intelFPGA/16.1/nios2eds/bin/gnu/H-x86_64-pc-linux-gnu/bin/../lib/gcc/nios2-elf/5.3.0/../../../../../H-x86_64-pc-linux-gnu/nios2-elf/lib/mno-hw-mul/libsmallc.a(lib_a-exit.o)
                0x00000000008012f4                exit
 .text          0x0000000000801314        0x0 /home/engineer/intelFPGA/16.1/nios2eds/bin/gnu/H-x86_64-pc-linux-gnu/bin/../lib/gcc/nios2-elf/5.3.0/../../../../../H-x86_64-pc-linux-gnu/nios2-elf/lib/mno-hw-mul/libsmallc.a(lib_a-int_errno.o)
 .text          0x0000000000801314        0x0 /home/engineer/intelFPGA/16.1/nios2eds/bin/gnu/H-x86_64-pc-linux-gnu/bin/../lib/gcc/nios2-elf/5.3.0/../../../../../H-x86_64-pc-linux-gnu/nios2-elf/lib/mno-hw-mul/libsmallc.a(lib_a-memcmp.o)
 .text.memcmp   0x0000000000801314       0x30 /home/engineer/intelFPGA/16.1/nios2eds/bin/gnu/H-x86_64-pc-linux-gnu/bin/../lib/gcc/nios2-elf/5.3.0/../../../../../H-x86_64-pc-linux-gnu/nios2-elf/lib/mno-hw-mul/libsmallc.a(lib_a-memcmp.o)
                0x0000000000801314                memcmp
 .text          0x0000000000801344        0x0 /home/engineer/intelFPGA/16.1/nios2eds/bin/gnu/H-x86_64-pc-linux-gnu/bin/../lib/gcc/nios2-elf/5.3.0/../../../../../H-x86_64-pc-linux-gnu/nios2-elf/lib/mno-hw-mul/libsmallc.a(lib_a-printf.o)
 .text._printf_r
                0x0000000000801344       0x3c /home/engineer/intelFPGA/16.1/nios2eds/bin/gnu/H-x86_64-pc-linux-gnu/bin/../lib/gcc/nios2-elf/5.3.0/../../../../../H-x86_64-pc-linux-gnu/nios2-elf/lib/mno-hw-mul/libsmallc.a(lib_a-printf.o)
                0x0000000000801344                _printf_r
 .text.printf   0x0000000000801380       0x4c /home/engineer/intelFPGA/16.1/nios2eds/bin/gnu/H-x86_64-pc-linux-gnu/bin/../lib/gcc/nios2-elf/5.3.0/../../../../../H-x86_64-pc-linux-gnu/nios2-elf/lib/mno-hw-mul/libsmallc.a(lib_a-printf.o)
                0x0000000000801380                printf
 .text          0x00000000008013cc        0x0 /home/engineer/intelFPGA/16.1/nios2eds/bin/gnu/H-x86_64-pc-linux-gnu/bin/../lib/gcc/nios2-elf/5.3.0/../../../../../H-x86_64-pc-linux-gnu/nios2-elf/lib/mno-hw-mul/libsmallc.a(lib_a-strlen.o)
 .text.strlen   0x00000000008013cc       0x1c /home/engineer/intelFPGA/16.1/nios2eds/bin/gnu/H-x86_64-pc-linux-gnu/bin/../lib/gcc/nios2-elf/5.3.0/../../../../../H-x86_64-pc-linux-gnu/nios2-elf/lib/mno-hw-mul/libsmallc.a(lib_a-strlen.o)
                0x00000000008013cc                strlen
 .text          0x00000000008013e8        0x0 /home/engineer/intelFPGA/16.1/nios2eds/bin/gnu/H-x86_64-pc-linux-gnu/bin/../lib/gcc/nios2-elf/5.3.0/../../../../../H-x86_64-pc-linux-gnu/nios2-elf/lib/mno-hw-mul/libsmallc.a(lib_a-vfprintf.o)
 .text.print_repeat
                0x00000000008013e8       0x6c /home/engineer/intelFPGA/16.1/nios2eds/bin/gnu/H-x86_64-pc-linux-gnu/bin/../lib/gcc/nios2-elf/5.3.0/../../../../../H-x86_64-pc-linux-gnu/nios2-elf/lib/mno-hw-mul/libsmallc.a(lib_a-vfprintf.o)
 .text.___vfprintf_internal_r
                0x0000000000801454      0x52c /home/engineer/intelFPGA/16.1/nios2eds/bin/gnu/H-x86_64-pc-linux-gnu/bin/../lib/gcc/nios2-elf/5.3.0/../../../../../H-x86_64-pc-linux-gnu/nios2-elf/lib/mno-hw-mul/libsmallc.a(lib_a-vfprintf.o)
                0x0000000000801454                ___vfprintf_internal_r
 .text.__vfprintf_internal
                0x0000000000801980       0x1c /home/engineer/intelFPGA/16.1/nios2eds/bin/gnu/H-x86_64-pc-linux-gnu/bin/../lib/gcc/nios2-elf/5.3.0/../../../../../H-x86_64-pc-linux-gnu/nios2-elf/lib/mno-hw-mul/libsmallc.a(lib_a-vfprintf.o)
                0x0000000000801980                __vfprintf_internal
 .text          0x000000000080199c        0x0 /home/engineer/intelFPGA/16.1/nios2eds/bin/gnu/H-x86_64-pc-linux-gnu/bin/../lib/gcc/nios2-elf/5.3.0/../../../../../H-x86_64-pc-linux-gnu/nios2-elf/lib/mno-hw-mul/libsmallc.a(lib_a-__atexit.o)
 .text.__register_exitproc
                0x000000000080199c      0x158 /home/engineer/intelFPGA/16.1/nios2eds/bin/gnu/H-x86_64-pc-linux-gnu/bin/../lib/gcc/nios2-elf/5.3.0/../../../../../H-x86_64-pc-linux-gnu/nios2-elf/lib/mno-hw-mul/libsmallc.a(lib_a-__atexit.o)
                0x000000000080199c                __register_exitproc
 .text          0x0000000000801af4        0x0 /home/engineer/intelFPGA/16.1/nios2eds/bin/gnu/H-x86_64-pc-linux-gnu/bin/../lib/gcc/nios2-elf/5.3.0/../../../../../H-x86_64-pc-linux-gnu/nios2-elf/lib/mno-hw-mul/libsmallc.a(lib_a-__call_atexit.o)
 .text.__call_exitprocs
                0x0000000000801af4      0x190 /home/engineer/intelFPGA/16.1/nios2eds/bin/gnu/H-x86_64-pc-linux-gnu/bin/../lib/gcc/nios2-elf/5.3.0/../../../../../H-x86_64-pc-linux-gnu/nios2-elf/lib/mno-hw-mul/libsmallc.a(lib_a-__call_atexit.o)
                0x0000000000801af4                __call_exitprocs
 .text          0x0000000000801c84        0x0 /home/engineer/intelFPGA/16.1/nios2eds/bin/gnu/H-x86_64-pc-linux-gnu/bin/../lib/gcc/nios2-elf/5.3.0/../../../../../H-x86_64-pc-linux-gnu/nios2-elf/lib/mno-hw-mul/libsmallc.a(lib_a-fvwrite_small_dev.o)
 .text.__sfvwrite_small_dev
                0x0000000000801c84       0xb8 /home/engineer/intelFPGA/16.1/nios2eds/bin/gnu/H-x86_64-pc-linux-gnu/bin/../lib/gcc/nios2-elf/5.3.0/../../../../../H-x86_64-pc-linux-gnu/nios2-elf/lib/mno-hw-mul/libsmallc.a(lib_a-fvwrite_small_dev.o)
                0x0000000000801c84                __sfvwrite_small_dev
 .text          0x0000000000801d3c        0x0 /home/engineer/intelFPGA/16.1/nios2eds/bin/gnu/H-x86_64-pc-linux-gnu/bin/../lib/gcc/nios2-elf/5.3.0/../../../../../H-x86_64-pc-linux-gnu/nios2-elf/lib/mno-hw-mul/libsmallc.a(lib_a-impure.o)
 .text          0x0000000000801d3c        0x0 /home/engineer/intelFPGA/16.1/nios2eds/bin/gnu/H-x86_64-pc-linux-gnu/bin/../lib/gcc/nios2-elf/5.3.0/../../../../../H-x86_64-pc-linux-gnu/nios2-elf/lib/mno-hw-mul/libsmallc.a(lib_a-writer.o)
 .text._write_r
                0x0000000000801d3c       0x58 /home/engineer/intelFPGA/16.1/nios2eds/bin/gnu/H-x86_64-pc-linux-gnu/bin/../lib/gcc/nios2-elf/5.3.0/../../../../../H-x86_64-pc-linux-gnu/nios2-elf/lib/mno-hw-mul/libsmallc.a(lib_a-writer.o)
                0x0000000000801d3c                _write_r
 .text          0x0000000000801d94       0x34 /home/engineer/GIT/CPU/QT/build-proj-nios2-Debug/qtc_nios2_Debug/libHAL.a(alt_exit.c.o)
                0x0000000000801d94                _exit
 .text          0x0000000000801dc8      0x13c /home/engineer/GIT/CPU/QT/build-proj-nios2-Debug/qtc_nios2_Debug/libHAL.a(alt_write.c.o)
                0x0000000000801e04                write
 *(.gnu.warning.*)
 *(.fini)
                [!provide]                        PROVIDE (__etext, ABSOLUTE (.))
                [!provide]                        PROVIDE (_etext, ABSOLUTE (.))
                [!provide]                        PROVIDE (etext, ABSOLUTE (.))
 *(.eh_frame_hdr)
                0x0000000000801f04                . = ALIGN (0x4)
                [!provide]                        PROVIDE (__preinit_array_start, ABSOLUTE (.))
 *(.preinit_array)
                [!provide]                        PROVIDE (__preinit_array_end, ABSOLUTE (.))
                [!provide]                        PROVIDE (__init_array_start, ABSOLUTE (.))
 *(.init_array)
                [!provide]                        PROVIDE (__init_array_end, ABSOLUTE (.))
                [!provide]                        PROVIDE (__fini_array_start, ABSOLUTE (.))
 *(.fini_array)
                [!provide]                        PROVIDE (__fini_array_end, ABSOLUTE (.))
 *(.eh_frame)
 *(.gcc_except_table .gcc_except_table.*)
 *(.dynamic)
                0x0000000000801f04                PROVIDE (__CTOR_LIST__, ABSOLUTE (.))
 *(.ctors)
 *(SORT(.ctors.*))
                0x0000000000801f04                PROVIDE (__CTOR_END__, ABSOLUTE (.))
                0x0000000000801f04                PROVIDE (__DTOR_LIST__, ABSOLUTE (.))
 *(.dtors)
 *(SORT(.dtors.*))
                0x0000000000801f04                PROVIDE (__DTOR_END__, ABSOLUTE (.))
 *(.jcr)
                0x0000000000801f04                . = ALIGN (0x4)

.rodata         0x0000000000801f04       0x64
                0x0000000000801f04                PROVIDE (__ram_rodata_start, ABSOLUTE (.))
                0x0000000000801f04                . = ALIGN (0x4)
 *(.rodata .rodata.* .gnu.linkonce.r.*)
 .rodata        0x0000000000801f04       0x2d /home/engineer/GIT/CPU/QT/build-proj-nios2-Debug/qtc_nios2_Debug/Application.b291beb8/.obj/3a52ce780950d4d9/main.c.o
 *fill*         0x0000000000801f31        0x3 
 .rodata        0x0000000000801f34       0x11 /home/engineer/GIT/CPU/QT/build-proj-nios2-Debug/qtc_nios2_Debug/libHAL.a(alt_main.c.o)
 *fill*         0x0000000000801f45        0x3 
 .rodata        0x0000000000801f48       0x11 /home/engineer/GIT/CPU/QT/build-proj-nios2-Debug/qtc_nios2_Debug/libHAL.a(alt_sys_init.c.o)
 *fill*         0x0000000000801f59        0x3 
 .rodata        0x0000000000801f5c        0xa /home/engineer/GIT/CPU/QT/build-proj-nios2-Debug/qtc_nios2_Debug/libHAL.a(alt_dev.c.o)
 *(.rodata1)
                0x0000000000801f68                . = ALIGN (0x4)
 *fill*         0x0000000000801f66        0x2 
                0x0000000000801f68                PROVIDE (__ram_rodata_end, ABSOLUTE (.))
                0x0000000000801f04                PROVIDE (__flash_rodata_start, LOADADDR (.rodata))

.rwdata         0x0000000000801f68      0x2d4 load address 0x000000000080223c
                0x0000000000801f68                PROVIDE (__ram_rwdata_start, ABSOLUTE (.))
                0x0000000000801f68                . = ALIGN (0x4)
 *(.got.plt)
 *(.got)
 *(.data1)
 *(.data .data.* .gnu.linkonce.d.*)
 .data          0x0000000000801f68        0x0 /home/engineer/GIT/CPU/QT/build-proj-nios2-Debug/qtc_nios2_Debug/crt0.S.o
 .data          0x0000000000801f68        0x0 /home/engineer/GIT/CPU/QT/build-proj-nios2-Debug/qtc_nios2_Debug/Application.b291beb8/.obj/1bd4771ef8241d57/func.c.o
 .data          0x0000000000801f68        0x0 /home/engineer/GIT/CPU/QT/build-proj-nios2-Debug/qtc_nios2_Debug/Application.b291beb8/.obj/3a52ce780950d4d9/main.c.o
 .data          0x0000000000801f68        0x0 /home/engineer/GIT/CPU/QT/build-proj-nios2-Debug/qtc_nios2_Debug/Application.b291beb8/.obj/ddfd7b431efa41ef/func2.c.o
 .data          0x0000000000801f68        0x0 /home/engineer/GIT/CPU/QT/build-proj-nios2-Debug/qtc_nios2_Debug/libHAL.a(alt_load.c.o)
 .data          0x0000000000801f68        0x0 /home/engineer/GIT/CPU/QT/build-proj-nios2-Debug/qtc_nios2_Debug/libHAL.a(alt_main.c.o)
 .data          0x0000000000801f68        0x0 /home/engineer/GIT/CPU/QT/build-proj-nios2-Debug/qtc_nios2_Debug/libHAL.a(alt_usleep.c.o)
 .data          0x0000000000801f68       0x2c /home/engineer/GIT/CPU/QT/build-proj-nios2-Debug/qtc_nios2_Debug/libHAL.a(alt_sys_init.c.o)
 .data          0x0000000000801f94        0x0 /home/engineer/GIT/CPU/QT/build-proj-nios2-Debug/qtc_nios2_Debug/libHAL.a(alt_busy_sleep.c.o)
 .data          0x0000000000801f94        0x0 /home/engineer/GIT/CPU/QT/build-proj-nios2-Debug/qtc_nios2_Debug/libHAL.a(alt_close.c.o)
 .data          0x0000000000801f94        0x0 /home/engineer/GIT/CPU/QT/build-proj-nios2-Debug/qtc_nios2_Debug/libHAL.a(alt_dcache_flush_all.c.o)
 .data          0x0000000000801f94      0x1a8 /home/engineer/GIT/CPU/QT/build-proj-nios2-Debug/qtc_nios2_Debug/libHAL.a(alt_dev.c.o)
                0x0000000000801f94                alt_dev_null
                0x0000000000801fbc                alt_fd_list
 .data          0x000000000080213c        0x0 /home/engineer/GIT/CPU/QT/build-proj-nios2-Debug/qtc_nios2_Debug/libHAL.a(alt_dev_llist_insert.c.o)
 .data          0x000000000080213c        0x0 /home/engineer/GIT/CPU/QT/build-proj-nios2-Debug/qtc_nios2_Debug/libHAL.a(alt_do_ctors.c.o)
 .data          0x000000000080213c        0x0 /home/engineer/GIT/CPU/QT/build-proj-nios2-Debug/qtc_nios2_Debug/libHAL.a(alt_do_dtors.c.o)
 .data          0x000000000080213c        0x0 /home/engineer/GIT/CPU/QT/build-proj-nios2-Debug/qtc_nios2_Debug/libHAL.a(alt_errno.c.o)
 .data          0x000000000080213c        0x0 /home/engineer/GIT/CPU/QT/build-proj-nios2-Debug/qtc_nios2_Debug/libHAL.a(alt_icache_flush_all.c.o)
 .data          0x000000000080213c        0x0 /home/engineer/GIT/CPU/QT/build-proj-nios2-Debug/qtc_nios2_Debug/libHAL.a(alt_io_redirect.c.o)
 .data          0x000000000080213c        0x0 /home/engineer/GIT/CPU/QT/build-proj-nios2-Debug/qtc_nios2_Debug/libHAL.a(alt_open.c.o)
 .data          0x000000000080213c        0x0 /home/engineer/GIT/CPU/QT/build-proj-nios2-Debug/qtc_nios2_Debug/libHAL.a(alt_release_fd.c.o)
 .data          0x000000000080213c        0x0 /home/engineer/GIT/CPU/QT/build-proj-nios2-Debug/qtc_nios2_Debug/libHAL.a(altera_nios2_gen2_irq.c.o)
 .data          0x000000000080213c        0x0 /home/engineer/GIT/CPU/QT/build-proj-nios2-Debug/qtc_nios2_Debug/libHAL.a(altera_avalon_jtag_uart_fd.c.o)
 .data          0x000000000080213c        0x0 /home/engineer/GIT/CPU/QT/build-proj-nios2-Debug/qtc_nios2_Debug/libHAL.a(altera_avalon_jtag_uart_read.c.o)
 .data          0x000000000080213c        0x0 /home/engineer/GIT/CPU/QT/build-proj-nios2-Debug/qtc_nios2_Debug/libHAL.a(altera_avalon_jtag_uart_write.c.o)
 .data          0x000000000080213c        0x0 /home/engineer/GIT/CPU/QT/build-proj-nios2-Debug/qtc_nios2_Debug/libHAL.a(alt_find_dev.c.o)
 .data          0x000000000080213c        0x0 /home/engineer/GIT/CPU/QT/build-proj-nios2-Debug/qtc_nios2_Debug/libHAL.a(alt_find_file.c.o)
 .data          0x000000000080213c        0x0 /home/engineer/GIT/CPU/QT/build-proj-nios2-Debug/qtc_nios2_Debug/libHAL.a(alt_get_fd.c.o)
 .data          0x000000000080213c        0x0 /home/engineer/intelFPGA/16.1/nios2eds/bin/gnu/H-x86_64-pc-linux-gnu/bin/../lib/gcc/nios2-elf/5.3.0/mno-hw-mul/libgcc.a(lib2-divmod.o)
 .data          0x000000000080213c        0x0 /home/engineer/intelFPGA/16.1/nios2eds/bin/gnu/H-x86_64-pc-linux-gnu/bin/../lib/gcc/nios2-elf/5.3.0/mno-hw-mul/libgcc.a(lib2-mul.o)
 .data          0x000000000080213c        0x0 /home/engineer/intelFPGA/16.1/nios2eds/bin/gnu/H-x86_64-pc-linux-gnu/bin/../lib/gcc/nios2-elf/5.3.0/../../../../../H-x86_64-pc-linux-gnu/nios2-elf/lib/mno-hw-mul/libsmallc.a(lib_a-atexit.o)
 .data          0x000000000080213c        0x0 /home/engineer/intelFPGA/16.1/nios2eds/bin/gnu/H-x86_64-pc-linux-gnu/bin/../lib/gcc/nios2-elf/5.3.0/../../../../../H-x86_64-pc-linux-gnu/nios2-elf/lib/mno-hw-mul/libsmallc.a(lib_a-exit.o)
 .data          0x000000000080213c        0x0 /home/engineer/intelFPGA/16.1/nios2eds/bin/gnu/H-x86_64-pc-linux-gnu/bin/../lib/gcc/nios2-elf/5.3.0/../../../../../H-x86_64-pc-linux-gnu/nios2-elf/lib/mno-hw-mul/libsmallc.a(lib_a-int_errno.o)
 .data          0x000000000080213c        0x0 /home/engineer/intelFPGA/16.1/nios2eds/bin/gnu/H-x86_64-pc-linux-gnu/bin/../lib/gcc/nios2-elf/5.3.0/../../../../../H-x86_64-pc-linux-gnu/nios2-elf/lib/mno-hw-mul/libsmallc.a(lib_a-memcmp.o)
 .data          0x000000000080213c        0x0 /home/engineer/intelFPGA/16.1/nios2eds/bin/gnu/H-x86_64-pc-linux-gnu/bin/../lib/gcc/nios2-elf/5.3.0/../../../../../H-x86_64-pc-linux-gnu/nios2-elf/lib/mno-hw-mul/libsmallc.a(lib_a-printf.o)
 .data          0x000000000080213c        0x0 /home/engineer/intelFPGA/16.1/nios2eds/bin/gnu/H-x86_64-pc-linux-gnu/bin/../lib/gcc/nios2-elf/5.3.0/../../../../../H-x86_64-pc-linux-gnu/nios2-elf/lib/mno-hw-mul/libsmallc.a(lib_a-strlen.o)
 .data          0x000000000080213c        0x0 /home/engineer/intelFPGA/16.1/nios2eds/bin/gnu/H-x86_64-pc-linux-gnu/bin/../lib/gcc/nios2-elf/5.3.0/../../../../../H-x86_64-pc-linux-gnu/nios2-elf/lib/mno-hw-mul/libsmallc.a(lib_a-vfprintf.o)
 .data          0x000000000080213c        0x0 /home/engineer/intelFPGA/16.1/nios2eds/bin/gnu/H-x86_64-pc-linux-gnu/bin/../lib/gcc/nios2-elf/5.3.0/../../../../../H-x86_64-pc-linux-gnu/nios2-elf/lib/mno-hw-mul/libsmallc.a(lib_a-__atexit.o)
 .data          0x000000000080213c        0x0 /home/engineer/intelFPGA/16.1/nios2eds/bin/gnu/H-x86_64-pc-linux-gnu/bin/../lib/gcc/nios2-elf/5.3.0/../../../../../H-x86_64-pc-linux-gnu/nios2-elf/lib/mno-hw-mul/libsmallc.a(lib_a-__call_atexit.o)
 .data          0x000000000080213c        0x0 /home/engineer/intelFPGA/16.1/nios2eds/bin/gnu/H-x86_64-pc-linux-gnu/bin/../lib/gcc/nios2-elf/5.3.0/../../../../../H-x86_64-pc-linux-gnu/nios2-elf/lib/mno-hw-mul/libsmallc.a(lib_a-fvwrite_small_dev.o)
 .data          0x000000000080213c        0x0 /home/engineer/intelFPGA/16.1/nios2eds/bin/gnu/H-x86_64-pc-linux-gnu/bin/../lib/gcc/nios2-elf/5.3.0/../../../../../H-x86_64-pc-linux-gnu/nios2-elf/lib/mno-hw-mul/libsmallc.a(lib_a-impure.o)
 .data.impure_data
                0x000000000080213c       0xe0 /home/engineer/intelFPGA/16.1/nios2eds/bin/gnu/H-x86_64-pc-linux-gnu/bin/../lib/gcc/nios2-elf/5.3.0/../../../../../H-x86_64-pc-linux-gnu/nios2-elf/lib/mno-hw-mul/libsmallc.a(lib_a-impure.o)
 .data          0x000000000080221c        0x0 /home/engineer/intelFPGA/16.1/nios2eds/bin/gnu/H-x86_64-pc-linux-gnu/bin/../lib/gcc/nios2-elf/5.3.0/../../../../../H-x86_64-pc-linux-gnu/nios2-elf/lib/mno-hw-mul/libsmallc.a(lib_a-writer.o)
 .data          0x000000000080221c        0x0 /home/engineer/GIT/CPU/QT/build-proj-nios2-Debug/qtc_nios2_Debug/libHAL.a(alt_exit.c.o)
 .data          0x000000000080221c        0x0 /home/engineer/GIT/CPU/QT/build-proj-nios2-Debug/qtc_nios2_Debug/libHAL.a(alt_write.c.o)
                0x000000000080a21c                _gp = ABSOLUTE ((. + 0x8000))
                [!provide]                        PROVIDE (gp, _gp)
 *(.rwdata .rwdata.*)
 *(.sdata .sdata.* .gnu.linkonce.s.*)
 .sdata         0x000000000080221c       0x14 /home/engineer/GIT/CPU/QT/build-proj-nios2-Debug/qtc_nios2_Debug/libHAL.a(alt_dev.c.o)
                0x000000000080221c                alt_fs_list
                0x0000000000802224                alt_dev_list
                0x000000000080222c                alt_max_fd
 .sdata         0x0000000000802230        0x4 /home/engineer/GIT/CPU/QT/build-proj-nios2-Debug/qtc_nios2_Debug/libHAL.a(alt_errno.c.o)
                0x0000000000802230                alt_errno
 .sdata._global_impure_ptr
                0x0000000000802234        0x4 /home/engineer/intelFPGA/16.1/nios2eds/bin/gnu/H-x86_64-pc-linux-gnu/bin/../lib/gcc/nios2-elf/5.3.0/../../../../../H-x86_64-pc-linux-gnu/nios2-elf/lib/mno-hw-mul/libsmallc.a(lib_a-impure.o)
                0x0000000000802234                _global_impure_ptr
 .sdata._impure_ptr
                0x0000000000802238        0x4 /home/engineer/intelFPGA/16.1/nios2eds/bin/gnu/H-x86_64-pc-linux-gnu/bin/../lib/gcc/nios2-elf/5.3.0/../../../../../H-x86_64-pc-linux-gnu/nios2-elf/lib/mno-hw-mul/libsmallc.a(lib_a-impure.o)
                0x0000000000802238                _impure_ptr
 *(.sdata2 .sdata2.* .gnu.linkonce.s2.*)
                0x000000000080223c                . = ALIGN (0x4)
                0x000000000080223c                _edata = ABSOLUTE (.)
                [!provide]                        PROVIDE (edata, ABSOLUTE (.))
                0x000000000080223c                PROVIDE (__ram_rwdata_end, ABSOLUTE (.))
                0x000000000080223c                PROVIDE (__flash_rwdata_start, LOADADDR (.rwdata))

.bss            0x0000000000802510       0x10
                0x0000000000802510                __bss_start = ABSOLUTE (.)
                [!provide]                        PROVIDE (__sbss_start, ABSOLUTE (.))
                [!provide]                        PROVIDE (___sbss_start, ABSOLUTE (.))
 *(.dynsbss)
 *(.sbss .sbss.* .gnu.linkonce.sb.*)
 .sbss          0x0000000000802510        0xc /home/engineer/GIT/CPU/QT/build-proj-nios2-Debug/qtc_nios2_Debug/libHAL.a(alt_main.c.o)
                0x0000000000802510                alt_argc
                0x0000000000802514                alt_argv
                0x0000000000802518                alt_envp
 .sbss          0x000000000080251c        0x4 /home/engineer/intelFPGA/16.1/nios2eds/bin/gnu/H-x86_64-pc-linux-gnu/bin/../lib/gcc/nios2-elf/5.3.0/../../../../../H-x86_64-pc-linux-gnu/nios2-elf/lib/mno-hw-mul/libsmallc.a(lib_a-int_errno.o)
                0x000000000080251c                errno
 *(.sbss2 .sbss2.* .gnu.linkonce.sb2.*)
 *(.scommon)
                [!provide]                        PROVIDE (__sbss_end, ABSOLUTE (.))
                [!provide]                        PROVIDE (___sbss_end, ABSOLUTE (.))
 *(.dynbss)
 *(.bss .bss.* .gnu.linkonce.b.*)
 .bss           0x0000000000802520        0x0 /home/engineer/GIT/CPU/QT/build-proj-nios2-Debug/qtc_nios2_Debug/crt0.S.o
 .bss           0x0000000000802520        0x0 /home/engineer/GIT/CPU/QT/build-proj-nios2-Debug/qtc_nios2_Debug/Application.b291beb8/.obj/1bd4771ef8241d57/func.c.o
 .bss           0x0000000000802520        0x0 /home/engineer/GIT/CPU/QT/build-proj-nios2-Debug/qtc_nios2_Debug/Application.b291beb8/.obj/3a52ce780950d4d9/main.c.o
 .bss           0x0000000000802520        0x0 /home/engineer/GIT/CPU/QT/build-proj-nios2-Debug/qtc_nios2_Debug/Application.b291beb8/.obj/ddfd7b431efa41ef/func2.c.o
 .bss           0x0000000000802520        0x0 /home/engineer/GIT/CPU/QT/build-proj-nios2-Debug/qtc_nios2_Debug/libHAL.a(alt_load.c.o)
 .bss           0x0000000000802520        0x0 /home/engineer/GIT/CPU/QT/build-proj-nios2-Debug/qtc_nios2_Debug/libHAL.a(alt_main.c.o)
 .bss           0x0000000000802520        0x0 /home/engineer/GIT/CPU/QT/build-proj-nios2-Debug/qtc_nios2_Debug/libHAL.a(alt_usleep.c.o)
 .bss           0x0000000000802520        0x0 /home/engineer/GIT/CPU/QT/build-proj-nios2-Debug/qtc_nios2_Debug/libHAL.a(alt_sys_init.c.o)
 .bss           0x0000000000802520        0x0 /home/engineer/GIT/CPU/QT/build-proj-nios2-Debug/qtc_nios2_Debug/libHAL.a(alt_busy_sleep.c.o)
 .bss           0x0000000000802520        0x0 /home/engineer/GIT/CPU/QT/build-proj-nios2-Debug/qtc_nios2_Debug/libHAL.a(alt_close.c.o)
 .bss           0x0000000000802520        0x0 /home/engineer/GIT/CPU/QT/build-proj-nios2-Debug/qtc_nios2_Debug/libHAL.a(alt_dcache_flush_all.c.o)
 .bss           0x0000000000802520        0x0 /home/engineer/GIT/CPU/QT/build-proj-nios2-Debug/qtc_nios2_Debug/libHAL.a(alt_dev.c.o)
 .bss           0x0000000000802520        0x0 /home/engineer/GIT/CPU/QT/build-proj-nios2-Debug/qtc_nios2_Debug/libHAL.a(alt_dev_llist_insert.c.o)
 .bss           0x0000000000802520        0x0 /home/engineer/GIT/CPU/QT/build-proj-nios2-Debug/qtc_nios2_Debug/libHAL.a(alt_do_ctors.c.o)
 .bss           0x0000000000802520        0x0 /home/engineer/GIT/CPU/QT/build-proj-nios2-Debug/qtc_nios2_Debug/libHAL.a(alt_do_dtors.c.o)
 .bss           0x0000000000802520        0x0 /home/engineer/GIT/CPU/QT/build-proj-nios2-Debug/qtc_nios2_Debug/libHAL.a(alt_errno.c.o)
 .bss           0x0000000000802520        0x0 /home/engineer/GIT/CPU/QT/build-proj-nios2-Debug/qtc_nios2_Debug/libHAL.a(alt_icache_flush_all.c.o)
 .bss           0x0000000000802520        0x0 /home/engineer/GIT/CPU/QT/build-proj-nios2-Debug/qtc_nios2_Debug/libHAL.a(alt_io_redirect.c.o)
 .bss           0x0000000000802520        0x0 /home/engineer/GIT/CPU/QT/build-proj-nios2-Debug/qtc_nios2_Debug/libHAL.a(alt_open.c.o)
 .bss           0x0000000000802520        0x0 /home/engineer/GIT/CPU/QT/build-proj-nios2-Debug/qtc_nios2_Debug/libHAL.a(alt_release_fd.c.o)
 .bss           0x0000000000802520        0x0 /home/engineer/GIT/CPU/QT/build-proj-nios2-Debug/qtc_nios2_Debug/libHAL.a(altera_nios2_gen2_irq.c.o)
 .bss           0x0000000000802520        0x0 /home/engineer/GIT/CPU/QT/build-proj-nios2-Debug/qtc_nios2_Debug/libHAL.a(altera_avalon_jtag_uart_fd.c.o)
 .bss           0x0000000000802520        0x0 /home/engineer/GIT/CPU/QT/build-proj-nios2-Debug/qtc_nios2_Debug/libHAL.a(altera_avalon_jtag_uart_read.c.o)
 .bss           0x0000000000802520        0x0 /home/engineer/GIT/CPU/QT/build-proj-nios2-Debug/qtc_nios2_Debug/libHAL.a(altera_avalon_jtag_uart_write.c.o)
 .bss           0x0000000000802520        0x0 /home/engineer/GIT/CPU/QT/build-proj-nios2-Debug/qtc_nios2_Debug/libHAL.a(alt_find_dev.c.o)
 .bss           0x0000000000802520        0x0 /home/engineer/GIT/CPU/QT/build-proj-nios2-Debug/qtc_nios2_Debug/libHAL.a(alt_find_file.c.o)
 .bss           0x0000000000802520        0x0 /home/engineer/GIT/CPU/QT/build-proj-nios2-Debug/qtc_nios2_Debug/libHAL.a(alt_get_fd.c.o)
 .bss           0x0000000000802520        0x0 /home/engineer/intelFPGA/16.1/nios2eds/bin/gnu/H-x86_64-pc-linux-gnu/bin/../lib/gcc/nios2-elf/5.3.0/mno-hw-mul/libgcc.a(lib2-divmod.o)
 .bss           0x0000000000802520        0x0 /home/engineer/intelFPGA/16.1/nios2eds/bin/gnu/H-x86_64-pc-linux-gnu/bin/../lib/gcc/nios2-elf/5.3.0/mno-hw-mul/libgcc.a(lib2-mul.o)
 .bss           0x0000000000802520        0x0 /home/engineer/intelFPGA/16.1/nios2eds/bin/gnu/H-x86_64-pc-linux-gnu/bin/../lib/gcc/nios2-elf/5.3.0/../../../../../H-x86_64-pc-linux-gnu/nios2-elf/lib/mno-hw-mul/libsmallc.a(lib_a-atexit.o)
 .bss           0x0000000000802520        0x0 /home/engineer/intelFPGA/16.1/nios2eds/bin/gnu/H-x86_64-pc-linux-gnu/bin/../lib/gcc/nios2-elf/5.3.0/../../../../../H-x86_64-pc-linux-gnu/nios2-elf/lib/mno-hw-mul/libsmallc.a(lib_a-exit.o)
 .bss           0x0000000000802520        0x0 /home/engineer/intelFPGA/16.1/nios2eds/bin/gnu/H-x86_64-pc-linux-gnu/bin/../lib/gcc/nios2-elf/5.3.0/../../../../../H-x86_64-pc-linux-gnu/nios2-elf/lib/mno-hw-mul/libsmallc.a(lib_a-int_errno.o)
 .bss           0x0000000000802520        0x0 /home/engineer/intelFPGA/16.1/nios2eds/bin/gnu/H-x86_64-pc-linux-gnu/bin/../lib/gcc/nios2-elf/5.3.0/../../../../../H-x86_64-pc-linux-gnu/nios2-elf/lib/mno-hw-mul/libsmallc.a(lib_a-memcmp.o)
 .bss           0x0000000000802520        0x0 /home/engineer/intelFPGA/16.1/nios2eds/bin/gnu/H-x86_64-pc-linux-gnu/bin/../lib/gcc/nios2-elf/5.3.0/../../../../../H-x86_64-pc-linux-gnu/nios2-elf/lib/mno-hw-mul/libsmallc.a(lib_a-printf.o)
 .bss           0x0000000000802520        0x0 /home/engineer/intelFPGA/16.1/nios2eds/bin/gnu/H-x86_64-pc-linux-gnu/bin/../lib/gcc/nios2-elf/5.3.0/../../../../../H-x86_64-pc-linux-gnu/nios2-elf/lib/mno-hw-mul/libsmallc.a(lib_a-strlen.o)
 .bss           0x0000000000802520        0x0 /home/engineer/intelFPGA/16.1/nios2eds/bin/gnu/H-x86_64-pc-linux-gnu/bin/../lib/gcc/nios2-elf/5.3.0/../../../../../H-x86_64-pc-linux-gnu/nios2-elf/lib/mno-hw-mul/libsmallc.a(lib_a-vfprintf.o)
 .bss           0x0000000000802520        0x0 /home/engineer/intelFPGA/16.1/nios2eds/bin/gnu/H-x86_64-pc-linux-gnu/bin/../lib/gcc/nios2-elf/5.3.0/../../../../../H-x86_64-pc-linux-gnu/nios2-elf/lib/mno-hw-mul/libsmallc.a(lib_a-__atexit.o)
 .bss           0x0000000000802520        0x0 /home/engineer/intelFPGA/16.1/nios2eds/bin/gnu/H-x86_64-pc-linux-gnu/bin/../lib/gcc/nios2-elf/5.3.0/../../../../../H-x86_64-pc-linux-gnu/nios2-elf/lib/mno-hw-mul/libsmallc.a(lib_a-__call_atexit.o)
 .bss           0x0000000000802520        0x0 /home/engineer/intelFPGA/16.1/nios2eds/bin/gnu/H-x86_64-pc-linux-gnu/bin/../lib/gcc/nios2-elf/5.3.0/../../../../../H-x86_64-pc-linux-gnu/nios2-elf/lib/mno-hw-mul/libsmallc.a(lib_a-fvwrite_small_dev.o)
 .bss           0x0000000000802520        0x0 /home/engineer/intelFPGA/16.1/nios2eds/bin/gnu/H-x86_64-pc-linux-gnu/bin/../lib/gcc/nios2-elf/5.3.0/../../../../../H-x86_64-pc-linux-gnu/nios2-elf/lib/mno-hw-mul/libsmallc.a(lib_a-impure.o)
 .bss           0x0000000000802520        0x0 /home/engineer/intelFPGA/16.1/nios2eds/bin/gnu/H-x86_64-pc-linux-gnu/bin/../lib/gcc/nios2-elf/5.3.0/../../../../../H-x86_64-pc-linux-gnu/nios2-elf/lib/mno-hw-mul/libsmallc.a(lib_a-writer.o)
 .bss           0x0000000000802520        0x0 /home/engineer/GIT/CPU/QT/build-proj-nios2-Debug/qtc_nios2_Debug/libHAL.a(alt_exit.c.o)
 .bss           0x0000000000802520        0x0 /home/engineer/GIT/CPU/QT/build-proj-nios2-Debug/qtc_nios2_Debug/libHAL.a(alt_write.c.o)
 *(COMMON)
                0x0000000000802520                . = ALIGN (0x4)
                0x0000000000802520                __bss_end = ABSOLUTE (.)

.new_sdram_controller_0
                0x0000000000802520        0x0
                [!provide]                        PROVIDE (_alt_partition_new_sdram_controller_0_start, ABSOLUTE (.))
 *(.new_sdram_controller_0 .new_sdram_controller_0. new_sdram_controller_0.*)
                0x0000000000802520                . = ALIGN (0x4)
                [!provide]                        PROVIDE (_alt_partition_new_sdram_controller_0_end, ABSOLUTE (.))
                0x0000000000802520                _end = ABSOLUTE (.)
                0x0000000000802520                end = ABSOLUTE (.)
                0x0000000000802520                __alt_stack_base = ABSOLUTE (.)
                [!provide]                        PROVIDE (_alt_partition_new_sdram_controller_0_load_addr, LOADADDR (.new_sdram_controller_0))

.stab
 *(.stab)

.stabstr
 *(.stabstr)

.stab.excl
 *(.stab.excl)

.stab.exclstr
 *(.stab.exclstr)

.stab.index
 *(.stab.index)

.stab.indexstr
 *(.stab.indexstr)

.comment        0x0000000000000000       0x23
 *(.comment)
 .comment       0x0000000000000000       0x23 /home/engineer/GIT/CPU/QT/build-proj-nios2-Debug/qtc_nios2_Debug/Application.b291beb8/.obj/1bd4771ef8241d57/func.c.o
                                         0x24 (size before relaxing)
 .comment       0x0000000000000023       0x24 /home/engineer/GIT/CPU/QT/build-proj-nios2-Debug/qtc_nios2_Debug/Application.b291beb8/.obj/3a52ce780950d4d9/main.c.o
 .comment       0x0000000000000023       0x24 /home/engineer/GIT/CPU/QT/build-proj-nios2-Debug/qtc_nios2_Debug/Application.b291beb8/.obj/ddfd7b431efa41ef/func2.c.o
 .comment       0x0000000000000023       0x24 /home/engineer/GIT/CPU/QT/build-proj-nios2-Debug/qtc_nios2_Debug/libHAL.a(alt_load.c.o)
 .comment       0x0000000000000023       0x24 /home/engineer/GIT/CPU/QT/build-proj-nios2-Debug/qtc_nios2_Debug/libHAL.a(alt_main.c.o)
 .comment       0x0000000000000023       0x24 /home/engineer/GIT/CPU/QT/build-proj-nios2-Debug/qtc_nios2_Debug/libHAL.a(alt_usleep.c.o)
 .comment       0x0000000000000023       0x24 /home/engineer/GIT/CPU/QT/build-proj-nios2-Debug/qtc_nios2_Debug/libHAL.a(alt_sys_init.c.o)
 .comment       0x0000000000000023       0x24 /home/engineer/GIT/CPU/QT/build-proj-nios2-Debug/qtc_nios2_Debug/libHAL.a(alt_busy_sleep.c.o)
 .comment       0x0000000000000023       0x24 /home/engineer/GIT/CPU/QT/build-proj-nios2-Debug/qtc_nios2_Debug/libHAL.a(alt_close.c.o)
 .comment       0x0000000000000023       0x24 /home/engineer/GIT/CPU/QT/build-proj-nios2-Debug/qtc_nios2_Debug/libHAL.a(alt_dcache_flush_all.c.o)
 .comment       0x0000000000000023       0x24 /home/engineer/GIT/CPU/QT/build-proj-nios2-Debug/qtc_nios2_Debug/libHAL.a(alt_dev.c.o)
 .comment       0x0000000000000023       0x24 /home/engineer/GIT/CPU/QT/build-proj-nios2-Debug/qtc_nios2_Debug/libHAL.a(alt_dev_llist_insert.c.o)
 .comment       0x0000000000000023       0x24 /home/engineer/GIT/CPU/QT/build-proj-nios2-Debug/qtc_nios2_Debug/libHAL.a(alt_do_ctors.c.o)
 .comment       0x0000000000000023       0x24 /home/engineer/GIT/CPU/QT/build-proj-nios2-Debug/qtc_nios2_Debug/libHAL.a(alt_do_dtors.c.o)
 .comment       0x0000000000000023       0x24 /home/engineer/GIT/CPU/QT/build-proj-nios2-Debug/qtc_nios2_Debug/libHAL.a(alt_errno.c.o)
 .comment       0x0000000000000023       0x24 /home/engineer/GIT/CPU/QT/build-proj-nios2-Debug/qtc_nios2_Debug/libHAL.a(alt_icache_flush_all.c.o)
 .comment       0x0000000000000023       0x24 /home/engineer/GIT/CPU/QT/build-proj-nios2-Debug/qtc_nios2_Debug/libHAL.a(alt_io_redirect.c.o)
 .comment       0x0000000000000023       0x24 /home/engineer/GIT/CPU/QT/build-proj-nios2-Debug/qtc_nios2_Debug/libHAL.a(alt_open.c.o)
 .comment       0x0000000000000023       0x24 /home/engineer/GIT/CPU/QT/build-proj-nios2-Debug/qtc_nios2_Debug/libHAL.a(alt_release_fd.c.o)
 .comment       0x0000000000000023       0x24 /home/engineer/GIT/CPU/QT/build-proj-nios2-Debug/qtc_nios2_Debug/libHAL.a(altera_nios2_gen2_irq.c.o)
 .comment       0x0000000000000023       0x24 /home/engineer/GIT/CPU/QT/build-proj-nios2-Debug/qtc_nios2_Debug/libHAL.a(altera_avalon_jtag_uart_fd.c.o)
 .comment       0x0000000000000023       0x24 /home/engineer/GIT/CPU/QT/build-proj-nios2-Debug/qtc_nios2_Debug/libHAL.a(altera_avalon_jtag_uart_read.c.o)
 .comment       0x0000000000000023       0x24 /home/engineer/GIT/CPU/QT/build-proj-nios2-Debug/qtc_nios2_Debug/libHAL.a(altera_avalon_jtag_uart_write.c.o)
 .comment       0x0000000000000023       0x24 /home/engineer/GIT/CPU/QT/build-proj-nios2-Debug/qtc_nios2_Debug/libHAL.a(alt_find_dev.c.o)
 .comment       0x0000000000000023       0x24 /home/engineer/GIT/CPU/QT/build-proj-nios2-Debug/qtc_nios2_Debug/libHAL.a(alt_find_file.c.o)
 .comment       0x0000000000000023       0x24 /home/engineer/GIT/CPU/QT/build-proj-nios2-Debug/qtc_nios2_Debug/libHAL.a(alt_get_fd.c.o)
 .comment       0x0000000000000023       0x24 /home/engineer/intelFPGA/16.1/nios2eds/bin/gnu/H-x86_64-pc-linux-gnu/bin/../lib/gcc/nios2-elf/5.3.0/mno-hw-mul/libgcc.a(lib2-divmod.o)
 .comment       0x0000000000000023       0x24 /home/engineer/intelFPGA/16.1/nios2eds/bin/gnu/H-x86_64-pc-linux-gnu/bin/../lib/gcc/nios2-elf/5.3.0/mno-hw-mul/libgcc.a(lib2-mul.o)
 .comment       0x0000000000000023       0x24 /home/engineer/intelFPGA/16.1/nios2eds/bin/gnu/H-x86_64-pc-linux-gnu/bin/../lib/gcc/nios2-elf/5.3.0/../../../../../H-x86_64-pc-linux-gnu/nios2-elf/lib/mno-hw-mul/libsmallc.a(lib_a-atexit.o)
 .comment       0x0000000000000023       0x24 /home/engineer/intelFPGA/16.1/nios2eds/bin/gnu/H-x86_64-pc-linux-gnu/bin/../lib/gcc/nios2-elf/5.3.0/../../../../../H-x86_64-pc-linux-gnu/nios2-elf/lib/mno-hw-mul/libsmallc.a(lib_a-exit.o)
 .comment       0x0000000000000023       0x24 /home/engineer/intelFPGA/16.1/nios2eds/bin/gnu/H-x86_64-pc-linux-gnu/bin/../lib/gcc/nios2-elf/5.3.0/../../../../../H-x86_64-pc-linux-gnu/nios2-elf/lib/mno-hw-mul/libsmallc.a(lib_a-int_errno.o)
 .comment       0x0000000000000023       0x24 /home/engineer/intelFPGA/16.1/nios2eds/bin/gnu/H-x86_64-pc-linux-gnu/bin/../lib/gcc/nios2-elf/5.3.0/../../../../../H-x86_64-pc-linux-gnu/nios2-elf/lib/mno-hw-mul/libsmallc.a(lib_a-memcmp.o)
 .comment       0x0000000000000023       0x24 /home/engineer/intelFPGA/16.1/nios2eds/bin/gnu/H-x86_64-pc-linux-gnu/bin/../lib/gcc/nios2-elf/5.3.0/../../../../../H-x86_64-pc-linux-gnu/nios2-elf/lib/mno-hw-mul/libsmallc.a(lib_a-printf.o)
 .comment       0x0000000000000023       0x24 /home/engineer/intelFPGA/16.1/nios2eds/bin/gnu/H-x86_64-pc-linux-gnu/bin/../lib/gcc/nios2-elf/5.3.0/../../../../../H-x86_64-pc-linux-gnu/nios2-elf/lib/mno-hw-mul/libsmallc.a(lib_a-strlen.o)
 .comment       0x0000000000000023       0x24 /home/engineer/intelFPGA/16.1/nios2eds/bin/gnu/H-x86_64-pc-linux-gnu/bin/../lib/gcc/nios2-elf/5.3.0/../../../../../H-x86_64-pc-linux-gnu/nios2-elf/lib/mno-hw-mul/libsmallc.a(lib_a-vfprintf.o)
 .comment       0x0000000000000023       0x24 /home/engineer/intelFPGA/16.1/nios2eds/bin/gnu/H-x86_64-pc-linux-gnu/bin/../lib/gcc/nios2-elf/5.3.0/../../../../../H-x86_64-pc-linux-gnu/nios2-elf/lib/mno-hw-mul/libsmallc.a(lib_a-__atexit.o)
 .comment       0x0000000000000023       0x24 /home/engineer/intelFPGA/16.1/nios2eds/bin/gnu/H-x86_64-pc-linux-gnu/bin/../lib/gcc/nios2-elf/5.3.0/../../../../../H-x86_64-pc-linux-gnu/nios2-elf/lib/mno-hw-mul/libsmallc.a(lib_a-__call_atexit.o)
 .comment       0x0000000000000023       0x24 /home/engineer/intelFPGA/16.1/nios2eds/bin/gnu/H-x86_64-pc-linux-gnu/bin/../lib/gcc/nios2-elf/5.3.0/../../../../../H-x86_64-pc-linux-gnu/nios2-elf/lib/mno-hw-mul/libsmallc.a(lib_a-fvwrite_small_dev.o)
 .comment       0x0000000000000023       0x24 /home/engineer/intelFPGA/16.1/nios2eds/bin/gnu/H-x86_64-pc-linux-gnu/bin/../lib/gcc/nios2-elf/5.3.0/../../../../../H-x86_64-pc-linux-gnu/nios2-elf/lib/mno-hw-mul/libsmallc.a(lib_a-impure.o)
 .comment       0x0000000000000023       0x24 /home/engineer/intelFPGA/16.1/nios2eds/bin/gnu/H-x86_64-pc-linux-gnu/bin/../lib/gcc/nios2-elf/5.3.0/../../../../../H-x86_64-pc-linux-gnu/nios2-elf/lib/mno-hw-mul/libsmallc.a(lib_a-writer.o)
 .comment       0x0000000000000023       0x24 /home/engineer/GIT/CPU/QT/build-proj-nios2-Debug/qtc_nios2_Debug/libHAL.a(alt_exit.c.o)
 .comment       0x0000000000000023       0x24 /home/engineer/GIT/CPU/QT/build-proj-nios2-Debug/qtc_nios2_Debug/libHAL.a(alt_write.c.o)

.debug
 *(.debug)

.line
 *(.line)

.debug_srcinfo
 *(.debug_srcinfo)

.debug_sfnames
 *(.debug_sfnames)

.debug_aranges  0x0000000000000000      0x568
 *(.debug_aranges)
 .debug_aranges
                0x0000000000000000       0x28 /home/engineer/GIT/CPU/QT/build-proj-nios2-Debug/qtc_nios2_Debug/crt0.S.o
 .debug_aranges
                0x0000000000000028       0x20 /home/engineer/GIT/CPU/QT/build-proj-nios2-Debug/qtc_nios2_Debug/Application.b291beb8/.obj/1bd4771ef8241d57/func.c.o
 .debug_aranges
                0x0000000000000048       0x20 /home/engineer/GIT/CPU/QT/build-proj-nios2-Debug/qtc_nios2_Debug/Application.b291beb8/.obj/3a52ce780950d4d9/main.c.o
 .debug_aranges
                0x0000000000000068       0x20 /home/engineer/GIT/CPU/QT/build-proj-nios2-Debug/qtc_nios2_Debug/Application.b291beb8/.obj/ddfd7b431efa41ef/func2.c.o
 .debug_aranges
                0x0000000000000088       0x20 /home/engineer/GIT/CPU/QT/build-proj-nios2-Debug/qtc_nios2_Debug/libHAL.a(alt_load.c.o)
 .debug_aranges
                0x00000000000000a8       0x20 /home/engineer/GIT/CPU/QT/build-proj-nios2-Debug/qtc_nios2_Debug/libHAL.a(alt_main.c.o)
 .debug_aranges
                0x00000000000000c8       0x20 /home/engineer/GIT/CPU/QT/build-proj-nios2-Debug/qtc_nios2_Debug/libHAL.a(alt_usleep.c.o)
 .debug_aranges
                0x00000000000000e8       0x20 /home/engineer/GIT/CPU/QT/build-proj-nios2-Debug/qtc_nios2_Debug/libHAL.a(alt_sys_init.c.o)
 .debug_aranges
                0x0000000000000108       0x20 /home/engineer/GIT/CPU/QT/build-proj-nios2-Debug/qtc_nios2_Debug/libHAL.a(alt_busy_sleep.c.o)
 .debug_aranges
                0x0000000000000128       0x20 /home/engineer/GIT/CPU/QT/build-proj-nios2-Debug/qtc_nios2_Debug/libHAL.a(alt_close.c.o)
 .debug_aranges
                0x0000000000000148       0x20 /home/engineer/GIT/CPU/QT/build-proj-nios2-Debug/qtc_nios2_Debug/libHAL.a(alt_dcache_flush_all.c.o)
 .debug_aranges
                0x0000000000000168       0x20 /home/engineer/GIT/CPU/QT/build-proj-nios2-Debug/qtc_nios2_Debug/libHAL.a(alt_dev.c.o)
 .debug_aranges
                0x0000000000000188       0x20 /home/engineer/GIT/CPU/QT/build-proj-nios2-Debug/qtc_nios2_Debug/libHAL.a(alt_dev_llist_insert.c.o)
 .debug_aranges
                0x00000000000001a8       0x20 /home/engineer/GIT/CPU/QT/build-proj-nios2-Debug/qtc_nios2_Debug/libHAL.a(alt_do_ctors.c.o)
 .debug_aranges
                0x00000000000001c8       0x20 /home/engineer/GIT/CPU/QT/build-proj-nios2-Debug/qtc_nios2_Debug/libHAL.a(alt_do_dtors.c.o)
 .debug_aranges
                0x00000000000001e8       0x18 /home/engineer/GIT/CPU/QT/build-proj-nios2-Debug/qtc_nios2_Debug/libHAL.a(alt_errno.c.o)
 .debug_aranges
                0x0000000000000200       0x20 /home/engineer/GIT/CPU/QT/build-proj-nios2-Debug/qtc_nios2_Debug/libHAL.a(alt_icache_flush_all.c.o)
 .debug_aranges
                0x0000000000000220       0x20 /home/engineer/GIT/CPU/QT/build-proj-nios2-Debug/qtc_nios2_Debug/libHAL.a(alt_io_redirect.c.o)
 .debug_aranges
                0x0000000000000240       0x20 /home/engineer/GIT/CPU/QT/build-proj-nios2-Debug/qtc_nios2_Debug/libHAL.a(alt_open.c.o)
 .debug_aranges
                0x0000000000000260       0x20 /home/engineer/GIT/CPU/QT/build-proj-nios2-Debug/qtc_nios2_Debug/libHAL.a(alt_release_fd.c.o)
 .debug_aranges
                0x0000000000000280       0x20 /home/engineer/GIT/CPU/QT/build-proj-nios2-Debug/qtc_nios2_Debug/libHAL.a(altera_nios2_gen2_irq.c.o)
 .debug_aranges
                0x00000000000002a0       0x20 /home/engineer/GIT/CPU/QT/build-proj-nios2-Debug/qtc_nios2_Debug/libHAL.a(altera_avalon_jtag_uart_fd.c.o)
 .debug_aranges
                0x00000000000002c0       0x20 /home/engineer/GIT/CPU/QT/build-proj-nios2-Debug/qtc_nios2_Debug/libHAL.a(altera_avalon_jtag_uart_read.c.o)
 .debug_aranges
                0x00000000000002e0       0x20 /home/engineer/GIT/CPU/QT/build-proj-nios2-Debug/qtc_nios2_Debug/libHAL.a(altera_avalon_jtag_uart_write.c.o)
 .debug_aranges
                0x0000000000000300       0x20 /home/engineer/GIT/CPU/QT/build-proj-nios2-Debug/qtc_nios2_Debug/libHAL.a(alt_find_dev.c.o)
 .debug_aranges
                0x0000000000000320       0x20 /home/engineer/GIT/CPU/QT/build-proj-nios2-Debug/qtc_nios2_Debug/libHAL.a(alt_find_file.c.o)
 .debug_aranges
                0x0000000000000340       0x20 /home/engineer/GIT/CPU/QT/build-proj-nios2-Debug/qtc_nios2_Debug/libHAL.a(alt_get_fd.c.o)
 .debug_aranges
                0x0000000000000360       0x20 /home/engineer/intelFPGA/16.1/nios2eds/bin/gnu/H-x86_64-pc-linux-gnu/bin/../lib/gcc/nios2-elf/5.3.0/mno-hw-mul/libgcc.a(lib2-divmod.o)
 .debug_aranges
                0x0000000000000380       0x20 /home/engineer/intelFPGA/16.1/nios2eds/bin/gnu/H-x86_64-pc-linux-gnu/bin/../lib/gcc/nios2-elf/5.3.0/mno-hw-mul/libgcc.a(lib2-mul.o)
 .debug_aranges
                0x00000000000003a0       0x20 /home/engineer/intelFPGA/16.1/nios2eds/bin/gnu/H-x86_64-pc-linux-gnu/bin/../lib/gcc/nios2-elf/5.3.0/../../../../../H-x86_64-pc-linux-gnu/nios2-elf/lib/mno-hw-mul/libsmallc.a(lib_a-atexit.o)
 .debug_aranges
                0x00000000000003c0       0x20 /home/engineer/intelFPGA/16.1/nios2eds/bin/gnu/H-x86_64-pc-linux-gnu/bin/../lib/gcc/nios2-elf/5.3.0/../../../../../H-x86_64-pc-linux-gnu/nios2-elf/lib/mno-hw-mul/libsmallc.a(lib_a-exit.o)
 .debug_aranges
                0x00000000000003e0       0x18 /home/engineer/intelFPGA/16.1/nios2eds/bin/gnu/H-x86_64-pc-linux-gnu/bin/../lib/gcc/nios2-elf/5.3.0/../../../../../H-x86_64-pc-linux-gnu/nios2-elf/lib/mno-hw-mul/libsmallc.a(lib_a-int_errno.o)
 .debug_aranges
                0x00000000000003f8       0x20 /home/engineer/intelFPGA/16.1/nios2eds/bin/gnu/H-x86_64-pc-linux-gnu/bin/../lib/gcc/nios2-elf/5.3.0/../../../../../H-x86_64-pc-linux-gnu/nios2-elf/lib/mno-hw-mul/libsmallc.a(lib_a-memcmp.o)
 .debug_aranges
                0x0000000000000418       0x28 /home/engineer/intelFPGA/16.1/nios2eds/bin/gnu/H-x86_64-pc-linux-gnu/bin/../lib/gcc/nios2-elf/5.3.0/../../../../../H-x86_64-pc-linux-gnu/nios2-elf/lib/mno-hw-mul/libsmallc.a(lib_a-printf.o)
 .debug_aranges
                0x0000000000000440       0x20 /home/engineer/intelFPGA/16.1/nios2eds/bin/gnu/H-x86_64-pc-linux-gnu/bin/../lib/gcc/nios2-elf/5.3.0/../../../../../H-x86_64-pc-linux-gnu/nios2-elf/lib/mno-hw-mul/libsmallc.a(lib_a-strlen.o)
 .debug_aranges
                0x0000000000000460       0x30 /home/engineer/intelFPGA/16.1/nios2eds/bin/gnu/H-x86_64-pc-linux-gnu/bin/../lib/gcc/nios2-elf/5.3.0/../../../../../H-x86_64-pc-linux-gnu/nios2-elf/lib/mno-hw-mul/libsmallc.a(lib_a-vfprintf.o)
 .debug_aranges
                0x0000000000000490       0x20 /home/engineer/intelFPGA/16.1/nios2eds/bin/gnu/H-x86_64-pc-linux-gnu/bin/../lib/gcc/nios2-elf/5.3.0/../../../../../H-x86_64-pc-linux-gnu/nios2-elf/lib/mno-hw-mul/libsmallc.a(lib_a-__atexit.o)
 .debug_aranges
                0x00000000000004b0       0x20 /home/engineer/intelFPGA/16.1/nios2eds/bin/gnu/H-x86_64-pc-linux-gnu/bin/../lib/gcc/nios2-elf/5.3.0/../../../../../H-x86_64-pc-linux-gnu/nios2-elf/lib/mno-hw-mul/libsmallc.a(lib_a-__call_atexit.o)
 .debug_aranges
                0x00000000000004d0       0x20 /home/engineer/intelFPGA/16.1/nios2eds/bin/gnu/H-x86_64-pc-linux-gnu/bin/../lib/gcc/nios2-elf/5.3.0/../../../../../H-x86_64-pc-linux-gnu/nios2-elf/lib/mno-hw-mul/libsmallc.a(lib_a-fvwrite_small_dev.o)
 .debug_aranges
                0x00000000000004f0       0x18 /home/engineer/intelFPGA/16.1/nios2eds/bin/gnu/H-x86_64-pc-linux-gnu/bin/../lib/gcc/nios2-elf/5.3.0/../../../../../H-x86_64-pc-linux-gnu/nios2-elf/lib/mno-hw-mul/libsmallc.a(lib_a-impure.o)
 .debug_aranges
                0x0000000000000508       0x20 /home/engineer/intelFPGA/16.1/nios2eds/bin/gnu/H-x86_64-pc-linux-gnu/bin/../lib/gcc/nios2-elf/5.3.0/../../../../../H-x86_64-pc-linux-gnu/nios2-elf/lib/mno-hw-mul/libsmallc.a(lib_a-writer.o)
 .debug_aranges
                0x0000000000000528       0x20 /home/engineer/GIT/CPU/QT/build-proj-nios2-Debug/qtc_nios2_Debug/libHAL.a(alt_exit.c.o)
 .debug_aranges
                0x0000000000000548       0x20 /home/engineer/GIT/CPU/QT/build-proj-nios2-Debug/qtc_nios2_Debug/libHAL.a(alt_write.c.o)

.debug_pubnames
 *(.debug_pubnames)

.debug_info     0x0000000000000000     0x6e97
 *(.debug_info .gnu.linkonce.wi.*)
 .debug_info    0x0000000000000000       0x72 /home/engineer/GIT/CPU/QT/build-proj-nios2-Debug/qtc_nios2_Debug/crt0.S.o
 .debug_info    0x0000000000000072       0x4f /home/engineer/GIT/CPU/QT/build-proj-nios2-Debug/qtc_nios2_Debug/Application.b291beb8/.obj/1bd4771ef8241d57/func.c.o
 .debug_info    0x00000000000000c1       0xac /home/engineer/GIT/CPU/QT/build-proj-nios2-Debug/qtc_nios2_Debug/Application.b291beb8/.obj/3a52ce780950d4d9/main.c.o
 .debug_info    0x000000000000016d       0x4f /home/engineer/GIT/CPU/QT/build-proj-nios2-Debug/qtc_nios2_Debug/Application.b291beb8/.obj/ddfd7b431efa41ef/func2.c.o
 .debug_info    0x00000000000001bc      0x141 /home/engineer/GIT/CPU/QT/build-proj-nios2-Debug/qtc_nios2_Debug/libHAL.a(alt_load.c.o)
 .debug_info    0x00000000000002fd      0x12d /home/engineer/GIT/CPU/QT/build-proj-nios2-Debug/qtc_nios2_Debug/libHAL.a(alt_main.c.o)
 .debug_info    0x000000000000042a       0xac /home/engineer/GIT/CPU/QT/build-proj-nios2-Debug/qtc_nios2_Debug/libHAL.a(alt_usleep.c.o)
 .debug_info    0x00000000000004d6      0x3c5 /home/engineer/GIT/CPU/QT/build-proj-nios2-Debug/qtc_nios2_Debug/libHAL.a(alt_sys_init.c.o)
 .debug_info    0x000000000000089b       0xd3 /home/engineer/GIT/CPU/QT/build-proj-nios2-Debug/qtc_nios2_Debug/libHAL.a(alt_busy_sleep.c.o)
 .debug_info    0x000000000000096e      0x31d /home/engineer/GIT/CPU/QT/build-proj-nios2-Debug/qtc_nios2_Debug/libHAL.a(alt_close.c.o)
 .debug_info    0x0000000000000c8b       0x8e /home/engineer/GIT/CPU/QT/build-proj-nios2-Debug/qtc_nios2_Debug/libHAL.a(alt_dcache_flush_all.c.o)
 .debug_info    0x0000000000000d19      0x498 /home/engineer/GIT/CPU/QT/build-proj-nios2-Debug/qtc_nios2_Debug/libHAL.a(alt_dev.c.o)
 .debug_info    0x00000000000011b1      0x1a5 /home/engineer/GIT/CPU/QT/build-proj-nios2-Debug/qtc_nios2_Debug/libHAL.a(alt_dev_llist_insert.c.o)
 .debug_info    0x0000000000001356       0x7f /home/engineer/GIT/CPU/QT/build-proj-nios2-Debug/qtc_nios2_Debug/libHAL.a(alt_do_ctors.c.o)
 .debug_info    0x00000000000013d5       0x7f /home/engineer/GIT/CPU/QT/build-proj-nios2-Debug/qtc_nios2_Debug/libHAL.a(alt_do_dtors.c.o)
 .debug_info    0x0000000000001454       0xa2 /home/engineer/GIT/CPU/QT/build-proj-nios2-Debug/qtc_nios2_Debug/libHAL.a(alt_errno.c.o)
 .debug_info    0x00000000000014f6       0x8e /home/engineer/GIT/CPU/QT/build-proj-nios2-Debug/qtc_nios2_Debug/libHAL.a(alt_icache_flush_all.c.o)
 .debug_info    0x0000000000001584      0x4a1 /home/engineer/GIT/CPU/QT/build-proj-nios2-Debug/qtc_nios2_Debug/libHAL.a(alt_io_redirect.c.o)
 .debug_info    0x0000000000001a25      0x3b7 /home/engineer/GIT/CPU/QT/build-proj-nios2-Debug/qtc_nios2_Debug/libHAL.a(alt_open.c.o)
 .debug_info    0x0000000000001ddc      0x2ac /home/engineer/GIT/CPU/QT/build-proj-nios2-Debug/qtc_nios2_Debug/libHAL.a(alt_release_fd.c.o)
 .debug_info    0x0000000000002088       0x8e /home/engineer/GIT/CPU/QT/build-proj-nios2-Debug/qtc_nios2_Debug/libHAL.a(altera_nios2_gen2_irq.c.o)
 .debug_info    0x0000000000002116      0x3a3 /home/engineer/GIT/CPU/QT/build-proj-nios2-Debug/qtc_nios2_Debug/libHAL.a(altera_avalon_jtag_uart_fd.c.o)
 .debug_info    0x00000000000024b9      0x1ae /home/engineer/GIT/CPU/QT/build-proj-nios2-Debug/qtc_nios2_Debug/libHAL.a(altera_avalon_jtag_uart_read.c.o)
 .debug_info    0x0000000000002667      0x191 /home/engineer/GIT/CPU/QT/build-proj-nios2-Debug/qtc_nios2_Debug/libHAL.a(altera_avalon_jtag_uart_write.c.o)
 .debug_info    0x00000000000027f8      0x2e5 /home/engineer/GIT/CPU/QT/build-proj-nios2-Debug/qtc_nios2_Debug/libHAL.a(alt_find_dev.c.o)
 .debug_info    0x0000000000002add      0x2e2 /home/engineer/GIT/CPU/QT/build-proj-nios2-Debug/qtc_nios2_Debug/libHAL.a(alt_find_file.c.o)
 .debug_info    0x0000000000002dbf      0x30c /home/engineer/GIT/CPU/QT/build-proj-nios2-Debug/qtc_nios2_Debug/libHAL.a(alt_get_fd.c.o)
 .debug_info    0x00000000000030cb      0x2c6 /home/engineer/intelFPGA/16.1/nios2eds/bin/gnu/H-x86_64-pc-linux-gnu/bin/../lib/gcc/nios2-elf/5.3.0/mno-hw-mul/libgcc.a(lib2-divmod.o)
 .debug_info    0x0000000000003391       0xb4 /home/engineer/intelFPGA/16.1/nios2eds/bin/gnu/H-x86_64-pc-linux-gnu/bin/../lib/gcc/nios2-elf/5.3.0/mno-hw-mul/libgcc.a(lib2-mul.o)
 .debug_info    0x0000000000003445       0xfe /home/engineer/intelFPGA/16.1/nios2eds/bin/gnu/H-x86_64-pc-linux-gnu/bin/../lib/gcc/nios2-elf/5.3.0/../../../../../H-x86_64-pc-linux-gnu/nios2-elf/lib/mno-hw-mul/libsmallc.a(lib_a-atexit.o)
 .debug_info    0x0000000000003543       0xe5 /home/engineer/intelFPGA/16.1/nios2eds/bin/gnu/H-x86_64-pc-linux-gnu/bin/../lib/gcc/nios2-elf/5.3.0/../../../../../H-x86_64-pc-linux-gnu/nios2-elf/lib/mno-hw-mul/libsmallc.a(lib_a-exit.o)
 .debug_info    0x0000000000003628       0x8a /home/engineer/intelFPGA/16.1/nios2eds/bin/gnu/H-x86_64-pc-linux-gnu/bin/../lib/gcc/nios2-elf/5.3.0/../../../../../H-x86_64-pc-linux-gnu/nios2-elf/lib/mno-hw-mul/libsmallc.a(lib_a-int_errno.o)
 .debug_info    0x00000000000036b2       0xf4 /home/engineer/intelFPGA/16.1/nios2eds/bin/gnu/H-x86_64-pc-linux-gnu/bin/../lib/gcc/nios2-elf/5.3.0/../../../../../H-x86_64-pc-linux-gnu/nios2-elf/lib/mno-hw-mul/libsmallc.a(lib_a-memcmp.o)
 .debug_info    0x00000000000037a6      0x699 /home/engineer/intelFPGA/16.1/nios2eds/bin/gnu/H-x86_64-pc-linux-gnu/bin/../lib/gcc/nios2-elf/5.3.0/../../../../../H-x86_64-pc-linux-gnu/nios2-elf/lib/mno-hw-mul/libsmallc.a(lib_a-printf.o)
 .debug_info    0x0000000000003e3f       0xc9 /home/engineer/intelFPGA/16.1/nios2eds/bin/gnu/H-x86_64-pc-linux-gnu/bin/../lib/gcc/nios2-elf/5.3.0/../../../../../H-x86_64-pc-linux-gnu/nios2-elf/lib/mno-hw-mul/libsmallc.a(lib_a-strlen.o)
 .debug_info    0x0000000000003f08      0xb2b /home/engineer/intelFPGA/16.1/nios2eds/bin/gnu/H-x86_64-pc-linux-gnu/bin/../lib/gcc/nios2-elf/5.3.0/../../../../../H-x86_64-pc-linux-gnu/nios2-elf/lib/mno-hw-mul/libsmallc.a(lib_a-vfprintf.o)
 .debug_info    0x0000000000004a33      0x64a /home/engineer/intelFPGA/16.1/nios2eds/bin/gnu/H-x86_64-pc-linux-gnu/bin/../lib/gcc/nios2-elf/5.3.0/../../../../../H-x86_64-pc-linux-gnu/nios2-elf/lib/mno-hw-mul/libsmallc.a(lib_a-__atexit.o)
 .debug_info    0x000000000000507d      0x67b /home/engineer/intelFPGA/16.1/nios2eds/bin/gnu/H-x86_64-pc-linux-gnu/bin/../lib/gcc/nios2-elf/5.3.0/../../../../../H-x86_64-pc-linux-gnu/nios2-elf/lib/mno-hw-mul/libsmallc.a(lib_a-__call_atexit.o)
 .debug_info    0x00000000000056f8      0x62b /home/engineer/intelFPGA/16.1/nios2eds/bin/gnu/H-x86_64-pc-linux-gnu/bin/../lib/gcc/nios2-elf/5.3.0/../../../../../H-x86_64-pc-linux-gnu/nios2-elf/lib/mno-hw-mul/libsmallc.a(lib_a-fvwrite_small_dev.o)
 .debug_info    0x0000000000005d23      0x5a9 /home/engineer/intelFPGA/16.1/nios2eds/bin/gnu/H-x86_64-pc-linux-gnu/bin/../lib/gcc/nios2-elf/5.3.0/../../../../../H-x86_64-pc-linux-gnu/nios2-elf/lib/mno-hw-mul/libsmallc.a(lib_a-impure.o)
 .debug_info    0x00000000000062cc      0x630 /home/engineer/intelFPGA/16.1/nios2eds/bin/gnu/H-x86_64-pc-linux-gnu/bin/../lib/gcc/nios2-elf/5.3.0/../../../../../H-x86_64-pc-linux-gnu/nios2-elf/lib/mno-hw-mul/libsmallc.a(lib_a-writer.o)
 .debug_info    0x00000000000068fc       0xe8 /home/engineer/GIT/CPU/QT/build-proj-nios2-Debug/qtc_nios2_Debug/libHAL.a(alt_exit.c.o)
 .debug_info    0x00000000000069e4      0x4b3 /home/engineer/GIT/CPU/QT/build-proj-nios2-Debug/qtc_nios2_Debug/libHAL.a(alt_write.c.o)

.debug_abbrev   0x0000000000000000     0x251c
 *(.debug_abbrev)
 .debug_abbrev  0x0000000000000000       0x12 /home/engineer/GIT/CPU/QT/build-proj-nios2-Debug/qtc_nios2_Debug/crt0.S.o
 .debug_abbrev  0x0000000000000012       0x48 /home/engineer/GIT/CPU/QT/build-proj-nios2-Debug/qtc_nios2_Debug/Application.b291beb8/.obj/1bd4771ef8241d57/func.c.o
 .debug_abbrev  0x000000000000005a       0x5e /home/engineer/GIT/CPU/QT/build-proj-nios2-Debug/qtc_nios2_Debug/Application.b291beb8/.obj/3a52ce780950d4d9/main.c.o
 .debug_abbrev  0x00000000000000b8       0x48 /home/engineer/GIT/CPU/QT/build-proj-nios2-Debug/qtc_nios2_Debug/Application.b291beb8/.obj/ddfd7b431efa41ef/func2.c.o
 .debug_abbrev  0x0000000000000100       0x9d /home/engineer/GIT/CPU/QT/build-proj-nios2-Debug/qtc_nios2_Debug/libHAL.a(alt_load.c.o)
 .debug_abbrev  0x000000000000019d       0xb8 /home/engineer/GIT/CPU/QT/build-proj-nios2-Debug/qtc_nios2_Debug/libHAL.a(alt_main.c.o)
 .debug_abbrev  0x0000000000000255       0x5e /home/engineer/GIT/CPU/QT/build-proj-nios2-Debug/qtc_nios2_Debug/libHAL.a(alt_usleep.c.o)
 .debug_abbrev  0x00000000000002b3      0x155 /home/engineer/GIT/CPU/QT/build-proj-nios2-Debug/qtc_nios2_Debug/libHAL.a(alt_sys_init.c.o)
 .debug_abbrev  0x0000000000000408       0x7c /home/engineer/GIT/CPU/QT/build-proj-nios2-Debug/qtc_nios2_Debug/libHAL.a(alt_busy_sleep.c.o)
 .debug_abbrev  0x0000000000000484      0x11d /home/engineer/GIT/CPU/QT/build-proj-nios2-Debug/qtc_nios2_Debug/libHAL.a(alt_close.c.o)
 .debug_abbrev  0x00000000000005a1       0x40 /home/engineer/GIT/CPU/QT/build-proj-nios2-Debug/qtc_nios2_Debug/libHAL.a(alt_dcache_flush_all.c.o)
 .debug_abbrev  0x00000000000005e1       0xd7 /home/engineer/GIT/CPU/QT/build-proj-nios2-Debug/qtc_nios2_Debug/libHAL.a(alt_dev.c.o)
 .debug_abbrev  0x00000000000006b8      0x112 /home/engineer/GIT/CPU/QT/build-proj-nios2-Debug/qtc_nios2_Debug/libHAL.a(alt_dev_llist_insert.c.o)
 .debug_abbrev  0x00000000000007ca       0x77 /home/engineer/GIT/CPU/QT/build-proj-nios2-Debug/qtc_nios2_Debug/libHAL.a(alt_do_ctors.c.o)
 .debug_abbrev  0x0000000000000841       0x77 /home/engineer/GIT/CPU/QT/build-proj-nios2-Debug/qtc_nios2_Debug/libHAL.a(alt_do_dtors.c.o)
 .debug_abbrev  0x00000000000008b8       0x58 /home/engineer/GIT/CPU/QT/build-proj-nios2-Debug/qtc_nios2_Debug/libHAL.a(alt_errno.c.o)
 .debug_abbrev  0x0000000000000910       0x40 /home/engineer/GIT/CPU/QT/build-proj-nios2-Debug/qtc_nios2_Debug/libHAL.a(alt_icache_flush_all.c.o)
 .debug_abbrev  0x0000000000000950      0x112 /home/engineer/GIT/CPU/QT/build-proj-nios2-Debug/qtc_nios2_Debug/libHAL.a(alt_io_redirect.c.o)
 .debug_abbrev  0x0000000000000a62      0x146 /home/engineer/GIT/CPU/QT/build-proj-nios2-Debug/qtc_nios2_Debug/libHAL.a(alt_open.c.o)
 .debug_abbrev  0x0000000000000ba8       0xdc /home/engineer/GIT/CPU/QT/build-proj-nios2-Debug/qtc_nios2_Debug/libHAL.a(alt_release_fd.c.o)
 .debug_abbrev  0x0000000000000c84       0x40 /home/engineer/GIT/CPU/QT/build-proj-nios2-Debug/qtc_nios2_Debug/libHAL.a(altera_nios2_gen2_irq.c.o)
 .debug_abbrev  0x0000000000000cc4       0xf5 /home/engineer/GIT/CPU/QT/build-proj-nios2-Debug/qtc_nios2_Debug/libHAL.a(altera_avalon_jtag_uart_fd.c.o)
 .debug_abbrev  0x0000000000000db9       0xd3 /home/engineer/GIT/CPU/QT/build-proj-nios2-Debug/qtc_nios2_Debug/libHAL.a(altera_avalon_jtag_uart_read.c.o)
 .debug_abbrev  0x0000000000000e8c       0xd3 /home/engineer/GIT/CPU/QT/build-proj-nios2-Debug/qtc_nios2_Debug/libHAL.a(altera_avalon_jtag_uart_write.c.o)
 .debug_abbrev  0x0000000000000f5f       0xee /home/engineer/GIT/CPU/QT/build-proj-nios2-Debug/qtc_nios2_Debug/libHAL.a(alt_find_dev.c.o)
 .debug_abbrev  0x000000000000104d       0xee /home/engineer/GIT/CPU/QT/build-proj-nios2-Debug/qtc_nios2_Debug/libHAL.a(alt_find_file.c.o)
 .debug_abbrev  0x000000000000113b      0x10b /home/engineer/GIT/CPU/QT/build-proj-nios2-Debug/qtc_nios2_Debug/libHAL.a(alt_get_fd.c.o)
 .debug_abbrev  0x0000000000001246      0x10e /home/engineer/intelFPGA/16.1/nios2eds/bin/gnu/H-x86_64-pc-linux-gnu/bin/../lib/gcc/nios2-elf/5.3.0/mno-hw-mul/libgcc.a(lib2-divmod.o)
 .debug_abbrev  0x0000000000001354       0x6f /home/engineer/intelFPGA/16.1/nios2eds/bin/gnu/H-x86_64-pc-linux-gnu/bin/../lib/gcc/nios2-elf/5.3.0/mno-hw-mul/libgcc.a(lib2-mul.o)
 .debug_abbrev  0x00000000000013c3       0xaa /home/engineer/intelFPGA/16.1/nios2eds/bin/gnu/H-x86_64-pc-linux-gnu/bin/../lib/gcc/nios2-elf/5.3.0/../../../../../H-x86_64-pc-linux-gnu/nios2-elf/lib/mno-hw-mul/libsmallc.a(lib_a-atexit.o)
 .debug_abbrev  0x000000000000146d       0x8b /home/engineer/intelFPGA/16.1/nios2eds/bin/gnu/H-x86_64-pc-linux-gnu/bin/../lib/gcc/nios2-elf/5.3.0/../../../../../H-x86_64-pc-linux-gnu/nios2-elf/lib/mno-hw-mul/libsmallc.a(lib_a-exit.o)
 .debug_abbrev  0x00000000000014f8       0x37 /home/engineer/intelFPGA/16.1/nios2eds/bin/gnu/H-x86_64-pc-linux-gnu/bin/../lib/gcc/nios2-elf/5.3.0/../../../../../H-x86_64-pc-linux-gnu/nios2-elf/lib/mno-hw-mul/libsmallc.a(lib_a-int_errno.o)
 .debug_abbrev  0x000000000000152f       0x7f /home/engineer/intelFPGA/16.1/nios2eds/bin/gnu/H-x86_64-pc-linux-gnu/bin/../lib/gcc/nios2-elf/5.3.0/../../../../../H-x86_64-pc-linux-gnu/nios2-elf/lib/mno-hw-mul/libsmallc.a(lib_a-memcmp.o)
 .debug_abbrev  0x00000000000015ae      0x1ee /home/engineer/intelFPGA/16.1/nios2eds/bin/gnu/H-x86_64-pc-linux-gnu/bin/../lib/gcc/nios2-elf/5.3.0/../../../../../H-x86_64-pc-linux-gnu/nios2-elf/lib/mno-hw-mul/libsmallc.a(lib_a-printf.o)
 .debug_abbrev  0x000000000000179c       0x7f /home/engineer/intelFPGA/16.1/nios2eds/bin/gnu/H-x86_64-pc-linux-gnu/bin/../lib/gcc/nios2-elf/5.3.0/../../../../../H-x86_64-pc-linux-gnu/nios2-elf/lib/mno-hw-mul/libsmallc.a(lib_a-strlen.o)
 .debug_abbrev  0x000000000000181b      0x2a1 /home/engineer/intelFPGA/16.1/nios2eds/bin/gnu/H-x86_64-pc-linux-gnu/bin/../lib/gcc/nios2-elf/5.3.0/../../../../../H-x86_64-pc-linux-gnu/nios2-elf/lib/mno-hw-mul/libsmallc.a(lib_a-vfprintf.o)
 .debug_abbrev  0x0000000000001abc      0x1e6 /home/engineer/intelFPGA/16.1/nios2eds/bin/gnu/H-x86_64-pc-linux-gnu/bin/../lib/gcc/nios2-elf/5.3.0/../../../../../H-x86_64-pc-linux-gnu/nios2-elf/lib/mno-hw-mul/libsmallc.a(lib_a-__atexit.o)
 .debug_abbrev  0x0000000000001ca2      0x1f6 /home/engineer/intelFPGA/16.1/nios2eds/bin/gnu/H-x86_64-pc-linux-gnu/bin/../lib/gcc/nios2-elf/5.3.0/../../../../../H-x86_64-pc-linux-gnu/nios2-elf/lib/mno-hw-mul/libsmallc.a(lib_a-__call_atexit.o)
 .debug_abbrev  0x0000000000001e98      0x1bc /home/engineer/intelFPGA/16.1/nios2eds/bin/gnu/H-x86_64-pc-linux-gnu/bin/../lib/gcc/nios2-elf/5.3.0/../../../../../H-x86_64-pc-linux-gnu/nios2-elf/lib/mno-hw-mul/libsmallc.a(lib_a-fvwrite_small_dev.o)
 .debug_abbrev  0x0000000000002054      0x14a /home/engineer/intelFPGA/16.1/nios2eds/bin/gnu/H-x86_64-pc-linux-gnu/bin/../lib/gcc/nios2-elf/5.3.0/../../../../../H-x86_64-pc-linux-gnu/nios2-elf/lib/mno-hw-mul/libsmallc.a(lib_a-impure.o)
 .debug_abbrev  0x000000000000219e      0x1a6 /home/engineer/intelFPGA/16.1/nios2eds/bin/gnu/H-x86_64-pc-linux-gnu/bin/../lib/gcc/nios2-elf/5.3.0/../../../../../H-x86_64-pc-linux-gnu/nios2-elf/lib/mno-hw-mul/libsmallc.a(lib_a-writer.o)
 .debug_abbrev  0x0000000000002344       0xa7 /home/engineer/GIT/CPU/QT/build-proj-nios2-Debug/qtc_nios2_Debug/libHAL.a(alt_exit.c.o)
 .debug_abbrev  0x00000000000023eb      0x131 /home/engineer/GIT/CPU/QT/build-proj-nios2-Debug/qtc_nios2_Debug/libHAL.a(alt_write.c.o)

.debug_line     0x0000000000000000     0x3920
 *(.debug_line)
 .debug_line    0x0000000000000000       0x95 /home/engineer/GIT/CPU/QT/build-proj-nios2-Debug/qtc_nios2_Debug/crt0.S.o
 .debug_line    0x0000000000000095       0x6e /home/engineer/GIT/CPU/QT/build-proj-nios2-Debug/qtc_nios2_Debug/Application.b291beb8/.obj/1bd4771ef8241d57/func.c.o
 .debug_line    0x0000000000000103       0xae /home/engineer/GIT/CPU/QT/build-proj-nios2-Debug/qtc_nios2_Debug/Application.b291beb8/.obj/3a52ce780950d4d9/main.c.o
 .debug_line    0x00000000000001b1       0x70 /home/engineer/GIT/CPU/QT/build-proj-nios2-Debug/qtc_nios2_Debug/Application.b291beb8/.obj/ddfd7b431efa41ef/func2.c.o
 .debug_line    0x0000000000000221      0x117 /home/engineer/GIT/CPU/QT/build-proj-nios2-Debug/qtc_nios2_Debug/libHAL.a(alt_load.c.o)
 .debug_line    0x0000000000000338      0x12d /home/engineer/GIT/CPU/QT/build-proj-nios2-Debug/qtc_nios2_Debug/libHAL.a(alt_main.c.o)
 .debug_line    0x0000000000000465       0xe8 /home/engineer/GIT/CPU/QT/build-proj-nios2-Debug/qtc_nios2_Debug/libHAL.a(alt_usleep.c.o)
 .debug_line    0x000000000000054d      0x209 /home/engineer/GIT/CPU/QT/build-proj-nios2-Debug/qtc_nios2_Debug/libHAL.a(alt_sys_init.c.o)
 .debug_line    0x0000000000000756       0xfe /home/engineer/GIT/CPU/QT/build-proj-nios2-Debug/qtc_nios2_Debug/libHAL.a(alt_busy_sleep.c.o)
 .debug_line    0x0000000000000854      0x227 /home/engineer/GIT/CPU/QT/build-proj-nios2-Debug/qtc_nios2_Debug/libHAL.a(alt_close.c.o)
 .debug_line    0x0000000000000a7b       0x80 /home/engineer/GIT/CPU/QT/build-proj-nios2-Debug/qtc_nios2_Debug/libHAL.a(alt_dcache_flush_all.c.o)
 .debug_line    0x0000000000000afb      0x18d /home/engineer/GIT/CPU/QT/build-proj-nios2-Debug/qtc_nios2_Debug/libHAL.a(alt_dev.c.o)
 .debug_line    0x0000000000000c88      0x158 /home/engineer/GIT/CPU/QT/build-proj-nios2-Debug/qtc_nios2_Debug/libHAL.a(alt_dev_llist_insert.c.o)
 .debug_line    0x0000000000000de0       0x88 /home/engineer/GIT/CPU/QT/build-proj-nios2-Debug/qtc_nios2_Debug/libHAL.a(alt_do_ctors.c.o)
 .debug_line    0x0000000000000e68       0x88 /home/engineer/GIT/CPU/QT/build-proj-nios2-Debug/qtc_nios2_Debug/libHAL.a(alt_do_dtors.c.o)
 .debug_line    0x0000000000000ef0       0xad /home/engineer/GIT/CPU/QT/build-proj-nios2-Debug/qtc_nios2_Debug/libHAL.a(alt_errno.c.o)
 .debug_line    0x0000000000000f9d       0x7e /home/engineer/GIT/CPU/QT/build-proj-nios2-Debug/qtc_nios2_Debug/libHAL.a(alt_icache_flush_all.c.o)
 .debug_line    0x000000000000101b      0x1f7 /home/engineer/GIT/CPU/QT/build-proj-nios2-Debug/qtc_nios2_Debug/libHAL.a(alt_io_redirect.c.o)
 .debug_line    0x0000000000001212      0x1e1 /home/engineer/GIT/CPU/QT/build-proj-nios2-Debug/qtc_nios2_Debug/libHAL.a(alt_open.c.o)
 .debug_line    0x00000000000013f3      0x166 /home/engineer/GIT/CPU/QT/build-proj-nios2-Debug/qtc_nios2_Debug/libHAL.a(alt_release_fd.c.o)
 .debug_line    0x0000000000001559       0x80 /home/engineer/GIT/CPU/QT/build-proj-nios2-Debug/qtc_nios2_Debug/libHAL.a(altera_nios2_gen2_irq.c.o)
 .debug_line    0x00000000000015d9      0x1f5 /home/engineer/GIT/CPU/QT/build-proj-nios2-Debug/qtc_nios2_Debug/libHAL.a(altera_avalon_jtag_uart_fd.c.o)
 .debug_line    0x00000000000017ce      0x1e0 /home/engineer/GIT/CPU/QT/build-proj-nios2-Debug/qtc_nios2_Debug/libHAL.a(altera_avalon_jtag_uart_read.c.o)
 .debug_line    0x00000000000019ae      0x1d7 /home/engineer/GIT/CPU/QT/build-proj-nios2-Debug/qtc_nios2_Debug/libHAL.a(altera_avalon_jtag_uart_write.c.o)
 .debug_line    0x0000000000001b85      0x16b /home/engineer/GIT/CPU/QT/build-proj-nios2-Debug/qtc_nios2_Debug/libHAL.a(alt_find_dev.c.o)
 .debug_line    0x0000000000001cf0      0x187 /home/engineer/GIT/CPU/QT/build-proj-nios2-Debug/qtc_nios2_Debug/libHAL.a(alt_find_file.c.o)
 .debug_line    0x0000000000001e77      0x18d /home/engineer/GIT/CPU/QT/build-proj-nios2-Debug/qtc_nios2_Debug/libHAL.a(alt_get_fd.c.o)
 .debug_line    0x0000000000002004      0x105 /home/engineer/intelFPGA/16.1/nios2eds/bin/gnu/H-x86_64-pc-linux-gnu/bin/../lib/gcc/nios2-elf/5.3.0/mno-hw-mul/libgcc.a(lib2-divmod.o)
 .debug_line    0x0000000000002109       0x80 /home/engineer/intelFPGA/16.1/nios2eds/bin/gnu/H-x86_64-pc-linux-gnu/bin/../lib/gcc/nios2-elf/5.3.0/mno-hw-mul/libgcc.a(lib2-mul.o)
 .debug_line    0x0000000000002189       0xe7 /home/engineer/intelFPGA/16.1/nios2eds/bin/gnu/H-x86_64-pc-linux-gnu/bin/../lib/gcc/nios2-elf/5.3.0/../../../../../H-x86_64-pc-linux-gnu/nios2-elf/lib/mno-hw-mul/libsmallc.a(lib_a-atexit.o)
 .debug_line    0x0000000000002270      0x159 /home/engineer/intelFPGA/16.1/nios2eds/bin/gnu/H-x86_64-pc-linux-gnu/bin/../lib/gcc/nios2-elf/5.3.0/../../../../../H-x86_64-pc-linux-gnu/nios2-elf/lib/mno-hw-mul/libsmallc.a(lib_a-exit.o)
 .debug_line    0x00000000000023c9       0x5f /home/engineer/intelFPGA/16.1/nios2eds/bin/gnu/H-x86_64-pc-linux-gnu/bin/../lib/gcc/nios2-elf/5.3.0/../../../../../H-x86_64-pc-linux-gnu/nios2-elf/lib/mno-hw-mul/libsmallc.a(lib_a-int_errno.o)
 .debug_line    0x0000000000002428      0x160 /home/engineer/intelFPGA/16.1/nios2eds/bin/gnu/H-x86_64-pc-linux-gnu/bin/../lib/gcc/nios2-elf/5.3.0/../../../../../H-x86_64-pc-linux-gnu/nios2-elf/lib/mno-hw-mul/libsmallc.a(lib_a-memcmp.o)
 .debug_line    0x0000000000002588      0x203 /home/engineer/intelFPGA/16.1/nios2eds/bin/gnu/H-x86_64-pc-linux-gnu/bin/../lib/gcc/nios2-elf/5.3.0/../../../../../H-x86_64-pc-linux-gnu/nios2-elf/lib/mno-hw-mul/libsmallc.a(lib_a-printf.o)
 .debug_line    0x000000000000278b      0x15c /home/engineer/intelFPGA/16.1/nios2eds/bin/gnu/H-x86_64-pc-linux-gnu/bin/../lib/gcc/nios2-elf/5.3.0/../../../../../H-x86_64-pc-linux-gnu/nios2-elf/lib/mno-hw-mul/libsmallc.a(lib_a-strlen.o)
 .debug_line    0x00000000000028e7      0x351 /home/engineer/intelFPGA/16.1/nios2eds/bin/gnu/H-x86_64-pc-linux-gnu/bin/../lib/gcc/nios2-elf/5.3.0/../../../../../H-x86_64-pc-linux-gnu/nios2-elf/lib/mno-hw-mul/libsmallc.a(lib_a-vfprintf.o)
 .debug_line    0x0000000000002c38      0x20d /home/engineer/intelFPGA/16.1/nios2eds/bin/gnu/H-x86_64-pc-linux-gnu/bin/../lib/gcc/nios2-elf/5.3.0/../../../../../H-x86_64-pc-linux-gnu/nios2-elf/lib/mno-hw-mul/libsmallc.a(lib_a-__atexit.o)
 .debug_line    0x0000000000002e45      0x232 /home/engineer/intelFPGA/16.1/nios2eds/bin/gnu/H-x86_64-pc-linux-gnu/bin/../lib/gcc/nios2-elf/5.3.0/../../../../../H-x86_64-pc-linux-gnu/nios2-elf/lib/mno-hw-mul/libsmallc.a(lib_a-__call_atexit.o)
 .debug_line    0x0000000000003077      0x1f0 /home/engineer/intelFPGA/16.1/nios2eds/bin/gnu/H-x86_64-pc-linux-gnu/bin/../lib/gcc/nios2-elf/5.3.0/../../../../../H-x86_64-pc-linux-gnu/nios2-elf/lib/mno-hw-mul/libsmallc.a(lib_a-fvwrite_small_dev.o)
 .debug_line    0x0000000000003267      0x156 /home/engineer/intelFPGA/16.1/nios2eds/bin/gnu/H-x86_64-pc-linux-gnu/bin/../lib/gcc/nios2-elf/5.3.0/../../../../../H-x86_64-pc-linux-gnu/nios2-elf/lib/mno-hw-mul/libsmallc.a(lib_a-impure.o)
 .debug_line    0x00000000000033bd      0x1ed /home/engineer/intelFPGA/16.1/nios2eds/bin/gnu/H-x86_64-pc-linux-gnu/bin/../lib/gcc/nios2-elf/5.3.0/../../../../../H-x86_64-pc-linux-gnu/nios2-elf/lib/mno-hw-mul/libsmallc.a(lib_a-writer.o)
 .debug_line    0x00000000000035aa       0xcd /home/engineer/GIT/CPU/QT/build-proj-nios2-Debug/qtc_nios2_Debug/libHAL.a(alt_exit.c.o)
 .debug_line    0x0000000000003677      0x2a9 /home/engineer/GIT/CPU/QT/build-proj-nios2-Debug/qtc_nios2_Debug/libHAL.a(alt_write.c.o)

.debug_frame    0x0000000000000000      0xa38
 *(.debug_frame)
 .debug_frame   0x0000000000000000       0x34 /home/engineer/GIT/CPU/QT/build-proj-nios2-Debug/qtc_nios2_Debug/Application.b291beb8/.obj/1bd4771ef8241d57/func.c.o
 .debug_frame   0x0000000000000034       0x2c /home/engineer/GIT/CPU/QT/build-proj-nios2-Debug/qtc_nios2_Debug/Application.b291beb8/.obj/3a52ce780950d4d9/main.c.o
 .debug_frame   0x0000000000000060       0x34 /home/engineer/GIT/CPU/QT/build-proj-nios2-Debug/qtc_nios2_Debug/Application.b291beb8/.obj/ddfd7b431efa41ef/func2.c.o
 .debug_frame   0x0000000000000094       0x5c /home/engineer/GIT/CPU/QT/build-proj-nios2-Debug/qtc_nios2_Debug/libHAL.a(alt_load.c.o)
 .debug_frame   0x00000000000000f0       0x2c /home/engineer/GIT/CPU/QT/build-proj-nios2-Debug/qtc_nios2_Debug/libHAL.a(alt_main.c.o)
 .debug_frame   0x000000000000011c       0x38 /home/engineer/GIT/CPU/QT/build-proj-nios2-Debug/qtc_nios2_Debug/libHAL.a(alt_usleep.c.o)
 .debug_frame   0x0000000000000154       0x88 /home/engineer/GIT/CPU/QT/build-proj-nios2-Debug/qtc_nios2_Debug/libHAL.a(alt_sys_init.c.o)
 .debug_frame   0x00000000000001dc       0x38 /home/engineer/GIT/CPU/QT/build-proj-nios2-Debug/qtc_nios2_Debug/libHAL.a(alt_busy_sleep.c.o)
 .debug_frame   0x0000000000000214       0x60 /home/engineer/GIT/CPU/QT/build-proj-nios2-Debug/qtc_nios2_Debug/libHAL.a(alt_close.c.o)
 .debug_frame   0x0000000000000274       0x34 /home/engineer/GIT/CPU/QT/build-proj-nios2-Debug/qtc_nios2_Debug/libHAL.a(alt_dcache_flush_all.c.o)
 .debug_frame   0x00000000000002a8       0x34 /home/engineer/GIT/CPU/QT/build-proj-nios2-Debug/qtc_nios2_Debug/libHAL.a(alt_dev.c.o)
 .debug_frame   0x00000000000002dc       0x60 /home/engineer/GIT/CPU/QT/build-proj-nios2-Debug/qtc_nios2_Debug/libHAL.a(alt_dev_llist_insert.c.o)
 .debug_frame   0x000000000000033c       0x38 /home/engineer/GIT/CPU/QT/build-proj-nios2-Debug/qtc_nios2_Debug/libHAL.a(alt_do_ctors.c.o)
 .debug_frame   0x0000000000000374       0x38 /home/engineer/GIT/CPU/QT/build-proj-nios2-Debug/qtc_nios2_Debug/libHAL.a(alt_do_dtors.c.o)
 .debug_frame   0x00000000000003ac       0x34 /home/engineer/GIT/CPU/QT/build-proj-nios2-Debug/qtc_nios2_Debug/libHAL.a(alt_icache_flush_all.c.o)
 .debug_frame   0x00000000000003e0       0x64 /home/engineer/GIT/CPU/QT/build-proj-nios2-Debug/qtc_nios2_Debug/libHAL.a(alt_io_redirect.c.o)
 .debug_frame   0x0000000000000444       0x8c /home/engineer/GIT/CPU/QT/build-proj-nios2-Debug/qtc_nios2_Debug/libHAL.a(alt_open.c.o)
 .debug_frame   0x00000000000004d0       0x3c /home/engineer/GIT/CPU/QT/build-proj-nios2-Debug/qtc_nios2_Debug/libHAL.a(alt_release_fd.c.o)
 .debug_frame   0x000000000000050c       0x34 /home/engineer/GIT/CPU/QT/build-proj-nios2-Debug/qtc_nios2_Debug/libHAL.a(altera_nios2_gen2_irq.c.o)
 .debug_frame   0x0000000000000540       0x60 /home/engineer/GIT/CPU/QT/build-proj-nios2-Debug/qtc_nios2_Debug/libHAL.a(altera_avalon_jtag_uart_fd.c.o)
 .debug_frame   0x00000000000005a0       0x34 /home/engineer/GIT/CPU/QT/build-proj-nios2-Debug/qtc_nios2_Debug/libHAL.a(altera_avalon_jtag_uart_read.c.o)
 .debug_frame   0x00000000000005d4       0x34 /home/engineer/GIT/CPU/QT/build-proj-nios2-Debug/qtc_nios2_Debug/libHAL.a(altera_avalon_jtag_uart_write.c.o)
 .debug_frame   0x0000000000000608       0x38 /home/engineer/GIT/CPU/QT/build-proj-nios2-Debug/qtc_nios2_Debug/libHAL.a(alt_find_dev.c.o)
 .debug_frame   0x0000000000000640       0x38 /home/engineer/GIT/CPU/QT/build-proj-nios2-Debug/qtc_nios2_Debug/libHAL.a(alt_find_file.c.o)
 .debug_frame   0x0000000000000678       0x3c /home/engineer/GIT/CPU/QT/build-proj-nios2-Debug/qtc_nios2_Debug/libHAL.a(alt_get_fd.c.o)
 .debug_frame   0x00000000000006b4       0x50 /home/engineer/intelFPGA/16.1/nios2eds/bin/gnu/H-x86_64-pc-linux-gnu/bin/../lib/gcc/nios2-elf/5.3.0/mno-hw-mul/libgcc.a(lib2-divmod.o)
 .debug_frame   0x0000000000000704       0x20 /home/engineer/intelFPGA/16.1/nios2eds/bin/gnu/H-x86_64-pc-linux-gnu/bin/../lib/gcc/nios2-elf/5.3.0/mno-hw-mul/libgcc.a(lib2-mul.o)
 .debug_frame   0x0000000000000724       0x20 /home/engineer/intelFPGA/16.1/nios2eds/bin/gnu/H-x86_64-pc-linux-gnu/bin/../lib/gcc/nios2-elf/5.3.0/../../../../../H-x86_64-pc-linux-gnu/nios2-elf/lib/mno-hw-mul/libsmallc.a(lib_a-atexit.o)
 .debug_frame   0x0000000000000744       0x28 /home/engineer/intelFPGA/16.1/nios2eds/bin/gnu/H-x86_64-pc-linux-gnu/bin/../lib/gcc/nios2-elf/5.3.0/../../../../../H-x86_64-pc-linux-gnu/nios2-elf/lib/mno-hw-mul/libsmallc.a(lib_a-exit.o)
 .debug_frame   0x000000000000076c       0x20 /home/engineer/intelFPGA/16.1/nios2eds/bin/gnu/H-x86_64-pc-linux-gnu/bin/../lib/gcc/nios2-elf/5.3.0/../../../../../H-x86_64-pc-linux-gnu/nios2-elf/lib/mno-hw-mul/libsmallc.a(lib_a-memcmp.o)
 .debug_frame   0x000000000000078c       0x48 /home/engineer/intelFPGA/16.1/nios2eds/bin/gnu/H-x86_64-pc-linux-gnu/bin/../lib/gcc/nios2-elf/5.3.0/../../../../../H-x86_64-pc-linux-gnu/nios2-elf/lib/mno-hw-mul/libsmallc.a(lib_a-printf.o)
 .debug_frame   0x00000000000007d4       0x20 /home/engineer/intelFPGA/16.1/nios2eds/bin/gnu/H-x86_64-pc-linux-gnu/bin/../lib/gcc/nios2-elf/5.3.0/../../../../../H-x86_64-pc-linux-gnu/nios2-elf/lib/mno-hw-mul/libsmallc.a(lib_a-strlen.o)
 .debug_frame   0x00000000000007f4       0x8c /home/engineer/intelFPGA/16.1/nios2eds/bin/gnu/H-x86_64-pc-linux-gnu/bin/../lib/gcc/nios2-elf/5.3.0/../../../../../H-x86_64-pc-linux-gnu/nios2-elf/lib/mno-hw-mul/libsmallc.a(lib_a-vfprintf.o)
 .debug_frame   0x0000000000000880       0x48 /home/engineer/intelFPGA/16.1/nios2eds/bin/gnu/H-x86_64-pc-linux-gnu/bin/../lib/gcc/nios2-elf/5.3.0/../../../../../H-x86_64-pc-linux-gnu/nios2-elf/lib/mno-hw-mul/libsmallc.a(lib_a-__atexit.o)
 .debug_frame   0x00000000000008c8       0x54 /home/engineer/intelFPGA/16.1/nios2eds/bin/gnu/H-x86_64-pc-linux-gnu/bin/../lib/gcc/nios2-elf/5.3.0/../../../../../H-x86_64-pc-linux-gnu/nios2-elf/lib/mno-hw-mul/libsmallc.a(lib_a-__call_atexit.o)
 .debug_frame   0x000000000000091c       0x58 /home/engineer/intelFPGA/16.1/nios2eds/bin/gnu/H-x86_64-pc-linux-gnu/bin/../lib/gcc/nios2-elf/5.3.0/../../../../../H-x86_64-pc-linux-gnu/nios2-elf/lib/mno-hw-mul/libsmallc.a(lib_a-fvwrite_small_dev.o)
 .debug_frame   0x0000000000000974       0x38 /home/engineer/intelFPGA/16.1/nios2eds/bin/gnu/H-x86_64-pc-linux-gnu/bin/../lib/gcc/nios2-elf/5.3.0/../../../../../H-x86_64-pc-linux-gnu/nios2-elf/lib/mno-hw-mul/libsmallc.a(lib_a-writer.o)
 .debug_frame   0x00000000000009ac       0x2c /home/engineer/GIT/CPU/QT/build-proj-nios2-Debug/qtc_nios2_Debug/libHAL.a(alt_exit.c.o)
 .debug_frame   0x00000000000009d8       0x60 /home/engineer/GIT/CPU/QT/build-proj-nios2-Debug/qtc_nios2_Debug/libHAL.a(alt_write.c.o)

.debug_str      0x0000000000000000     0x1c66
 *(.debug_str)
 .debug_str     0x0000000000000000      0x10f /home/engineer/GIT/CPU/QT/build-proj-nios2-Debug/qtc_nios2_Debug/Application.b291beb8/.obj/1bd4771ef8241d57/func.c.o
 .debug_str     0x000000000000010f       0x9f /home/engineer/GIT/CPU/QT/build-proj-nios2-Debug/qtc_nios2_Debug/Application.b291beb8/.obj/3a52ce780950d4d9/main.c.o
                                        0x1ad (size before relaxing)
 .debug_str     0x00000000000001ae       0x46 /home/engineer/GIT/CPU/QT/build-proj-nios2-Debug/qtc_nios2_Debug/Application.b291beb8/.obj/ddfd7b431efa41ef/func2.c.o
                                        0x116 (size before relaxing)
 .debug_str     0x00000000000001f4      0x169 /home/engineer/GIT/CPU/QT/build-proj-nios2-Debug/qtc_nios2_Debug/libHAL.a(alt_load.c.o)
                                        0x207 (size before relaxing)
 .debug_str     0x000000000000035d       0x9f /home/engineer/GIT/CPU/QT/build-proj-nios2-Debug/qtc_nios2_Debug/libHAL.a(alt_main.c.o)
                                        0x192 (size before relaxing)
 .debug_str     0x00000000000003fc       0x56 /home/engineer/GIT/CPU/QT/build-proj-nios2-Debug/qtc_nios2_Debug/libHAL.a(alt_usleep.c.o)
                                        0x13d (size before relaxing)
 .debug_str     0x0000000000000452      0x186 /home/engineer/GIT/CPU/QT/build-proj-nios2-Debug/qtc_nios2_Debug/libHAL.a(alt_sys_init.c.o)
                                        0x2c9 (size before relaxing)
 .debug_str     0x00000000000005d8       0x71 /home/engineer/GIT/CPU/QT/build-proj-nios2-Debug/qtc_nios2_Debug/libHAL.a(alt_busy_sleep.c.o)
                                        0x160 (size before relaxing)
 .debug_str     0x0000000000000649       0x73 /home/engineer/GIT/CPU/QT/build-proj-nios2-Debug/qtc_nios2_Debug/libHAL.a(alt_close.c.o)
                                        0x200 (size before relaxing)
 .debug_str     0x00000000000006bc       0x63 /home/engineer/GIT/CPU/QT/build-proj-nios2-Debug/qtc_nios2_Debug/libHAL.a(alt_dcache_flush_all.c.o)
                                        0x14a (size before relaxing)
 .debug_str     0x000000000000071f      0x14f /home/engineer/GIT/CPU/QT/build-proj-nios2-Debug/qtc_nios2_Debug/libHAL.a(alt_dev.c.o)
                                        0x2fa (size before relaxing)
 .debug_str     0x000000000000086e       0x7a /home/engineer/GIT/CPU/QT/build-proj-nios2-Debug/qtc_nios2_Debug/libHAL.a(alt_dev_llist_insert.c.o)
                                        0x1c1 (size before relaxing)
 .debug_str     0x00000000000008e8       0x77 /home/engineer/GIT/CPU/QT/build-proj-nios2-Debug/qtc_nios2_Debug/libHAL.a(alt_do_ctors.c.o)
                                         0xc5 (size before relaxing)
 .debug_str     0x000000000000095f       0x7b /home/engineer/GIT/CPU/QT/build-proj-nios2-Debug/qtc_nios2_Debug/libHAL.a(alt_do_dtors.c.o)
                                         0xc4 (size before relaxing)
 .debug_str     0x00000000000009da       0x43 /home/engineer/GIT/CPU/QT/build-proj-nios2-Debug/qtc_nios2_Debug/libHAL.a(alt_errno.c.o)
                                        0x13a (size before relaxing)
 .debug_str     0x0000000000000a1d       0x63 /home/engineer/GIT/CPU/QT/build-proj-nios2-Debug/qtc_nios2_Debug/libHAL.a(alt_icache_flush_all.c.o)
                                        0x14a (size before relaxing)
 .debug_str     0x0000000000000a80       0x85 /home/engineer/GIT/CPU/QT/build-proj-nios2-Debug/qtc_nios2_Debug/libHAL.a(alt_io_redirect.c.o)
                                        0x30b (size before relaxing)
 .debug_str     0x0000000000000b05       0x65 /home/engineer/GIT/CPU/QT/build-proj-nios2-Debug/qtc_nios2_Debug/libHAL.a(alt_open.c.o)
                                        0x240 (size before relaxing)
 .debug_str     0x0000000000000b6a       0x57 /home/engineer/GIT/CPU/QT/build-proj-nios2-Debug/qtc_nios2_Debug/libHAL.a(alt_release_fd.c.o)
                                        0x1c8 (size before relaxing)
 .debug_str     0x0000000000000bc1       0x6a /home/engineer/GIT/CPU/QT/build-proj-nios2-Debug/qtc_nios2_Debug/libHAL.a(altera_nios2_gen2_irq.c.o)
                                        0x151 (size before relaxing)
 .debug_str     0x0000000000000c2b       0xa6 /home/engineer/GIT/CPU/QT/build-proj-nios2-Debug/qtc_nios2_Debug/libHAL.a(altera_avalon_jtag_uart_fd.c.o)
                                        0x2ca (size before relaxing)
 .debug_str     0x0000000000000cd1       0x77 /home/engineer/GIT/CPU/QT/build-proj-nios2-Debug/qtc_nios2_Debug/libHAL.a(altera_avalon_jtag_uart_read.c.o)
                                        0x214 (size before relaxing)
 .debug_str     0x0000000000000d48       0x79 /home/engineer/GIT/CPU/QT/build-proj-nios2-Debug/qtc_nios2_Debug/libHAL.a(altera_avalon_jtag_uart_write.c.o)
                                        0x20a (size before relaxing)
 .debug_str     0x0000000000000dc1       0x53 /home/engineer/GIT/CPU/QT/build-proj-nios2-Debug/qtc_nios2_Debug/libHAL.a(alt_find_dev.c.o)
                                        0x1e1 (size before relaxing)
 .debug_str     0x0000000000000e14       0x55 /home/engineer/GIT/CPU/QT/build-proj-nios2-Debug/qtc_nios2_Debug/libHAL.a(alt_find_file.c.o)
                                        0x1ef (size before relaxing)
 .debug_str     0x0000000000000e69       0x5f /home/engineer/GIT/CPU/QT/build-proj-nios2-Debug/qtc_nios2_Debug/libHAL.a(alt_get_fd.c.o)
                                        0x211 (size before relaxing)
 .debug_str     0x0000000000000ec8      0x188 /home/engineer/intelFPGA/16.1/nios2eds/bin/gnu/H-x86_64-pc-linux-gnu/bin/../lib/gcc/nios2-elf/5.3.0/mno-hw-mul/libgcc.a(lib2-divmod.o)
                                        0x1d3 (size before relaxing)
 .debug_str     0x0000000000001050       0x40 /home/engineer/intelFPGA/16.1/nios2eds/bin/gnu/H-x86_64-pc-linux-gnu/bin/../lib/gcc/nios2-elf/5.3.0/mno-hw-mul/libgcc.a(lib2-mul.o)
                                        0x194 (size before relaxing)
 .debug_str     0x0000000000001090      0x178 /home/engineer/intelFPGA/16.1/nios2eds/bin/gnu/H-x86_64-pc-linux-gnu/bin/../lib/gcc/nios2-elf/5.3.0/../../../../../H-x86_64-pc-linux-gnu/nios2-elf/lib/mno-hw-mul/libsmallc.a(lib_a-atexit.o)
                                        0x21d (size before relaxing)
 .debug_str     0x0000000000001208       0x4c /home/engineer/intelFPGA/16.1/nios2eds/bin/gnu/H-x86_64-pc-linux-gnu/bin/../lib/gcc/nios2-elf/5.3.0/../../../../../H-x86_64-pc-linux-gnu/nios2-elf/lib/mno-hw-mul/libsmallc.a(lib_a-exit.o)
                                        0x1f1 (size before relaxing)
 .debug_str     0x0000000000001254       0xd4 /home/engineer/intelFPGA/16.1/nios2eds/bin/gnu/H-x86_64-pc-linux-gnu/bin/../lib/gcc/nios2-elf/5.3.0/../../../../../H-x86_64-pc-linux-gnu/nios2-elf/lib/mno-hw-mul/libsmallc.a(lib_a-int_errno.o)
                                        0x1d9 (size before relaxing)
 .debug_str     0x0000000000001328       0xda /home/engineer/intelFPGA/16.1/nios2eds/bin/gnu/H-x86_64-pc-linux-gnu/bin/../lib/gcc/nios2-elf/5.3.0/../../../../../H-x86_64-pc-linux-gnu/nios2-elf/lib/mno-hw-mul/libsmallc.a(lib_a-memcmp.o)
                                        0x1e0 (size before relaxing)
 .debug_str     0x0000000000001402      0x3c9 /home/engineer/intelFPGA/16.1/nios2eds/bin/gnu/H-x86_64-pc-linux-gnu/bin/../lib/gcc/nios2-elf/5.3.0/../../../../../H-x86_64-pc-linux-gnu/nios2-elf/lib/mno-hw-mul/libsmallc.a(lib_a-printf.o)
                                        0x505 (size before relaxing)
 .debug_str     0x00000000000017cb       0x44 /home/engineer/intelFPGA/16.1/nios2eds/bin/gnu/H-x86_64-pc-linux-gnu/bin/../lib/gcc/nios2-elf/5.3.0/../../../../../H-x86_64-pc-linux-gnu/nios2-elf/lib/mno-hw-mul/libsmallc.a(lib_a-strlen.o)
                                        0x1e6 (size before relaxing)
 .debug_str     0x000000000000180f      0x1f8 /home/engineer/intelFPGA/16.1/nios2eds/bin/gnu/H-x86_64-pc-linux-gnu/bin/../lib/gcc/nios2-elf/5.3.0/../../../../../H-x86_64-pc-linux-gnu/nios2-elf/lib/mno-hw-mul/libsmallc.a(lib_a-vfprintf.o)
                                        0x680 (size before relaxing)
 .debug_str     0x0000000000001a07       0x59 /home/engineer/intelFPGA/16.1/nios2eds/bin/gnu/H-x86_64-pc-linux-gnu/bin/../lib/gcc/nios2-elf/5.3.0/../../../../../H-x86_64-pc-linux-gnu/nios2-elf/lib/mno-hw-mul/libsmallc.a(lib_a-__atexit.o)
                                        0x500 (size before relaxing)
 .debug_str     0x0000000000001a60       0x65 /home/engineer/intelFPGA/16.1/nios2eds/bin/gnu/H-x86_64-pc-linux-gnu/bin/../lib/gcc/nios2-elf/5.3.0/../../../../../H-x86_64-pc-linux-gnu/nios2-elf/lib/mno-hw-mul/libsmallc.a(lib_a-__call_atexit.o)
                                        0x4ec (size before relaxing)
 .debug_str     0x0000000000001ac5       0x78 /home/engineer/intelFPGA/16.1/nios2eds/bin/gnu/H-x86_64-pc-linux-gnu/bin/../lib/gcc/nios2-elf/5.3.0/../../../../../H-x86_64-pc-linux-gnu/nios2-elf/lib/mno-hw-mul/libsmallc.a(lib_a-fvwrite_small_dev.o)
                                        0x4d5 (size before relaxing)
 .debug_str     0x0000000000001b3d       0x48 /home/engineer/intelFPGA/16.1/nios2eds/bin/gnu/H-x86_64-pc-linux-gnu/bin/../lib/gcc/nios2-elf/5.3.0/../../../../../H-x86_64-pc-linux-gnu/nios2-elf/lib/mno-hw-mul/libsmallc.a(lib_a-impure.o)
                                        0x4bf (size before relaxing)
 .debug_str     0x0000000000001b85       0x45 /home/engineer/intelFPGA/16.1/nios2eds/bin/gnu/H-x86_64-pc-linux-gnu/bin/../lib/gcc/nios2-elf/5.3.0/../../../../../H-x86_64-pc-linux-gnu/nios2-elf/lib/mno-hw-mul/libsmallc.a(lib_a-writer.o)
                                        0x4b9 (size before relaxing)
 .debug_str     0x0000000000001bca       0x59 /home/engineer/GIT/CPU/QT/build-proj-nios2-Debug/qtc_nios2_Debug/libHAL.a(alt_exit.c.o)
                                        0x146 (size before relaxing)
 .debug_str     0x0000000000001c23       0x43 /home/engineer/GIT/CPU/QT/build-proj-nios2-Debug/qtc_nios2_Debug/libHAL.a(alt_write.c.o)
                                        0x2ed (size before relaxing)

.debug_loc      0x0000000000000000     0x1543
 *(.debug_loc)
 .debug_loc     0x0000000000000000      0x4ce /home/engineer/intelFPGA/16.1/nios2eds/bin/gnu/H-x86_64-pc-linux-gnu/bin/../lib/gcc/nios2-elf/5.3.0/mno-hw-mul/libgcc.a(lib2-divmod.o)
 .debug_loc     0x00000000000004ce       0x93 /home/engineer/intelFPGA/16.1/nios2eds/bin/gnu/H-x86_64-pc-linux-gnu/bin/../lib/gcc/nios2-elf/5.3.0/mno-hw-mul/libgcc.a(lib2-mul.o)
 .debug_loc     0x0000000000000561       0x2c /home/engineer/intelFPGA/16.1/nios2eds/bin/gnu/H-x86_64-pc-linux-gnu/bin/../lib/gcc/nios2-elf/5.3.0/../../../../../H-x86_64-pc-linux-gnu/nios2-elf/lib/mno-hw-mul/libsmallc.a(lib_a-atexit.o)
 .debug_loc     0x000000000000058d       0x1e /home/engineer/intelFPGA/16.1/nios2eds/bin/gnu/H-x86_64-pc-linux-gnu/bin/../lib/gcc/nios2-elf/5.3.0/../../../../../H-x86_64-pc-linux-gnu/nios2-elf/lib/mno-hw-mul/libsmallc.a(lib_a-exit.o)
 .debug_loc     0x00000000000005ab       0x94 /home/engineer/intelFPGA/16.1/nios2eds/bin/gnu/H-x86_64-pc-linux-gnu/bin/../lib/gcc/nios2-elf/5.3.0/../../../../../H-x86_64-pc-linux-gnu/nios2-elf/lib/mno-hw-mul/libsmallc.a(lib_a-memcmp.o)
 .debug_loc     0x000000000000063f       0xc6 /home/engineer/intelFPGA/16.1/nios2eds/bin/gnu/H-x86_64-pc-linux-gnu/bin/../lib/gcc/nios2-elf/5.3.0/../../../../../H-x86_64-pc-linux-gnu/nios2-elf/lib/mno-hw-mul/libsmallc.a(lib_a-printf.o)