Archive member included to satisfy reference by file (symbol)

/home/engineer/intelFPGA/16.1/nios2eds/bin/gnu/H-x86_64-pc-linux-gnu/bin/../lib/gcc/nios2-elf/5.3.0/../../../../../H-x86_64-pc-linux-gnu/nios2-elf/lib/mno-hw-mul/libsmallc.a(lib_a-printf.o)
                              /home/engineer/GIT/CPU/QT/build-nios-nios2-Debug/qtc_nios2_Debug/CPU.ff221d47/main.c.o (printf)
/home/engineer/intelFPGA/16.1/nios2eds/bin/gnu/H-x86_64-pc-linux-gnu/bin/../lib/gcc/nios2-elf/5.3.0/../../../../../H-x86_64-pc-linux-gnu/nios2-elf/lib/mno-hw-mul/libsmallc.a(lib_a-vfprintf.o)
                              /home/engineer/intelFPGA/16.1/nios2eds/bin/gnu/H-x86_64-pc-linux-gnu/bin/../lib/gcc/nios2-elf/5.3.0/../../../../../H-x86_64-pc-linux-gnu/nios2-elf/lib/mno-hw-mul/libsmallc.a(lib_a-printf.o) (___vfprintf_internal_r)
/home/engineer/intelFPGA/16.1/nios2eds/bin/gnu/H-x86_64-pc-linux-gnu/bin/../lib/gcc/nios2-elf/5.3.0/../../../../../H-x86_64-pc-linux-gnu/nios2-elf/lib/mno-hw-mul/libsmallc.a(lib_a-fvwrite_small_dev.o)
                              /home/engineer/intelFPGA/16.1/nios2eds/bin/gnu/H-x86_64-pc-linux-gnu/bin/../lib/gcc/nios2-elf/5.3.0/../../../../../H-x86_64-pc-linux-gnu/nios2-elf/lib/mno-hw-mul/libsmallc.a(lib_a-printf.o) (__sfvwrite_small_dev)
/home/engineer/intelFPGA/16.1/nios2eds/bin/gnu/H-x86_64-pc-linux-gnu/bin/../lib/gcc/nios2-elf/5.3.0/../../../../../H-x86_64-pc-linux-gnu/nios2-elf/lib/mno-hw-mul/libsmallc.a(lib_a-impure.o)
                              /home/engineer/intelFPGA/16.1/nios2eds/bin/gnu/H-x86_64-pc-linux-gnu/bin/../lib/gcc/nios2-elf/5.3.0/../../../../../H-x86_64-pc-linux-gnu/nios2-elf/lib/mno-hw-mul/libsmallc.a(lib_a-printf.o) (_impure_ptr)
/home/engineer/intelFPGA/16.1/nios2eds/bin/gnu/H-x86_64-pc-linux-gnu/bin/../lib/gcc/nios2-elf/5.3.0/../../../../../H-x86_64-pc-linux-gnu/nios2-elf/lib/mno-hw-mul/libsmallc.a(lib_a-strlen.o)
                              /home/engineer/intelFPGA/16.1/nios2eds/bin/gnu/H-x86_64-pc-linux-gnu/bin/../lib/gcc/nios2-elf/5.3.0/../../../../../H-x86_64-pc-linux-gnu/nios2-elf/lib/mno-hw-mul/libsmallc.a(lib_a-vfprintf.o) (strlen)
/home/engineer/intelFPGA/16.1/nios2eds/bin/gnu/H-x86_64-pc-linux-gnu/bin/../lib/gcc/nios2-elf/5.3.0/../../../../../H-x86_64-pc-linux-gnu/nios2-elf/lib/mno-hw-mul/libsmallc.a(lib_a-writer.o)
                              /home/engineer/intelFPGA/16.1/nios2eds/bin/gnu/H-x86_64-pc-linux-gnu/bin/../lib/gcc/nios2-elf/5.3.0/../../../../../H-x86_64-pc-linux-gnu/nios2-elf/lib/mno-hw-mul/libsmallc.a(lib_a-fvwrite_small_dev.o) (_write_r)
/home/engineer/intelFPGA/16.1/nios2eds/bin/gnu/H-x86_64-pc-linux-gnu/bin/../lib/gcc/nios2-elf/5.3.0/../../../../../H-x86_64-pc-linux-gnu/nios2-elf/lib/mno-hw-mul/libsmallc.a(lib_a-int_errno.o)
                              /home/engineer/intelFPGA/16.1/nios2eds/bin/gnu/H-x86_64-pc-linux-gnu/bin/../lib/gcc/nios2-elf/5.3.0/../../../../../H-x86_64-pc-linux-gnu/nios2-elf/lib/mno-hw-mul/libsmallc.a(lib_a-writer.o) (errno)
/home/engineer/intelFPGA/16.1/nios2eds/bin/gnu/H-x86_64-pc-linux-gnu/bin/../lib/gcc/nios2-elf/5.3.0/mno-hw-mul/libgcc.a(lib2-divmod.o)
                              /home/engineer/intelFPGA/16.1/nios2eds/bin/gnu/H-x86_64-pc-linux-gnu/bin/../lib/gcc/nios2-elf/5.3.0/../../../../../H-x86_64-pc-linux-gnu/nios2-elf/lib/mno-hw-mul/libsmallc.a(lib_a-vfprintf.o) (__udivsi3)
/home/engineer/intelFPGA/16.1/nios2eds/bin/gnu/H-x86_64-pc-linux-gnu/bin/../lib/gcc/nios2-elf/5.3.0/mno-hw-mul/libgcc.a(lib2-mul.o)
                              /home/engineer/intelFPGA/16.1/nios2eds/bin/gnu/H-x86_64-pc-linux-gnu/bin/../lib/gcc/nios2-elf/5.3.0/../../../../../H-x86_64-pc-linux-gnu/nios2-elf/lib/mno-hw-mul/libsmallc.a(lib_a-vfprintf.o) (__mulsi3)
/home/engineer/GIT/CPU/QT/build-nios-nios2-Debug/qtc_nios2_Debug/CPU.ff221d47/libnios2.a(alt_load.c.o)
                              /home/engineer/GIT/CPU/QT/build-nios-nios2-Debug/qtc_nios2_Debug/CPU.ff221d47/crt0.S.o (alt_load)
/home/engineer/GIT/CPU/QT/build-nios-nios2-Debug/qtc_nios2_Debug/CPU.ff221d47/libnios2.a(alt_main.c.o)
                              /home/engineer/GIT/CPU/QT/build-nios-nios2-Debug/qtc_nios2_Debug/CPU.ff221d47/crt0.S.o (alt_main)
/home/engineer/GIT/CPU/QT/build-nios-nios2-Debug/qtc_nios2_Debug/CPU.ff221d47/libnios2.a(alt_sys_init.c.o)
                              /home/engineer/GIT/CPU/QT/build-nios-nios2-Debug/qtc_nios2_Debug/CPU.ff221d47/libnios2.a(alt_main.c.o) (alt_irq_init)
/home/engineer/GIT/CPU/QT/build-nios-nios2-Debug/qtc_nios2_Debug/CPU.ff221d47/libnios2.a(alt_usleep.c.o)
                              /home/engineer/GIT/CPU/QT/build-nios-nios2-Debug/qtc_nios2_Debug/CPU.ff221d47/main.c.o (usleep)
/home/engineer/GIT/CPU/QT/build-nios-nios2-Debug/qtc_nios2_Debug/CPU.ff221d47/libnios2.a(alt_write.c.o)
                              /home/engineer/intelFPGA/16.1/nios2eds/bin/gnu/H-x86_64-pc-linux-gnu/bin/../lib/gcc/nios2-elf/5.3.0/../../../../../H-x86_64-pc-linux-gnu/nios2-elf/lib/mno-hw-mul/libsmallc.a(lib_a-writer.o) (write)
[...]
Memory Configuration

Name             Origin             Length             Attributes
reset            0x0000000000008000 0x0000000000000020
onchip_memory2_0 0x0000000000008020 0x0000000000006188
*default*        0x0000000000000000 0xffffffffffffffff

Linker script and memory map

LOAD /home/engineer/GIT/CPU/QT/build-nios-nios2-Debug/qtc_nios2_Debug/CPU.ff221d47/crt0.S.o
LOAD /home/engineer/GIT/CPU/QT/build-nios-nios2-Debug/qtc_nios2_Debug/CPU.ff221d47/main.c.o
LOAD /home/engineer/intelFPGA/16.1/nios2eds/bin/gnu/H-x86_64-pc-linux-gnu/bin/../lib/gcc/nios2-elf/5.3.0/../../../../../H-x86_64-pc-linux-gnu/nios2-elf/lib/mno-hw-mul/libstdc++.a
LOAD /home/engineer/intelFPGA/16.1/nios2eds/bin/gnu/H-x86_64-pc-linux-gnu/bin/../lib/gcc/nios2-elf/5.3.0/../../../../../H-x86_64-pc-linux-gnu/nios2-elf/lib/mno-hw-mul/libm.a
LOAD /home/engineer/intelFPGA/16.1/nios2eds/bin/gnu/H-x86_64-pc-linux-gnu/bin/../lib/gcc/nios2-elf/5.3.0/mno-hw-mul/libgcc.a
START GROUP
LOAD /home/engineer/intelFPGA/16.1/nios2eds/bin/gnu/H-x86_64-pc-linux-gnu/bin/../lib/gcc/nios2-elf/5.3.0/../../../../../H-x86_64-pc-linux-gnu/nios2-elf/lib/mno-hw-mul/libsmallc.a
LOAD /home/engineer/intelFPGA/16.1/nios2eds/bin/gnu/H-x86_64-pc-linux-gnu/bin/../lib/gcc/nios2-elf/5.3.0/mno-hw-mul/libgcc.a
LOAD /home/engineer/intelFPGA/16.1/nios2eds/bin/gnu/H-x86_64-pc-linux-gnu/bin/../lib/gcc/nios2-elf/5.3.0/../../../../../H-x86_64-pc-linux-gnu/nios2-elf/lib/mno-hw-mul/libm.a
LOAD /home/engineer/GIT/CPU/QT/build-nios-nios2-Debug/qtc_nios2_Debug/CPU.ff221d47/libnios2.a
END GROUP
LOAD /home/engineer/intelFPGA/16.1/nios2eds/bin/gnu/H-x86_64-pc-linux-gnu/bin/../lib/gcc/nios2-elf/5.3.0/mno-hw-mul/libgcc.a
                0x0000000000008000                __alt_mem_onchip_memory2_0 = 0x8000

.entry          0x0000000000008000       0x20
 *(.entry)
 .entry         0x0000000000008000       0x20 /home/engineer/GIT/CPU/QT/build-nios-nios2-Debug/qtc_nios2_Debug/CPU.ff221d47/crt0.S.o
                0x0000000000008000                __reset

.exceptions     0x0000000000008020        0x0
                0x0000000000008020                PROVIDE (__ram_exceptions_start, ABSOLUTE (.))
                0x0000000000008020                . = ALIGN (0x20)
 *(.irq)
 *(.exceptions.entry.label)
 *(.exceptions.entry.user)
 *(.exceptions.entry.ecc_fatal)
 *(.exceptions.entry)
 *(.exceptions.irqtest.user)
 *(.exceptions.irqtest)
 *(.exceptions.irqhandler.user)
 *(.exceptions.irqhandler)
 *(.exceptions.irqreturn.user)
 *(.exceptions.irqreturn)
 *(.exceptions.notirq.label)
 *(.exceptions.notirq.user)
 *(.exceptions.notirq)
 *(.exceptions.soft.user)
 *(.exceptions.soft)
 *(.exceptions.unknown.user)
 *(.exceptions.unknown)
 *(.exceptions.exit.label)
 *(.exceptions.exit.user)
 *(.exceptions.exit)
 *(.exceptions)
                0x0000000000008020                PROVIDE (__ram_exceptions_end, ABSOLUTE (.))
                0x0000000000008020                PROVIDE (__flash_exceptions_start, LOADADDR (.exceptions))

.text           0x0000000000008020     0x1e7c
                [!provide]                        PROVIDE (stext, ABSOLUTE (.))
 *(.interp)
 *(.hash)
 *(.dynsym)
 *(.dynstr)
 *(.gnu.version)
 *(.gnu.version_d)
 *(.gnu.version_r)
 *(.rel.init)
 *(.rela.init)
 *(.rel.text .rel.text.* .rel.gnu.linkonce.t.*)
 *(.rela.text .rela.text.* .rela.gnu.linkonce.t.*)
 *(.rel.fini)
 *(.rela.fini)
 *(.rel.rodata .rel.rodata.* .rel.gnu.linkonce.r.*)
 *(.rela.rodata .rela.rodata.* .rela.gnu.linkonce.r.*)
 *(.rel.data .rel.data.* .rel.gnu.linkonce.d.*)
 *(.rela.data .rela.data.* .rela.gnu.linkonce.d.*)
 *(.rel.tdata .rel.tdata.* .rel.gnu.linkonce.td.*)
 *(.rela.tdata .rela.tdata.* .rela.gnu.linkonce.td.*)
 *(.rel.tbss .rel.tbss.* .rel.gnu.linkonce.tb.*)
 *(.rela.tbss .rela.tbss.* .rela.gnu.linkonce.tb.*)
 *(.rel.ctors)
 *(.rela.ctors)
 *(.rel.dtors)
 *(.rela.dtors)
 *(.rel.got)
 *(.rela.got)
 *(.rel.sdata .rel.sdata.* .rel.gnu.linkonce.s.*)
 *(.rela.sdata .rela.sdata.* .rela.gnu.linkonce.s.*)
 *(.rel.sbss .rel.sbss.* .rel.gnu.linkonce.sb.*)
 *(.rela.sbss .rela.sbss.* .rela.gnu.linkonce.sb.*)
 *(.rel.sdata2 .rel.sdata2.* .rel.gnu.linkonce.s2.*)
 *(.rela.sdata2 .rela.sdata2.* .rela.gnu.linkonce.s2.*)
 *(.rel.sbss2 .rel.sbss2.* .rel.gnu.linkonce.sb2.*)
 *(.rela.sbss2 .rela.sbss2.* .rela.gnu.linkonce.sb2.*)
 *(.rel.bss .rel.bss.* .rel.gnu.linkonce.b.*)
 *(.rela.bss .rela.bss.* .rela.gnu.linkonce.b.*)
 *(.rel.plt)
 *(.rela.plt)
 *(.rel.dyn)
 *(.init)
 *(.plt)
 *(.text .stub .text.* .gnu.linkonce.t.*)
 .text          0x0000000000008020       0x3c /home/engineer/GIT/CPU/QT/build-nios-nios2-Debug/qtc_nios2_Debug/CPU.ff221d47/crt0.S.o
                0x0000000000008020                _start
 .text          0x000000000000805c       0x64 /home/engineer/GIT/CPU/QT/build-nios-nios2-Debug/qtc_nios2_Debug/CPU.ff221d47/main.c.o
                0x000000000000805c                main
 .text          0x00000000000080c0        0x0 /home/engineer/intelFPGA/16.1/nios2eds/bin/gnu/H-x86_64-pc-linux-gnu/bin/../lib/gcc/nios2-elf/5.3.0/../../../../../H-x86_64-pc-linux-gnu/nios2-elf/lib/mno-hw-mul/libsmallc.a(lib_a-printf.o)
 .text._printf_r
                0x00000000000080c0       0x3c /home/engineer/intelFPGA/16.1/nios2eds/bin/gnu/H-x86_64-pc-linux-gnu/bin/../lib/gcc/nios2-elf/5.3.0/../../../../../H-x86_64-pc-linux-gnu/nios2-elf/lib/mno-hw-mul/libsmallc.a(lib_a-printf.o)
                0x00000000000080c0                _printf_r
 .text.printf   0x00000000000080fc       0x4c /home/engineer/intelFPGA/16.1/nios2eds/bin/gnu/H-x86_64-pc-linux-gnu/bin/../lib/gcc/nios2-elf/5.3.0/../../../../../H-x86_64-pc-linux-gnu/nios2-elf/lib/mno-hw-mul/libsmallc.a(lib_a-printf.o)
                0x00000000000080fc                printf
 .text          0x0000000000008148        0x0 /home/engineer/intelFPGA/16.1/nios2eds/bin/gnu/H-x86_64-pc-linux-gnu/bin/../lib/gcc/nios2-elf/5.3.0/../../../../../H-x86_64-pc-linux-gnu/nios2-elf/lib/mno-hw-mul/libsmallc.a(lib_a-vfprintf.o)
 .text.print_repeat
                0x0000000000008148       0x6c /home/engineer/intelFPGA/16.1/nios2eds/bin/gnu/H-x86_64-pc-linux-gnu/bin/../lib/gcc/nios2-elf/5.3.0/../../../../../H-x86_64-pc-linux-gnu/nios2-elf/lib/mno-hw-mul/libsmallc.a(lib_a-vfprintf.o)
 .text.___vfprintf_internal_r
                0x00000000000081b4      0x52c /home/engineer/intelFPGA/16.1/nios2eds/bin/gnu/H-x86_64-pc-linux-gnu/bin/../lib/gcc/nios2-elf/5.3.0/../../../../../H-x86_64-pc-linux-gnu/nios2-elf/lib/mno-hw-mul/libsmallc.a(lib_a-vfprintf.o)
                0x00000000000081b4                ___vfprintf_internal_r
 .text.__vfprintf_internal
                0x00000000000086e0       0x1c /home/engineer/intelFPGA/16.1/nios2eds/bin/gnu/H-x86_64-pc-linux-gnu/bin/../lib/gcc/nios2-elf/5.3.0/../../../../../H-x86_64-pc-linux-gnu/nios2-elf/lib/mno-hw-mul/libsmallc.a(lib_a-vfprintf.o)
                0x00000000000086e0                __vfprintf_internal
 .text          0x00000000000086fc        0x0 /home/engineer/intelFPGA/16.1/nios2eds/bin/gnu/H-x86_64-pc-linux-gnu/bin/../lib/gcc/nios2-elf/5.3.0/../../../../../H-x86_64-pc-linux-gnu/nios2-elf/lib/mno-hw-mul/libsmallc.a(lib_a-fvwrite_small_dev.o)
 .text.__sfvwrite_small_dev
                0x00000000000086fc       0xb8 /home/engineer/intelFPGA/16.1/nios2eds/bin/gnu/H-x86_64-pc-linux-gnu/bin/../lib/gcc/nios2-elf/5.3.0/../../../../../H-x86_64-pc-linux-gnu/nios2-elf/lib/mno-hw-mul/libsmallc.a(lib_a-fvwrite_small_dev.o)
                0x00000000000086fc                __sfvwrite_small_dev
 .text          0x00000000000087b4        0x0 /home/engineer/intelFPGA/16.1/nios2eds/bin/gnu/H-x86_64-pc-linux-gnu/bin/../lib/gcc/nios2-elf/5.3.0/../../../../../H-x86_64-pc-linux-gnu/nios2-elf/lib/mno-hw-mul/libsmallc.a(lib_a-impure.o)
 .text          0x00000000000087b4        0x0 /home/engineer/intelFPGA/16.1/nios2eds/bin/gnu/H-x86_64-pc-linux-gnu/bin/../lib/gcc/nios2-elf/5.3.0/../../../../../H-x86_64-pc-linux-gnu/nios2-elf/lib/mno-hw-mul/libsmallc.a(lib_a-strlen.o)
 .text.strlen   0x00000000000087b4       0x1c /home/engineer/intelFPGA/16.1/nios2eds/bin/gnu/H-x86_64-pc-linux-gnu/bin/../lib/gcc/nios2-elf/5.3.0/../../../../../H-x86_64-pc-linux-gnu/nios2-elf/lib/mno-hw-mul/libsmallc.a(lib_a-strlen.o)
                0x00000000000087b4                strlen
 .text          0x00000000000087d0        0x0 /home/engineer/intelFPGA/16.1/nios2eds/bin/gnu/H-x86_64-pc-linux-gnu/bin/../lib/gcc/nios2-elf/5.3.0/../../../../../H-x86_64-pc-linux-gnu/nios2-elf/lib/mno-hw-mul/libsmallc.a(lib_a-writer.o)
 .text._write_r
                0x00000000000087d0       0x58 /home/engineer/intelFPGA/16.1/nios2eds/bin/gnu/H-x86_64-pc-linux-gnu/bin/../lib/gcc/nios2-elf/5.3.0/../../../../../H-x86_64-pc-linux-gnu/nios2-elf/lib/mno-hw-mul/libsmallc.a(lib_a-writer.o)
                0x00000000000087d0                _write_r
 .text          0x0000000000008828        0x0 /home/engineer/intelFPGA/16.1/nios2eds/bin/gnu/H-x86_64-pc-linux-gnu/bin/../lib/gcc/nios2-elf/5.3.0/../../../../../H-x86_64-pc-linux-gnu/nios2-elf/lib/mno-hw-mul/libsmallc.a(lib_a-int_errno.o)
 .text          0x0000000000008828      0x1b4 /home/engineer/intelFPGA/16.1/nios2eds/bin/gnu/H-x86_64-pc-linux-gnu/bin/../lib/gcc/nios2-elf/5.3.0/mno-hw-mul/libgcc.a(lib2-divmod.o)
                0x0000000000008828                __divsi3
                0x00000000000088ac                __modsi3
                0x0000000000008920                __udivsi3
                0x0000000000008984                __umodsi3
 .text          0x00000000000089dc       0x28 /home/engineer/intelFPGA/16.1/nios2eds/bin/gnu/H-x86_64-pc-linux-gnu/bin/../lib/gcc/nios2-elf/5.3.0/mno-hw-mul/libgcc.a(lib2-mul.o)
                0x00000000000089dc                __mulsi3
 .text          0x0000000000008a04       0xec /home/engineer/GIT/CPU/QT/build-nios-nios2-Debug/qtc_nios2_Debug/CPU.ff221d47/libnios2.a(alt_load.c.o)
                0x0000000000008a6c                alt_load
 .text          0x0000000000008af0       0x7c /home/engineer/GIT/CPU/QT/build-nios-nios2-Debug/qtc_nios2_Debug/CPU.ff221d47/libnios2.a(alt_main.c.o)
                0x0000000000008af0                alt_main
 .text          0x0000000000008b6c       0xa4 /home/engineer/GIT/CPU/QT/build-nios-nios2-Debug/qtc_nios2_Debug/CPU.ff221d47/libnios2.a(alt_sys_init.c.o)
                0x0000000000008ba0                alt_irq_init
                0x0000000000008bd8                alt_sys_init
 .text          0x0000000000008c10       0x30 /home/engineer/GIT/CPU/QT/build-nios-nios2-Debug/qtc_nios2_Debug/CPU.ff221d47/libnios2.a(alt_usleep.c.o)
                0x0000000000008c10                usleep
 .text          0x0000000000008c40      0x13c /home/engineer/GIT/CPU/QT/build-nios-nios2-Debug/qtc_nios2_Debug/CPU.ff221d47/libnios2.a(alt_write.c.o)
                0x0000000000008c7c                write
 .text          0x0000000000008d7c       0xc0 /home/engineer/GIT/CPU/QT/build-nios-nios2-Debug/qtc_nios2_Debug/CPU.ff221d47/libnios2.a(altera_avalon_jtag_uart_fd.c.o)
                0x0000000000008d7c                altera_avalon_jtag_uart_read_fd
                0x0000000000008ddc                altera_avalon_jtag_uart_write_fd
 .text          0x0000000000008e3c       0xec /home/engineer/GIT/CPU/QT/build-nios-nios2-Debug/qtc_nios2_Debug/CPU.ff221d47/libnios2.a(altera_avalon_jtag_uart_read.c.o)
                0x0000000000008e3c                altera_avalon_jtag_uart_read
 .text          0x0000000000008f28       0x94 /home/engineer/GIT/CPU/QT/build-nios-nios2-Debug/qtc_nios2_Debug/CPU.ff221d47/libnios2.a(altera_avalon_jtag_uart_write.c.o)
                0x0000000000008f28                altera_avalon_jtag_uart_write
 .text          0x0000000000008fbc       0x24 /home/engineer/GIT/CPU/QT/build-nios-nios2-Debug/qtc_nios2_Debug/CPU.ff221d47/libnios2.a(altera_nios2_gen2_irq.c.o)
                0x0000000000008fbc                altera_nios2_gen2_irq_init
 .text          0x0000000000008fe0      0x158 /home/engineer/GIT/CPU/QT/build-nios-nios2-Debug/qtc_nios2_Debug/CPU.ff221d47/libnios2.a(alt_busy_sleep.c.o)
                0x0000000000008fe0                alt_busy_sleep
 .text          0x0000000000009138      0x114 /home/engineer/GIT/CPU/QT/build-nios-nios2-Debug/qtc_nios2_Debug/CPU.ff221d47/libnios2.a(alt_close.c.o)
                0x0000000000009174                close
 .text          0x000000000000924c       0x20 /home/engineer/GIT/CPU/QT/build-nios-nios2-Debug/qtc_nios2_Debug/CPU.ff221d47/libnios2.a(alt_dcache_flush_all.c.o)
                0x000000000000924c                alt_dcache_flush_all
 .text          0x000000000000926c       0x2c /home/engineer/GIT/CPU/QT/build-nios-nios2-Debug/qtc_nios2_Debug/CPU.ff221d47/libnios2.a(alt_dev.c.o)
 .text          0x0000000000009298       0xe0 /home/engineer/GIT/CPU/QT/build-nios-nios2-Debug/qtc_nios2_Debug/CPU.ff221d47/libnios2.a(alt_dev_llist_insert.c.o)
                0x00000000000092d4                alt_dev_llist_insert
 .text          0x0000000000009378       0x60 /home/engineer/GIT/CPU/QT/build-nios-nios2-Debug/qtc_nios2_Debug/CPU.ff221d47/libnios2.a(alt_do_ctors.c.o)
                0x0000000000009378                _do_ctors
 .text          0x00000000000093d8       0x60 /home/engineer/GIT/CPU/QT/build-nios-nios2-Debug/qtc_nios2_Debug/CPU.ff221d47/libnios2.a(alt_do_dtors.c.o)
                0x00000000000093d8                _do_dtors
 .text          0x0000000000009438        0x0 /home/engineer/GIT/CPU/QT/build-nios-nios2-Debug/qtc_nios2_Debug/CPU.ff221d47/libnios2.a(alt_errno.c.o)
 .text          0x0000000000009438       0x20 /home/engineer/GIT/CPU/QT/build-nios-nios2-Debug/qtc_nios2_Debug/CPU.ff221d47/libnios2.a(alt_icache_flush_all.c.o)
                0x0000000000009438                alt_icache_flush_all
 .text          0x0000000000009458      0x160 /home/engineer/GIT/CPU/QT/build-nios-nios2-Debug/qtc_nios2_Debug/CPU.ff221d47/libnios2.a(alt_io_redirect.c.o)
                0x000000000000953c                alt_io_redirect
 .text          0x00000000000095b8      0x284 /home/engineer/GIT/CPU/QT/build-nios-nios2-Debug/qtc_nios2_Debug/CPU.ff221d47/libnios2.a(alt_open.c.o)
                0x00000000000096e0                open
 .text          0x000000000000983c       0x84 /home/engineer/GIT/CPU/QT/build-nios-nios2-Debug/qtc_nios2_Debug/CPU.ff221d47/libnios2.a(alt_release_fd.c.o)
                0x000000000000983c                alt_release_fd
 .text          0x00000000000098c0       0x90 /home/engineer/GIT/CPU/QT/build-nios-nios2-Debug/qtc_nios2_Debug/CPU.ff221d47/libnios2.a(alt_find_dev.c.o)
                0x00000000000098c0                alt_find_dev
 .text          0x0000000000009950      0x108 /home/engineer/GIT/CPU/QT/build-nios-nios2-Debug/qtc_nios2_Debug/CPU.ff221d47/libnios2.a(alt_find_file.c.o)
                0x0000000000009950                alt_find_file
 .text          0x0000000000009a58       0xc4 /home/engineer/GIT/CPU/QT/build-nios-nios2-Debug/qtc_nios2_Debug/CPU.ff221d47/libnios2.a(alt_get_fd.c.o)
                0x0000000000009a58                alt_get_fd
 .text          0x0000000000009b1c        0x0 /home/engineer/intelFPGA/16.1/nios2eds/bin/gnu/H-x86_64-pc-linux-gnu/bin/../lib/gcc/nios2-elf/5.3.0/../../../../../H-x86_64-pc-linux-gnu/nios2-elf/lib/mno-hw-mul/libsmallc.a(lib_a-atexit.o)
 .text.atexit   0x0000000000009b1c       0x14 /home/engineer/intelFPGA/16.1/nios2eds/bin/gnu/H-x86_64-pc-linux-gnu/bin/../lib/gcc/nios2-elf/5.3.0/../../../../../H-x86_64-pc-linux-gnu/nios2-elf/lib/mno-hw-mul/libsmallc.a(lib_a-atexit.o)
                0x0000000000009b1c                atexit
 .text          0x0000000000009b30        0x0 /home/engineer/intelFPGA/16.1/nios2eds/bin/gnu/H-x86_64-pc-linux-gnu/bin/../lib/gcc/nios2-elf/5.3.0/../../../../../H-x86_64-pc-linux-gnu/nios2-elf/lib/mno-hw-mul/libsmallc.a(lib_a-exit.o)
 .text.exit     0x0000000000009b30       0x20 /home/engineer/intelFPGA/16.1/nios2eds/bin/gnu/H-x86_64-pc-linux-gnu/bin/../lib/gcc/nios2-elf/5.3.0/../../../../../H-x86_64-pc-linux-gnu/nios2-elf/lib/mno-hw-mul/libsmallc.a(lib_a-exit.o)
                0x0000000000009b30                exit
 .text          0x0000000000009b50        0x0 /home/engineer/intelFPGA/16.1/nios2eds/bin/gnu/H-x86_64-pc-linux-gnu/bin/../lib/gcc/nios2-elf/5.3.0/../../../../../H-x86_64-pc-linux-gnu/nios2-elf/lib/mno-hw-mul/libsmallc.a(lib_a-memcmp.o)
 .text.memcmp   0x0000000000009b50       0x30 /home/engineer/intelFPGA/16.1/nios2eds/bin/gnu/H-x86_64-pc-linux-gnu/bin/../lib/gcc/nios2-elf/5.3.0/../../../../../H-x86_64-pc-linux-gnu/nios2-elf/lib/mno-hw-mul/libsmallc.a(lib_a-memcmp.o)
                0x0000000000009b50                memcmp
 .text          0x0000000000009b80        0x0 /home/engineer/intelFPGA/16.1/nios2eds/bin/gnu/H-x86_64-pc-linux-gnu/bin/../lib/gcc/nios2-elf/5.3.0/../../../../../H-x86_64-pc-linux-gnu/nios2-elf/lib/mno-hw-mul/libsmallc.a(lib_a-__atexit.o)
 .text.__register_exitproc
                0x0000000000009b80      0x158 /home/engineer/intelFPGA/16.1/nios2eds/bin/gnu/H-x86_64-pc-linux-gnu/bin/../lib/gcc/nios2-elf/5.3.0/../../../../../H-x86_64-pc-linux-gnu/nios2-elf/lib/mno-hw-mul/libsmallc.a(lib_a-__atexit.o)
                0x0000000000009b80                __register_exitproc
 .text          0x0000000000009cd8        0x0 /home/engineer/intelFPGA/16.1/nios2eds/bin/gnu/H-x86_64-pc-linux-gnu/bin/../lib/gcc/nios2-elf/5.3.0/../../../../../H-x86_64-pc-linux-gnu/nios2-elf/lib/mno-hw-mul/libsmallc.a(lib_a-__call_atexit.o)
 .text.__call_exitprocs
                0x0000000000009cd8      0x190 /home/engineer/intelFPGA/16.1/nios2eds/bin/gnu/H-x86_64-pc-linux-gnu/bin/../lib/gcc/nios2-elf/5.3.0/../../../../../H-x86_64-pc-linux-gnu/nios2-elf/lib/mno-hw-mul/libsmallc.a(lib_a-__call_atexit.o)
                0x0000000000009cd8                __call_exitprocs
 .text          0x0000000000009e68       0x34 /home/engineer/GIT/CPU/QT/build-nios-nios2-Debug/qtc_nios2_Debug/CPU.ff221d47/libnios2.a(alt_exit.c.o)
                0x0000000000009e68                _exit
 *(.gnu.warning.*)
 *(.fini)
                [!provide]                        PROVIDE (__etext, ABSOLUTE (.))
                [!provide]                        PROVIDE (_etext, ABSOLUTE (.))
                [!provide]                        PROVIDE (etext, ABSOLUTE (.))
 *(.eh_frame_hdr)
                0x0000000000009e9c                . = ALIGN (0x4)
                [!provide]                        PROVIDE (__preinit_array_start, ABSOLUTE (.))
 *(.preinit_array)
                [!provide]                        PROVIDE (__preinit_array_end, ABSOLUTE (.))
                [!provide]                        PROVIDE (__init_array_start, ABSOLUTE (.))
 *(.init_array)
                [!provide]                        PROVIDE (__init_array_end, ABSOLUTE (.))
                [!provide]                        PROVIDE (__fini_array_start, ABSOLUTE (.))
 *(.fini_array)
                [!provide]                        PROVIDE (__fini_array_end, ABSOLUTE (.))
 *(.eh_frame)
 *(.gcc_except_table .gcc_except_table.*)
 *(.dynamic)
                0x0000000000009e9c                PROVIDE (__CTOR_LIST__, ABSOLUTE (.))
 *(.ctors)
 *(SORT(.ctors.*))
                0x0000000000009e9c                PROVIDE (__CTOR_END__, ABSOLUTE (.))
                0x0000000000009e9c                PROVIDE (__DTOR_LIST__, ABSOLUTE (.))
 *(.dtors)
 *(SORT(.dtors.*))
                0x0000000000009e9c                PROVIDE (__DTOR_END__, ABSOLUTE (.))
 *(.jcr)
                0x0000000000009e9c                . = ALIGN (0x4)

.rodata         0x0000000000009e9c       0x60
                0x0000000000009e9c                PROVIDE (__ram_rodata_start, ABSOLUTE (.))
                0x0000000000009e9c                . = ALIGN (0x4)
 *(.rodata .rodata.* .gnu.linkonce.r.*)
 .rodata        0x0000000000009e9c       0x2c /home/engineer/GIT/CPU/QT/build-nios-nios2-Debug/qtc_nios2_Debug/CPU.ff221d47/main.c.o
 .rodata        0x0000000000009ec8       0x11 /home/engineer/GIT/CPU/QT/build-nios-nios2-Debug/qtc_nios2_Debug/CPU.ff221d47/libnios2.a(alt_main.c.o)
 *fill*         0x0000000000009ed9        0x3 
 .rodata        0x0000000000009edc       0x11 /home/engineer/GIT/CPU/QT/build-nios-nios2-Debug/qtc_nios2_Debug/CPU.ff221d47/libnios2.a(alt_sys_init.c.o)
 *fill*         0x0000000000009eed        0x3 
 .rodata        0x0000000000009ef0        0xa /home/engineer/GIT/CPU/QT/build-nios-nios2-Debug/qtc_nios2_Debug/CPU.ff221d47/libnios2.a(alt_dev.c.o)
 *(.rodata1)
                0x0000000000009efc                . = ALIGN (0x4)
 *fill*         0x0000000000009efa        0x2 
                0x0000000000009efc                PROVIDE (__ram_rodata_end, ABSOLUTE (.))
                0x0000000000009e9c                PROVIDE (__flash_rodata_start, LOADADDR (.rodata))

.rwdata         0x0000000000009efc      0x2d4 load address 0x000000000000a1d0
                0x0000000000009efc                PROVIDE (__ram_rwdata_start, ABSOLUTE (.))
                0x0000000000009efc                . = ALIGN (0x4)
 *(.got.plt)
 *(.got)
 *(.data1)
 *(.data .data.* .gnu.linkonce.d.*)
 .data          0x0000000000009efc        0x0 /home/engineer/GIT/CPU/QT/build-nios-nios2-Debug/qtc_nios2_Debug/CPU.ff221d47/crt0.S.o
 .data          0x0000000000009efc        0x0 /home/engineer/GIT/CPU/QT/build-nios-nios2-Debug/qtc_nios2_Debug/CPU.ff221d47/main.c.o
 .data          0x0000000000009efc        0x0 /home/engineer/intelFPGA/16.1/nios2eds/bin/gnu/H-x86_64-pc-linux-gnu/bin/../lib/gcc/nios2-elf/5.3.0/../../../../../H-x86_64-pc-linux-gnu/nios2-elf/lib/mno-hw-mul/libsmallc.a(lib_a-printf.o)
 .data          0x0000000000009efc        0x0 /home/engineer/intelFPGA/16.1/nios2eds/bin/gnu/H-x86_64-pc-linux-gnu/bin/../lib/gcc/nios2-elf/5.3.0/../../../../../H-x86_64-pc-linux-gnu/nios2-elf/lib/mno-hw-mul/libsmallc.a(lib_a-vfprintf.o)
 .data          0x0000000000009efc        0x0 /home/engineer/intelFPGA/16.1/nios2eds/bin/gnu/H-x86_64-pc-linux-gnu/bin/../lib/gcc/nios2-elf/5.3.0/../../../../../H-x86_64-pc-linux-gnu/nios2-elf/lib/mno-hw-mul/libsmallc.a(lib_a-fvwrite_small_dev.o)
 .data          0x0000000000009efc        0x0 /home/engineer/intelFPGA/16.1/nios2eds/bin/gnu/H-x86_64-pc-linux-gnu/bin/../lib/gcc/nios2-elf/5.3.0/../../../../../H-x86_64-pc-linux-gnu/nios2-elf/lib/mno-hw-mul/libsmallc.a(lib_a-impure.o)
 .data.impure_data
                0x0000000000009efc       0xe0 /home/engineer/intelFPGA/16.1/nios2eds/bin/gnu/H-x86_64-pc-linux-gnu/bin/../lib/gcc/nios2-elf/5.3.0/../../../../../H-x86_64-pc-linux-gnu/nios2-elf/lib/mno-hw-mul/libsmallc.a(lib_a-impure.o)
 .data          0x0000000000009fdc        0x0 /home/engineer/intelFPGA/16.1/nios2eds/bin/gnu/H-x86_64-pc-linux-gnu/bin/../lib/gcc/nios2-elf/5.3.0/../../../../../H-x86_64-pc-linux-gnu/nios2-elf/lib/mno-hw-mul/libsmallc.a(lib_a-strlen.o)
 .data          0x0000000000009fdc        0x0 /home/engineer/intelFPGA/16.1/nios2eds/bin/gnu/H-x86_64-pc-linux-gnu/bin/../lib/gcc/nios2-elf/5.3.0/../../../../../H-x86_64-pc-linux-gnu/nios2-elf/lib/mno-hw-mul/libsmallc.a(lib_a-writer.o)
 .data          0x0000000000009fdc        0x0 /home/engineer/intelFPGA/16.1/nios2eds/bin/gnu/H-x86_64-pc-linux-gnu/bin/../lib/gcc/nios2-elf/5.3.0/../../../../../H-x86_64-pc-linux-gnu/nios2-elf/lib/mno-hw-mul/libsmallc.a(lib_a-int_errno.o)
 .data          0x0000000000009fdc        0x0 /home/engineer/intelFPGA/16.1/nios2eds/bin/gnu/H-x86_64-pc-linux-gnu/bin/../lib/gcc/nios2-elf/5.3.0/mno-hw-mul/libgcc.a(lib2-divmod.o)
 .data          0x0000000000009fdc        0x0 /home/engineer/intelFPGA/16.1/nios2eds/bin/gnu/H-x86_64-pc-linux-gnu/bin/../lib/gcc/nios2-elf/5.3.0/mno-hw-mul/libgcc.a(lib2-mul.o)
 .data          0x0000000000009fdc        0x0 /home/engineer/GIT/CPU/QT/build-nios-nios2-Debug/qtc_nios2_Debug/CPU.ff221d47/libnios2.a(alt_load.c.o)
 .data          0x0000000000009fdc        0x0 /home/engineer/GIT/CPU/QT/build-nios-nios2-Debug/qtc_nios2_Debug/CPU.ff221d47/libnios2.a(alt_main.c.o)
 .data          0x0000000000009fdc       0x2c /home/engineer/GIT/CPU/QT/build-nios-nios2-Debug/qtc_nios2_Debug/CPU.ff221d47/libnios2.a(alt_sys_init.c.o)
 .data          0x000000000000a008        0x0 /home/engineer/GIT/CPU/QT/build-nios-nios2-Debug/qtc_nios2_Debug/CPU.ff221d47/libnios2.a(alt_usleep.c.o)
 .data          0x000000000000a008        0x0 /home/engineer/GIT/CPU/QT/build-nios-nios2-Debug/qtc_nios2_Debug/CPU.ff221d47/libnios2.a(alt_write.c.o)
 .data          0x000000000000a008        0x0 /home/engineer/GIT/CPU/QT/build-nios-nios2-Debug/qtc_nios2_Debug/CPU.ff221d47/libnios2.a(altera_avalon_jtag_uart_fd.c.o)
 .data          0x000000000000a008        0x0 /home/engineer/GIT/CPU/QT/build-nios-nios2-Debug/qtc_nios2_Debug/CPU.ff221d47/libnios2.a(altera_avalon_jtag_uart_read.c.o)
 .data          0x000000000000a008        0x0 /home/engineer/GIT/CPU/QT/build-nios-nios2-Debug/qtc_nios2_Debug/CPU.ff221d47/libnios2.a(altera_avalon_jtag_uart_write.c.o)
 .data          0x000000000000a008        0x0 /home/engineer/GIT/CPU/QT/build-nios-nios2-Debug/qtc_nios2_Debug/CPU.ff221d47/libnios2.a(altera_nios2_gen2_irq.c.o)
 .data          0x000000000000a008        0x0 /home/engineer/GIT/CPU/QT/build-nios-nios2-Debug/qtc_nios2_Debug/CPU.ff221d47/libnios2.a(alt_busy_sleep.c.o)
 .data          0x000000000000a008        0x0 /home/engineer/GIT/CPU/QT/build-nios-nios2-Debug/qtc_nios2_Debug/CPU.ff221d47/libnios2.a(alt_close.c.o)
 .data          0x000000000000a008        0x0 /home/engineer/GIT/CPU/QT/build-nios-nios2-Debug/qtc_nios2_Debug/CPU.ff221d47/libnios2.a(alt_dcache_flush_all.c.o)
 .data          0x000000000000a008      0x1a8 /home/engineer/GIT/CPU/QT/build-nios-nios2-Debug/qtc_nios2_Debug/CPU.ff221d47/libnios2.a(alt_dev.c.o)
                0x000000000000a008                alt_dev_null
                0x000000000000a030                alt_fd_list
 .data          0x000000000000a1b0        0x0 /home/engineer/GIT/CPU/QT/build-nios-nios2-Debug/qtc_nios2_Debug/CPU.ff221d47/libnios2.a(alt_dev_llist_insert.c.o)
 .data          0x000000000000a1b0        0x0 /home/engineer/GIT/CPU/QT/build-nios-nios2-Debug/qtc_nios2_Debug/CPU.ff221d47/libnios2.a(alt_do_ctors.c.o)
 .data          0x000000000000a1b0        0x0 /home/engineer/GIT/CPU/QT/build-nios-nios2-Debug/qtc_nios2_Debug/CPU.ff221d47/libnios2.a(alt_do_dtors.c.o)
 .data          0x000000000000a1b0        0x0 /home/engineer/GIT/CPU/QT/build-nios-nios2-Debug/qtc_nios2_Debug/CPU.ff221d47/libnios2.a(alt_errno.c.o)
 .data          0x000000000000a1b0        0x0 /home/engineer/GIT/CPU/QT/build-nios-nios2-Debug/qtc_nios2_Debug/CPU.ff221d47/libnios2.a(alt_icache_flush_all.c.o)
 .data          0x000000000000a1b0        0x0 /home/engineer/GIT/CPU/QT/build-nios-nios2-Debug/qtc_nios2_Debug/CPU.ff221d47/libnios2.a(alt_io_redirect.c.o)
 .data          0x000000000000a1b0        0x0 /home/engineer/GIT/CPU/QT/build-nios-nios2-Debug/qtc_nios2_Debug/CPU.ff221d47/libnios2.a(alt_open.c.o)
 .data          0x000000000000a1b0        0x0 /home/engineer/GIT/CPU/QT/build-nios-nios2-Debug/qtc_nios2_Debug/CPU.ff221d47/libnios2.a(alt_release_fd.c.o)
 .data          0x000000000000a1b0        0x0 /home/engineer/GIT/CPU/QT/build-nios-nios2-Debug/qtc_nios2_Debug/CPU.ff221d47/libnios2.a(alt_find_dev.c.o)
 .data          0x000000000000a1b0        0x0 /home/engineer/GIT/CPU/QT/build-nios-nios2-Debug/qtc_nios2_Debug/CPU.ff221d47/libnios2.a(alt_find_file.c.o)
 .data          0x000000000000a1b0        0x0 /home/engineer/GIT/CPU/QT/build-nios-nios2-Debug/qtc_nios2_Debug/CPU.ff221d47/libnios2.a(alt_get_fd.c.o)
 .data          0x000000000000a1b0        0x0 /home/engineer/intelFPGA/16.1/nios2eds/bin/gnu/H-x86_64-pc-linux-gnu/bin/../lib/gcc/nios2-elf/5.3.0/../../../../../H-x86_64-pc-linux-gnu/nios2-elf/lib/mno-hw-mul/libsmallc.a(lib_a-atexit.o)
 .data          0x000000000000a1b0        0x0 /home/engineer/intelFPGA/16.1/nios2eds/bin/gnu/H-x86_64-pc-linux-gnu/bin/../lib/gcc/nios2-elf/5.3.0/../../../../../H-x86_64-pc-linux-gnu/nios2-elf/lib/mno-hw-mul/libsmallc.a(lib_a-exit.o)
 .data          0x000000000000a1b0        0x0 /home/engineer/intelFPGA/16.1/nios2eds/bin/gnu/H-x86_64-pc-linux-gnu/bin/../lib/gcc/nios2-elf/5.3.0/../../../../../H-x86_64-pc-linux-gnu/nios2-elf/lib/mno-hw-mul/libsmallc.a(lib_a-memcmp.o)
 .data          0x000000000000a1b0        0x0 /home/engineer/intelFPGA/16.1/nios2eds/bin/gnu/H-x86_64-pc-linux-gnu/bin/../lib/gcc/nios2-elf/5.3.0/../../../../../H-x86_64-pc-linux-gnu/nios2-elf/lib/mno-hw-mul/libsmallc.a(lib_a-__atexit.o)
 .data          0x000000000000a1b0        0x0 /home/engineer/intelFPGA/16.1/nios2eds/bin/gnu/H-x86_64-pc-linux-gnu/bin/../lib/gcc/nios2-elf/5.3.0/../../../../../H-x86_64-pc-linux-gnu/nios2-elf/lib/mno-hw-mul/libsmallc.a(lib_a-__call_atexit.o)
 .data          0x000000000000a1b0        0x0 /home/engineer/GIT/CPU/QT/build-nios-nios2-Debug/qtc_nios2_Debug/CPU.ff221d47/libnios2.a(alt_exit.c.o)
                0x00000000000121b0                _gp = ABSOLUTE ((. + 0x8000))
                [!provide]                        PROVIDE (gp, _gp)
 *(.rwdata .rwdata.*)
 *(.sdata .sdata.* .gnu.linkonce.s.*)
 .sdata._global_impure_ptr
                0x000000000000a1b0        0x4 /home/engineer/intelFPGA/16.1/nios2eds/bin/gnu/H-x86_64-pc-linux-gnu/bin/../lib/gcc/nios2-elf/5.3.0/../../../../../H-x86_64-pc-linux-gnu/nios2-elf/lib/mno-hw-mul/libsmallc.a(lib_a-impure.o)
                0x000000000000a1b0                _global_impure_ptr
 .sdata._impure_ptr
                0x000000000000a1b4        0x4 /home/engineer/intelFPGA/16.1/nios2eds/bin/gnu/H-x86_64-pc-linux-gnu/bin/../lib/gcc/nios2-elf/5.3.0/../../../../../H-x86_64-pc-linux-gnu/nios2-elf/lib/mno-hw-mul/libsmallc.a(lib_a-impure.o)
                0x000000000000a1b4                _impure_ptr
 .sdata         0x000000000000a1b8       0x14 /home/engineer/GIT/CPU/QT/build-nios-nios2-Debug/qtc_nios2_Debug/CPU.ff221d47/libnios2.a(alt_dev.c.o)
                0x000000000000a1b8                alt_fs_list
                0x000000000000a1c0                alt_dev_list
                0x000000000000a1c8                alt_max_fd
 .sdata         0x000000000000a1cc        0x4 /home/engineer/GIT/CPU/QT/build-nios-nios2-Debug/qtc_nios2_Debug/CPU.ff221d47/libnios2.a(alt_errno.c.o)
                0x000000000000a1cc                alt_errno
 *(.sdata2 .sdata2.* .gnu.linkonce.s2.*)
                0x000000000000a1d0                . = ALIGN (0x4)
                0x000000000000a1d0                _edata = ABSOLUTE (.)
                [!provide]                        PROVIDE (edata, ABSOLUTE (.))
                0x000000000000a1d0                PROVIDE (__ram_rwdata_end, ABSOLUTE (.))
                0x000000000000a1d0                PROVIDE (__flash_rwdata_start, LOADADDR (.rwdata))

.bss            0x000000000000a4a4       0x10
                0x000000000000a4a4                __bss_start = ABSOLUTE (.)
                [!provide]                        PROVIDE (__sbss_start, ABSOLUTE (.))
                [!provide]                        PROVIDE (___sbss_start, ABSOLUTE (.))
 *(.dynsbss)
 *(.sbss .sbss.* .gnu.linkonce.sb.*)
 .sbss          0x000000000000a4a4        0x4 /home/engineer/intelFPGA/16.1/nios2eds/bin/gnu/H-x86_64-pc-linux-gnu/bin/../lib/gcc/nios2-elf/5.3.0/../../../../../H-x86_64-pc-linux-gnu/nios2-elf/lib/mno-hw-mul/libsmallc.a(lib_a-int_errno.o)
                0x000000000000a4a4                errno
 .sbss          0x000000000000a4a8        0xc /home/engineer/GIT/CPU/QT/build-nios-nios2-Debug/qtc_nios2_Debug/CPU.ff221d47/libnios2.a(alt_main.c.o)
                0x000000000000a4a8                alt_argc
                0x000000000000a4ac                alt_argv
                0x000000000000a4b0                alt_envp
 *(.sbss2 .sbss2.* .gnu.linkonce.sb2.*)
 *(.scommon)
                [!provide]                        PROVIDE (__sbss_end, ABSOLUTE (.))
                [!provide]                        PROVIDE (___sbss_end, ABSOLUTE (.))
 *(.dynbss)
 *(.bss .bss.* .gnu.linkonce.b.*)
 .bss           0x000000000000a4b4        0x0 /home/engineer/GIT/CPU/QT/build-nios-nios2-Debug/qtc_nios2_Debug/CPU.ff221d47/crt0.S.o
 .bss           0x000000000000a4b4        0x0 /home/engineer/GIT/CPU/QT/build-nios-nios2-Debug/qtc_nios2_Debug/CPU.ff221d47/main.c.o
 .bss           0x000000000000a4b4        0x0 /home/engineer/intelFPGA/16.1/nios2eds/bin/gnu/H-x86_64-pc-linux-gnu/bin/../lib/gcc/nios2-elf/5.3.0/../../../../../H-x86_64-pc-linux-gnu/nios2-elf/lib/mno-hw-mul/libsmallc.a(lib_a-printf.o)
 .bss           0x000000000000a4b4        0x0 /home/engineer/intelFPGA/16.1/nios2eds/bin/gnu/H-x86_64-pc-linux-gnu/bin/../lib/gcc/nios2-elf/5.3.0/../../../../../H-x86_64-pc-linux-gnu/nios2-elf/lib/mno-hw-mul/libsmallc.a(lib_a-vfprintf.o)
 .bss           0x000000000000a4b4        0x0 /home/engineer/intelFPGA/16.1/nios2eds/bin/gnu/H-x86_64-pc-linux-gnu/bin/../lib/gcc/nios2-elf/5.3.0/../../../../../H-x86_64-pc-linux-gnu/nios2-elf/lib/mno-hw-mul/libsmallc.a(lib_a-fvwrite_small_dev.o)
 .bss           0x000000000000a4b4        0x0 /home/engineer/intelFPGA/16.1/nios2eds/bin/gnu/H-x86_64-pc-linux-gnu/bin/../lib/gcc/nios2-elf/5.3.0/../../../../../H-x86_64-pc-linux-gnu/nios2-elf/lib/mno-hw-mul/libsmallc.a(lib_a-impure.o)
 .bss           0x000000000000a4b4        0x0 /home/engineer/intelFPGA/16.1/nios2eds/bin/gnu/H-x86_64-pc-linux-gnu/bin/../lib/gcc/nios2-elf/5.3.0/../../../../../H-x86_64-pc-linux-gnu/nios2-elf/lib/mno-hw-mul/libsmallc.a(lib_a-strlen.o)
 .bss           0x000000000000a4b4        0x0 /home/engineer/intelFPGA/16.1/nios2eds/bin/gnu/H-x86_64-pc-linux-gnu/bin/../lib/gcc/nios2-elf/5.3.0/../../../../../H-x86_64-pc-linux-gnu/nios2-elf/lib/mno-hw-mul/libsmallc.a(lib_a-writer.o)
 .bss           0x000000000000a4b4        0x0 /home/engineer/intelFPGA/16.1/nios2eds/bin/gnu/H-x86_64-pc-linux-gnu/bin/../lib/gcc/nios2-elf/5.3.0/../../../../../H-x86_64-pc-linux-gnu/nios2-elf/lib/mno-hw-mul/libsmallc.a(lib_a-int_errno.o)
 .bss           0x000000000000a4b4        0x0 /home/engineer/intelFPGA/16.1/nios2eds/bin/gnu/H-x86_64-pc-linux-gnu/bin/../lib/gcc/nios2-elf/5.3.0/mno-hw-mul/libgcc.a(lib2-divmod.o)
 .bss           0x000000000000a4b4        0x0 /home/engineer/intelFPGA/16.1/nios2eds/bin/gnu/H-x86_64-pc-linux-gnu/bin/../lib/gcc/nios2-elf/5.3.0/mno-hw-mul/libgcc.a(lib2-mul.o)
 .bss           0x000000000000a4b4        0x0 /home/engineer/GIT/CPU/QT/build-nios-nios2-Debug/qtc_nios2_Debug/CPU.ff221d47/libnios2.a(alt_load.c.o)
 .bss           0x000000000000a4b4        0x0 /home/engineer/GIT/CPU/QT/build-nios-nios2-Debug/qtc_nios2_Debug/CPU.ff221d47/libnios2.a(alt_main.c.o)
 .bss           0x000000000000a4b4        0x0 /home/engineer/GIT/CPU/QT/build-nios-nios2-Debug/qtc_nios2_Debug/CPU.ff221d47/libnios2.a(alt_sys_init.c.o)
 .bss           0x000000000000a4b4        0x0 /home/engineer/GIT/CPU/QT/build-nios-nios2-Debug/qtc_nios2_Debug/CPU.ff221d47/libnios2.a(alt_usleep.c.o)
 .bss           0x000000000000a4b4        0x0 /home/engineer/GIT/CPU/QT/build-nios-nios2-Debug/qtc_nios2_Debug/CPU.ff221d47/libnios2.a(alt_write.c.o)
 .bss           0x000000000000a4b4        0x0 /home/engineer/GIT/CPU/QT/build-nios-nios2-Debug/qtc_nios2_Debug/CPU.ff221d47/libnios2.a(altera_avalon_jtag_uart_fd.c.o)
 .bss           0x000000000000a4b4        0x0 /home/engineer/GIT/CPU/QT/build-nios-nios2-Debug/qtc_nios2_Debug/CPU.ff221d47/libnios2.a(altera_avalon_jtag_uart_read.c.o)
 .bss           0x000000000000a4b4        0x0 /home/engineer/GIT/CPU/QT/build-nios-nios2-Debug/qtc_nios2_Debug/CPU.ff221d47/libnios2.a(altera_avalon_jtag_uart_write.c.o)
 .bss           0x000000000000a4b4        0x0 /home/engineer/GIT/CPU/QT/build-nios-nios2-Debug/qtc_nios2_Debug/CPU.ff221d47/libnios2.a(altera_nios2_gen2_irq.c.o)
 .bss           0x000000000000a4b4        0x0 /home/engineer/GIT/CPU/QT/build-nios-nios2-Debug/qtc_nios2_Debug/CPU.ff221d47/libnios2.a(alt_busy_sleep.c.o)
 .bss           0x000000000000a4b4        0x0 /home/engineer/GIT/CPU/QT/build-nios-nios2-Debug/qtc_nios2_Debug/CPU.ff221d47/libnios2.a(alt_close.c.o)
 .bss           0x000000000000a4b4        0x0 /home/engineer/GIT/CPU/QT/build-nios-nios2-Debug/qtc_nios2_Debug/CPU.ff221d47/libnios2.a(alt_dcache_flush_all.c.o)
 .bss           0x000000000000a4b4        0x0 /home/engineer/GIT/CPU/QT/build-nios-nios2-Debug/qtc_nios2_Debug/CPU.ff221d47/libnios2.a(alt_dev.c.o)
 .bss           0x000000000000a4b4        0x0 /home/engineer/GIT/CPU/QT/build-nios-nios2-Debug/qtc_nios2_Debug/CPU.ff221d47/libnios2.a(alt_dev_llist_insert.c.o)
 .bss           0x000000000000a4b4        0x0 /home/engineer/GIT/CPU/QT/build-nios-nios2-Debug/qtc_nios2_Debug/CPU.ff221d47/libnios2.a(alt_do_ctors.c.o)
 .bss           0x000000000000a4b4        0x0 /home/engineer/GIT/CPU/QT/build-nios-nios2-Debug/qtc_nios2_Debug/CPU.ff221d47/libnios2.a(alt_do_dtors.c.o)
 .bss           0x000000000000a4b4        0x0 /home/engineer/GIT/CPU/QT/build-nios-nios2-Debug/qtc_nios2_Debug/CPU.ff221d47/libnios2.a(alt_errno.c.o)
 .bss           0x000000000000a4b4        0x0 /home/engineer/GIT/CPU/QT/build-nios-nios2-Debug/qtc_nios2_Debug/CPU.ff221d47/libnios2.a(alt_icache_flush_all.c.o)
 .bss           0x000000000000a4b4        0x0 /home/engineer/GIT/CPU/QT/build-nios-nios2-Debug/qtc_nios2_Debug/CPU.ff221d47/libnios2.a(alt_io_redirect.c.o)
 .bss           0x000000000000a4b4        0x0 /home/engineer/GIT/CPU/QT/build-nios-nios2-Debug/qtc_nios2_Debug/CPU.ff221d47/libnios2.a(alt_open.c.o)
 .bss           0x000000000000a4b4        0x0 /home/engineer/GIT/CPU/QT/build-nios-nios2-Debug/qtc_nios2_Debug/CPU.ff221d47/libnios2.a(alt_release_fd.c.o)
 .bss           0x000000000000a4b4        0x0 /home/engineer/GIT/CPU/QT/build-nios-nios2-Debug/qtc_nios2_Debug/CPU.ff221d47/libnios2.a(alt_find_dev.c.o)
 .bss           0x000000000000a4b4        0x0 /home/engineer/GIT/CPU/QT/build-nios-nios2-Debug/qtc_nios2_Debug/CPU.ff221d47/libnios2.a(alt_find_file.c.o)
 .bss           0x000000000000a4b4        0x0 /home/engineer/GIT/CPU/QT/build-nios-nios2-Debug/qtc_nios2_Debug/CPU.ff221d47/libnios2.a(alt_get_fd.c.o)
 .bss           0x000000000000a4b4        0x0 /home/engineer/intelFPGA/16.1/nios2eds/bin/gnu/H-x86_64-pc-linux-gnu/bin/../lib/gcc/nios2-elf/5.3.0/../../../../../H-x86_64-pc-linux-gnu/nios2-elf/lib/mno-hw-mul/libsmallc.a(lib_a-atexit.o)
 .bss           0x000000000000a4b4        0x0 /home/engineer/intelFPGA/16.1/nios2eds/bin/gnu/H-x86_64-pc-linux-gnu/bin/../lib/gcc/nios2-elf/5.3.0/../../../../../H-x86_64-pc-linux-gnu/nios2-elf/lib/mno-hw-mul/libsmallc.a(lib_a-exit.o)
 .bss           0x000000000000a4b4        0x0 /home/engineer/intelFPGA/16.1/nios2eds/bin/gnu/H-x86_64-pc-linux-gnu/bin/../lib/gcc/nios2-elf/5.3.0/../../../../../H-x86_64-pc-linux-gnu/nios2-elf/lib/mno-hw-mul/libsmallc.a(lib_a-memcmp.o)
 .bss           0x000000000000a4b4        0x0 /home/engineer/intelFPGA/16.1/nios2eds/bin/gnu/H-x86_64-pc-linux-gnu/bin/../lib/gcc/nios2-elf/5.3.0/../../../../../H-x86_64-pc-linux-gnu/nios2-elf/lib/mno-hw-mul/libsmallc.a(lib_a-__atexit.o)
 .bss           0x000000000000a4b4        0x0 /home/engineer/intelFPGA/16.1/nios2eds/bin/gnu/H-x86_64-pc-linux-gnu/bin/../lib/gcc/nios2-elf/5.3.0/../../../../../H-x86_64-pc-linux-gnu/nios2-elf/lib/mno-hw-mul/libsmallc.a(lib_a-__call_atexit.o)
 .bss           0x000000000000a4b4        0x0 /home/engineer/GIT/CPU/QT/build-nios-nios2-Debug/qtc_nios2_Debug/CPU.ff221d47/libnios2.a(alt_exit.c.o)
 *(COMMON)
                0x000000000000a4b4                . = ALIGN (0x4)
                0x000000000000a4b4                __bss_end = ABSOLUTE (.)

.onchip_memory2_0
                0x000000000000a4b4        0x0
                [!provide]                        PROVIDE (_alt_partition_onchip_memory2_0_start, ABSOLUTE (.))
 *(.onchip_memory2_0 .onchip_memory2_0. onchip_memory2_0.*)
                0x000000000000a4b4                . = ALIGN (0x4)
                [!provide]                        PROVIDE (_alt_partition_onchip_memory2_0_end, ABSOLUTE (.))
                0x000000000000a4b4                _end = ABSOLUTE (.)
                0x000000000000a4b4                end = ABSOLUTE (.)
                0x000000000000a4b4                __alt_stack_base = ABSOLUTE (.)
                [!provide]                        PROVIDE (_alt_partition_onchip_memory2_0_load_addr, LOADADDR (.onchip_memory2_0))

.stab
 *(.stab)

.stabstr
 *(.stabstr)

.stab.excl
 *(.stab.excl)

.stab.exclstr
 *(.stab.exclstr)

.stab.index
 *(.stab.index)

.stab.indexstr
 *(.stab.indexstr)

.comment        0x0000000000000000       0x23
 *(.comment)
 .comment       0x0000000000000000       0x23 /home/engineer/GIT/CPU/QT/build-nios-nios2-Debug/qtc_nios2_Debug/CPU.ff221d47/main.c.o
                                         0x24 (size before relaxing)
 .comment       0x0000000000000023       0x24 /home/engineer/intelFPGA/16.1/nios2eds/bin/gnu/H-x86_64-pc-linux-gnu/bin/../lib/gcc/nios2-elf/5.3.0/../../../../../H-x86_64-pc-linux-gnu/nios2-elf/lib/mno-hw-mul/libsmallc.a(lib_a-printf.o)
 .comment       0x0000000000000023       0x24 /home/engineer/intelFPGA/16.1/nios2eds/bin/gnu/H-x86_64-pc-linux-gnu/bin/../lib/gcc/nios2-elf/5.3.0/../../../../../H-x86_64-pc-linux-gnu/nios2-elf/lib/mno-hw-mul/libsmallc.a(lib_a-vfprintf.o)
 .comment       0x0000000000000023       0x24 /home/engineer/intelFPGA/16.1/nios2eds/bin/gnu/H-x86_64-pc-linux-gnu/bin/../lib/gcc/nios2-elf/5.3.0/../../../../../H-x86_64-pc-linux-gnu/nios2-elf/lib/mno-hw-mul/libsmallc.a(lib_a-fvwrite_small_dev.o)
 .comment       0x0000000000000023       0x24 /home/engineer/intelFPGA/16.1/nios2eds/bin/gnu/H-x86_64-pc-linux-gnu/bin/../lib/gcc/nios2-elf/5.3.0/../../../../../H-x86_64-pc-linux-gnu/nios2-elf/lib/mno-hw-mul/libsmallc.a(lib_a-impure.o)
 .comment       0x0000000000000023       0x24 /home/engineer/intelFPGA/16.1/nios2eds/bin/gnu/H-x86_64-pc-linux-gnu/bin/../lib/gcc/nios2-elf/5.3.0/../../../../../H-x86_64-pc-linux-gnu/nios2-elf/lib/mno-hw-mul/libsmallc.a(lib_a-strlen.o)
 .comment       0x0000000000000023       0x24 /home/engineer/intelFPGA/16.1/nios2eds/bin/gnu/H-x86_64-pc-linux-gnu/bin/../lib/gcc/nios2-elf/5.3.0/../../../../../H-x86_64-pc-linux-gnu/nios2-elf/lib/mno-hw-mul/libsmallc.a(lib_a-writer.o)
 .comment       0x0000000000000023       0x24 /home/engineer/intelFPGA/16.1/nios2eds/bin/gnu/H-x86_64-pc-linux-gnu/bin/../lib/gcc/nios2-elf/5.3.0/../../../../../H-x86_64-pc-linux-gnu/nios2-elf/lib/mno-hw-mul/libsmallc.a(lib_a-int_errno.o)
 .comment       0x0000000000000023       0x24 /home/engineer/intelFPGA/16.1/nios2eds/bin/gnu/H-x86_64-pc-linux-gnu/bin/../lib/gcc/nios2-elf/5.3.0/mno-hw-mul/libgcc.a(lib2-divmod.o)
 .comment       0x0000000000000023       0x24 /home/engineer/intelFPGA/16.1/nios2eds/bin/gnu/H-x86_64-pc-linux-gnu/bin/../lib/gcc/nios2-elf/5.3.0/mno-hw-mul/libgcc.a(lib2-mul.o)
 .comment       0x0000000000000023       0x24 /home/engineer/GIT/CPU/QT/build-nios-nios2-Debug/qtc_nios2_Debug/CPU.ff221d47/libnios2.a(alt_load.c.o)
 .comment       0x0000000000000023       0x24 /home/engineer/GIT/CPU/QT/build-nios-nios2-Debug/qtc_nios2_Debug/CPU.ff221d47/libnios2.a(alt_main.c.o)
 .comment       0x0000000000000023       0x24 /home/engineer/GIT/CPU/QT/build-nios-nios2-Debug/qtc_nios2_Debug/CPU.ff221d47/libnios2.a(alt_sys_init.c.o)
 .comment       0x0000000000000023       0x24 /home/engineer/GIT/CPU/QT/build-nios-nios2-Debug/qtc_nios2_Debug/CPU.ff221d47/libnios2.a(alt_usleep.c.o)
 .comment       0x0000000000000023       0x24 /home/engineer/GIT/CPU/QT/build-nios-nios2-Debug/qtc_nios2_Debug/CPU.ff221d47/libnios2.a(alt_write.c.o)
 .comment       0x0000000000000023       0x24 /home/engineer/GIT/CPU/QT/build-nios-nios2-Debug/qtc_nios2_Debug/CPU.ff221d47/libnios2.a(altera_avalon_jtag_uart_fd.c.o)
 .comment       0x0000000000000023       0x24 /home/engineer/GIT/CPU/QT/build-nios-nios2-Debug/qtc_nios2_Debug/CPU.ff221d47/libnios2.a(altera_avalon_jtag_uart_read.c.o)
 .comment       0x0000000000000023       0x24 /home/engineer/GIT/CPU/QT/build-nios-nios2-Debug/qtc_nios2_Debug/CPU.ff221d47/libnios2.a(altera_avalon_jtag_uart_write.c.o)
 .comment       0x0000000000000023       0x24 /home/engineer/GIT/CPU/QT/build-nios-nios2-Debug/qtc_nios2_Debug/CPU.ff221d47/libnios2.a(altera_nios2_gen2_irq.c.o)
 .comment       0x0000000000000023       0x24 /home/engineer/GIT/CPU/QT/build-nios-nios2-Debug/qtc_nios2_Debug/CPU.ff221d47/libnios2.a(alt_busy_sleep.c.o)
 .comment       0x0000000000000023       0x24 /home/engineer/GIT/CPU/QT/build-nios-nios2-Debug/qtc_nios2_Debug/CPU.ff221d47/libnios2.a(alt_close.c.o)
 .comment       0x0000000000000023       0x24 /home/engineer/GIT/CPU/QT/build-nios-nios2-Debug/qtc_nios2_Debug/CPU.ff221d47/libnios2.a(alt_dcache_flush_all.c.o)
 .comment       0x0000000000000023       0x24 /home/engineer/GIT/CPU/QT/build-nios-nios2-Debug/qtc_nios2_Debug/CPU.ff221d47/libnios2.a(alt_dev.c.o)
 .comment       0x0000000000000023       0x24 /home/engineer/GIT/CPU/QT/build-nios-nios2-Debug/qtc_nios2_Debug/CPU.ff221d47/libnios2.a(alt_dev_llist_insert.c.o)
 .comment       0x0000000000000023       0x24 /home/engineer/GIT/CPU/QT/build-nios-nios2-Debug/qtc_nios2_Debug/CPU.ff221d47/libnios2.a(alt_do_ctors.c.o)
 .comment       0x0000000000000023       0x24 /home/engineer/GIT/CPU/QT/build-nios-nios2-Debug/qtc_nios2_Debug/CPU.ff221d47/libnios2.a(alt_do_dtors.c.o)
 .comment       0x0000000000000023       0x24 /home/engineer/GIT/CPU/QT/build-nios-nios2-Debug/qtc_nios2_Debug/CPU.ff221d47/libnios2.a(alt_errno.c.o)
 .comment       0x0000000000000023       0x24 /home/engineer/GIT/CPU/QT/build-nios-nios2-Debug/qtc_nios2_Debug/CPU.ff221d47/libnios2.a(alt_icache_flush_all.c.o)
 .comment       0x0000000000000023       0x24 /home/engineer/GIT/CPU/QT/build-nios-nios2-Debug/qtc_nios2_Debug/CPU.ff221d47/libnios2.a(alt_io_redirect.c.o)
 .comment       0x0000000000000023       0x24 /home/engineer/GIT/CPU/QT/build-nios-nios2-Debug/qtc_nios2_Debug/CPU.ff221d47/libnios2.a(alt_open.c.o)
 .comment       0x0000000000000023       0x24 /home/engineer/GIT/CPU/QT/build-nios-nios2-Debug/qtc_nios2_Debug/CPU.ff221d47/libnios2.a(alt_release_fd.c.o)
 .comment       0x0000000000000023       0x24 /home/engineer/GIT/CPU/QT/build-nios-nios2-Debug/qtc_nios2_Debug/CPU.ff221d47/libnios2.a(alt_find_dev.c.o)
 .comment       0x0000000000000023       0x24 /home/engineer/GIT/CPU/QT/build-nios-nios2-Debug/qtc_nios2_Debug/CPU.ff221d47/libnios2.a(alt_find_file.c.o)
 .comment       0x0000000000000023       0x24 /home/engineer/GIT/CPU/QT/build-nios-nios2-Debug/qtc_nios2_Debug/CPU.ff221d47/libnios2.a(alt_get_fd.c.o)
 .comment       0x0000000000000023       0x24 /home/engineer/intelFPGA/16.1/nios2eds/bin/gnu/H-x86_64-pc-linux-gnu/bin/../lib/gcc/nios2-elf/5.3.0/../../../../../H-x86_64-pc-linux-gnu/nios2-elf/lib/mno-hw-mul/libsmallc.a(lib_a-atexit.o)
 .comment       0x0000000000000023       0x24 /home/engineer/intelFPGA/16.1/nios2eds/bin/gnu/H-x86_64-pc-linux-gnu/bin/../lib/gcc/nios2-elf/5.3.0/../../../../../H-x86_64-pc-linux-gnu/nios2-elf/lib/mno-hw-mul/libsmallc.a(lib_a-exit.o)
 .comment       0x0000000000000023       0x24 /home/engineer/intelFPGA/16.1/nios2eds/bin/gnu/H-x86_64-pc-linux-gnu/bin/../lib/gcc/nios2-elf/5.3.0/../../../../../H-x86_64-pc-linux-gnu/nios2-elf/lib/mno-hw-mul/libsmallc.a(lib_a-memcmp.o)
 .comment       0x0000000000000023       0x24 /home/engineer/intelFPGA/16.1/nios2eds/bin/gnu/H-x86_64-pc-linux-gnu/bin/../lib/gcc/nios2-elf/5.3.0/../../../../../H-x86_64-pc-linux-gnu/nios2-elf/lib/mno-hw-mul/libsmallc.a(lib_a-__atexit.o)
 .comment       0x0000000000000023       0x24 /home/engineer/intelFPGA/16.1/nios2eds/bin/gnu/H-x86_64-pc-linux-gnu/bin/../lib/gcc/nios2-elf/5.3.0/../../../../../H-x86_64-pc-linux-gnu/nios2-elf/lib/mno-hw-mul/libsmallc.a(lib_a-__call_atexit.o)
 .comment       0x0000000000000023       0x24 /home/engineer/GIT/CPU/QT/build-nios-nios2-Debug/qtc_nios2_Debug/CPU.ff221d47/libnios2.a(alt_exit.c.o)

.debug
 *(.debug)

.line
 *(.line)

.debug_srcinfo
 *(.debug_srcinfo)

.debug_sfnames
 *(.debug_sfnames)

.debug_aranges  0x0000000000000000      0x528
 *(.debug_aranges)
 .debug_aranges
                0x0000000000000000       0x28 /home/engineer/GIT/CPU/QT/build-nios-nios2-Debug/qtc_nios2_Debug/CPU.ff221d47/crt0.S.o
 .debug_aranges
                0x0000000000000028       0x20 /home/engineer/GIT/CPU/QT/build-nios-nios2-Debug/qtc_nios2_Debug/CPU.ff221d47/main.c.o
 .debug_aranges
                0x0000000000000048       0x28 /home/engineer/intelFPGA/16.1/nios2eds/bin/gnu/H-x86_64-pc-linux-gnu/bin/../lib/gcc/nios2-elf/5.3.0/../../../../../H-x86_64-pc-linux-gnu/nios2-elf/lib/mno-hw-mul/libsmallc.a(lib_a-printf.o)
 .debug_aranges
                0x0000000000000070       0x30 /home/engineer/intelFPGA/16.1/nios2eds/bin/gnu/H-x86_64-pc-linux-gnu/bin/../lib/gcc/nios2-elf/5.3.0/../../../../../H-x86_64-pc-linux-gnu/nios2-elf/lib/mno-hw-mul/libsmallc.a(lib_a-vfprintf.o)
 .debug_aranges
                0x00000000000000a0       0x20 /home/engineer/intelFPGA/16.1/nios2eds/bin/gnu/H-x86_64-pc-linux-gnu/bin/../lib/gcc/nios2-elf/5.3.0/../../../../../H-x86_64-pc-linux-gnu/nios2-elf/lib/mno-hw-mul/libsmallc.a(lib_a-fvwrite_small_dev.o)
 .debug_aranges
                0x00000000000000c0       0x18 /home/engineer/intelFPGA/16.1/nios2eds/bin/gnu/H-x86_64-pc-linux-gnu/bin/../lib/gcc/nios2-elf/5.3.0/../../../../../H-x86_64-pc-linux-gnu/nios2-elf/lib/mno-hw-mul/libsmallc.a(lib_a-impure.o)
 .debug_aranges
                0x00000000000000d8       0x20 /home/engineer/intelFPGA/16.1/nios2eds/bin/gnu/H-x86_64-pc-linux-gnu/bin/../lib/gcc/nios2-elf/5.3.0/../../../../../H-x86_64-pc-linux-gnu/nios2-elf/lib/mno-hw-mul/libsmallc.a(lib_a-strlen.o)
 .debug_aranges
                0x00000000000000f8       0x20 /home/engineer/intelFPGA/16.1/nios2eds/bin/gnu/H-x86_64-pc-linux-gnu/bin/../lib/gcc/nios2-elf/5.3.0/../../../../../H-x86_64-pc-linux-gnu/nios2-elf/lib/mno-hw-mul/libsmallc.a(lib_a-writer.o)
 .debug_aranges
                0x0000000000000118       0x18 /home/engineer/intelFPGA/16.1/nios2eds/bin/gnu/H-x86_64-pc-linux-gnu/bin/../lib/gcc/nios2-elf/5.3.0/../../../../../H-x86_64-pc-linux-gnu/nios2-elf/lib/mno-hw-mul/libsmallc.a(lib_a-int_errno.o)
 .debug_aranges
                0x0000000000000130       0x20 /home/engineer/intelFPGA/16.1/nios2eds/bin/gnu/H-x86_64-pc-linux-gnu/bin/../lib/gcc/nios2-elf/5.3.0/mno-hw-mul/libgcc.a(lib2-divmod.o)
 .debug_aranges
                0x0000000000000150       0x20 /home/engineer/intelFPGA/16.1/nios2eds/bin/gnu/H-x86_64-pc-linux-gnu/bin/../lib/gcc/nios2-elf/5.3.0/mno-hw-mul/libgcc.a(lib2-mul.o)
 .debug_aranges
                0x0000000000000170       0x20 /home/engineer/GIT/CPU/QT/build-nios-nios2-Debug/qtc_nios2_Debug/CPU.ff221d47/libnios2.a(alt_load.c.o)
 .debug_aranges
                0x0000000000000190       0x20 /home/engineer/GIT/CPU/QT/build-nios-nios2-Debug/qtc_nios2_Debug/CPU.ff221d47/libnios2.a(alt_main.c.o)
 .debug_aranges
                0x00000000000001b0       0x20 /home/engineer/GIT/CPU/QT/build-nios-nios2-Debug/qtc_nios2_Debug/CPU.ff221d47/libnios2.a(alt_sys_init.c.o)
 .debug_aranges
                0x00000000000001d0       0x20 /home/engineer/GIT/CPU/QT/build-nios-nios2-Debug/qtc_nios2_Debug/CPU.ff221d47/libnios2.a(alt_usleep.c.o)
 .debug_aranges
                0x00000000000001f0       0x20 /home/engineer/GIT/CPU/QT/build-nios-nios2-Debug/qtc_nios2_Debug/CPU.ff221d47/libnios2.a(alt_write.c.o)
 .debug_aranges
                0x0000000000000210       0x20 /home/engineer/GIT/CPU/QT/build-nios-nios2-Debug/qtc_nios2_Debug/CPU.ff221d47/libnios2.a(altera_avalon_jtag_uart_fd.c.o)
 .debug_aranges
                0x0000000000000230       0x20 /home/engineer/GIT/CPU/QT/build-nios-nios2-Debug/qtc_nios2_Debug/CPU.ff221d47/libnios2.a(altera_avalon_jtag_uart_read.c.o)
 .debug_aranges
                0x0000000000000250       0x20 /home/engineer/GIT/CPU/QT/build-nios-nios2-Debug/qtc_nios2_Debug/CPU.ff221d47/libnios2.a(altera_avalon_jtag_uart_write.c.o)
 .debug_aranges
                0x0000000000000270       0x20 /home/engineer/GIT/CPU/QT/build-nios-nios2-Debug/qtc_nios2_Debug/CPU.ff221d47/libnios2.a(altera_nios2_gen2_irq.c.o)
 .debug_aranges
                0x0000000000000290       0x20 /home/engineer/GIT/CPU/QT/build-nios-nios2-Debug/qtc_nios2_Debug/CPU.ff221d47/libnios2.a(alt_busy_sleep.c.o)
 .debug_aranges
                0x00000000000002b0       0x20 /home/engineer/GIT/CPU/QT/build-nios-nios2-Debug/qtc_nios2_Debug/CPU.ff221d47/libnios2.a(alt_close.c.o)
 .debug_aranges
                0x00000000000002d0       0x20 /home/engineer/GIT/CPU/QT/build-nios-nios2-Debug/qtc_nios2_Debug/CPU.ff221d47/libnios2.a(alt_dcache_flush_all.c.o)
 .debug_aranges
                0x00000000000002f0       0x20 /home/engineer/GIT/CPU/QT/build-nios-nios2-Debug/qtc_nios2_Debug/CPU.ff221d47/libnios2.a(alt_dev.c.o)
 .debug_aranges
                0x0000000000000310       0x20 /home/engineer/GIT/CPU/QT/build-nios-nios2-Debug/qtc_nios2_Debug/CPU.ff221d47/libnios2.a(alt_dev_llist_insert.c.o)
 .debug_aranges
                0x0000000000000330       0x20 /home/engineer/GIT/CPU/QT/build-nios-nios2-Debug/qtc_nios2_Debug/CPU.ff221d47/libnios2.a(alt_do_ctors.c.o)
 .debug_aranges
                0x0000000000000350       0x20 /home/engineer/GIT/CPU/QT/build-nios-nios2-Debug/qtc_nios2_Debug/CPU.ff221d47/libnios2.a(alt_do_dtors.c.o)
 .debug_aranges
                0x0000000000000370       0x18 /home/engineer/GIT/CPU/QT/build-nios-nios2-Debug/qtc_nios2_Debug/CPU.ff221d47/libnios2.a(alt_errno.c.o)
 .debug_aranges
                0x0000000000000388       0x20 /home/engineer/GIT/CPU/QT/build-nios-nios2-Debug/qtc_nios2_Debug/CPU.ff221d47/libnios2.a(alt_icache_flush_all.c.o)
 .debug_aranges
                0x00000000000003a8       0x20 /home/engineer/GIT/CPU/QT/build-nios-nios2-Debug/qtc_nios2_Debug/CPU.ff221d47/libnios2.a(alt_io_redirect.c.o)
 .debug_aranges
                0x00000000000003c8       0x20 /home/engineer/GIT/CPU/QT/build-nios-nios2-Debug/qtc_nios2_Debug/CPU.ff221d47/libnios2.a(alt_open.c.o)
 .debug_aranges
                0x00000000000003e8       0x20 /home/engineer/GIT/CPU/QT/build-nios-nios2-Debug/qtc_nios2_Debug/CPU.ff221d47/libnios2.a(alt_release_fd.c.o)
 .debug_aranges
                0x0000000000000408       0x20 /home/engineer/GIT/CPU/QT/build-nios-nios2-Debug/qtc_nios2_Debug/CPU.ff221d47/libnios2.a(alt_find_dev.c.o)
 .debug_aranges
                0x0000000000000428       0x20 /home/engineer/GIT/CPU/QT/build-nios-nios2-Debug/qtc_nios2_Debug/CPU.ff221d47/libnios2.a(alt_find_file.c.o)
 .debug_aranges
                0x0000000000000448       0x20 /home/engineer/GIT/CPU/QT/build-nios-nios2-Debug/qtc_nios2_Debug/CPU.ff221d47/libnios2.a(alt_get_fd.c.o)
 .debug_aranges
                0x0000000000000468       0x20 /home/engineer/intelFPGA/16.1/nios2eds/bin/gnu/H-x86_64-pc-linux-gnu/bin/../lib/gcc/nios2-elf/5.3.0/../../../../../H-x86_64-pc-linux-gnu/nios2-elf/lib/mno-hw-mul/libsmallc.a(lib_a-atexit.o)
 .debug_aranges
                0x0000000000000488       0x20 /home/engineer/intelFPGA/16.1/nios2eds/bin/gnu/H-x86_64-pc-linux-gnu/bin/../lib/gcc/nios2-elf/5.3.0/../../../../../H-x86_64-pc-linux-gnu/nios2-elf/lib/mno-hw-mul/libsmallc.a(lib_a-exit.o)
 .debug_aranges
                0x00000000000004a8       0x20 /home/engineer/intelFPGA/16.1/nios2eds/bin/gnu/H-x86_64-pc-linux-gnu/bin/../lib/gcc/nios2-elf/5.3.0/../../../../../H-x86_64-pc-linux-gnu/nios2-elf/lib/mno-hw-mul/libsmallc.a(lib_a-memcmp.o)
 .debug_aranges
                0x00000000000004c8       0x20 /home/engineer/intelFPGA/16.1/nios2eds/bin/gnu/H-x86_64-pc-linux-gnu/bin/../lib/gcc/nios2-elf/5.3.0/../../../../../H-x86_64-pc-linux-gnu/nios2-elf/lib/mno-hw-mul/libsmallc.a(lib_a-__atexit.o)
 .debug_aranges
                0x00000000000004e8       0x20 /home/engineer/intelFPGA/16.1/nios2eds/bin/gnu/H-x86_64-pc-linux-gnu/bin/../lib/gcc/nios2-elf/5.3.0/../../../../../H-x86_64-pc-linux-gnu/nios2-elf/lib/mno-hw-mul/libsmallc.a(lib_a-__call_atexit.o)
 .debug_aranges
                0x0000000000000508       0x20 /home/engineer/GIT/CPU/QT/build-nios-nios2-Debug/qtc_nios2_Debug/CPU.ff221d47/libnios2.a(alt_exit.c.o)

.debug_pubnames
 *(.debug_pubnames)

.debug_info     0x0000000000000000     0x6df1
 *(.debug_info .gnu.linkonce.wi.*)
 .debug_info    0x0000000000000000       0x6a /home/engineer/GIT/CPU/QT/build-nios-nios2-Debug/qtc_nios2_Debug/CPU.ff221d47/crt0.S.o
 .debug_info    0x000000000000006a       0xac /home/engineer/GIT/CPU/QT/build-nios-nios2-Debug/qtc_nios2_Debug/CPU.ff221d47/main.c.o
 .debug_info    0x0000000000000116      0x699 /home/engineer/intelFPGA/16.1/nios2eds/bin/gnu/H-x86_64-pc-linux-gnu/bin/../lib/gcc/nios2-elf/5.3.0/../../../../../H-x86_64-pc-linux-gnu/nios2-elf/lib/mno-hw-mul/libsmallc.a(lib_a-printf.o)
 .debug_info    0x00000000000007af      0xb2b /home/engineer/intelFPGA/16.1/nios2eds/bin/gnu/H-x86_64-pc-linux-gnu/bin/../lib/gcc/nios2-elf/5.3.0/../../../../../H-x86_64-pc-linux-gnu/nios2-elf/lib/mno-hw-mul/libsmallc.a(lib_a-vfprintf.o)
 .debug_info    0x00000000000012da      0x62b /home/engineer/intelFPGA/16.1/nios2eds/bin/gnu/H-x86_64-pc-linux-gnu/bin/../lib/gcc/nios2-elf/5.3.0/../../../../../H-x86_64-pc-linux-gnu/nios2-elf/lib/mno-hw-mul/libsmallc.a(lib_a-fvwrite_small_dev.o)
 .debug_info    0x0000000000001905      0x5a9 /home/engineer/intelFPGA/16.1/nios2eds/bin/gnu/H-x86_64-pc-linux-gnu/bin/../lib/gcc/nios2-elf/5.3.0/../../../../../H-x86_64-pc-linux-gnu/nios2-elf/lib/mno-hw-mul/libsmallc.a(lib_a-impure.o)
 .debug_info    0x0000000000001eae       0xc9 /home/engineer/intelFPGA/16.1/nios2eds/bin/gnu/H-x86_64-pc-linux-gnu/bin/../lib/gcc/nios2-elf/5.3.0/../../../../../H-x86_64-pc-linux-gnu/nios2-elf/lib/mno-hw-mul/libsmallc.a(lib_a-strlen.o)
 .debug_info    0x0000000000001f77      0x630 /home/engineer/intelFPGA/16.1/nios2eds/bin/gnu/H-x86_64-pc-linux-gnu/bin/../lib/gcc/nios2-elf/5.3.0/../../../../../H-x86_64-pc-linux-gnu/nios2-elf/lib/mno-hw-mul/libsmallc.a(lib_a-writer.o)
 .debug_info    0x00000000000025a7       0x8a /home/engineer/intelFPGA/16.1/nios2eds/bin/gnu/H-x86_64-pc-linux-gnu/bin/../lib/gcc/nios2-elf/5.3.0/../../../../../H-x86_64-pc-linux-gnu/nios2-elf/lib/mno-hw-mul/libsmallc.a(lib_a-int_errno.o)
 .debug_info    0x0000000000002631      0x2c6 /home/engineer/intelFPGA/16.1/nios2eds/bin/gnu/H-x86_64-pc-linux-gnu/bin/../lib/gcc/nios2-elf/5.3.0/mno-hw-mul/libgcc.a(lib2-divmod.o)
 .debug_info    0x00000000000028f7       0xb4 /home/engineer/intelFPGA/16.1/nios2eds/bin/gnu/H-x86_64-pc-linux-gnu/bin/../lib/gcc/nios2-elf/5.3.0/mno-hw-mul/libgcc.a(lib2-mul.o)
 .debug_info    0x00000000000029ab      0x141 /home/engineer/GIT/CPU/QT/build-nios-nios2-Debug/qtc_nios2_Debug/CPU.ff221d47/libnios2.a(alt_load.c.o)
 .debug_info    0x0000000000002aec      0x12d /home/engineer/GIT/CPU/QT/build-nios-nios2-Debug/qtc_nios2_Debug/CPU.ff221d47/libnios2.a(alt_main.c.o)
 .debug_info    0x0000000000002c19      0x3c5 /home/engineer/GIT/CPU/QT/build-nios-nios2-Debug/qtc_nios2_Debug/CPU.ff221d47/libnios2.a(alt_sys_init.c.o)
 .debug_info    0x0000000000002fde       0xac /home/engineer/GIT/CPU/QT/build-nios-nios2-Debug/qtc_nios2_Debug/CPU.ff221d47/libnios2.a(alt_usleep.c.o)
 .debug_info    0x000000000000308a      0x4b3 /home/engineer/GIT/CPU/QT/build-nios-nios2-Debug/qtc_nios2_Debug/CPU.ff221d47/libnios2.a(alt_write.c.o)
 .debug_info    0x000000000000353d      0x3a3 /home/engineer/GIT/CPU/QT/build-nios-nios2-Debug/qtc_nios2_Debug/CPU.ff221d47/libnios2.a(altera_avalon_jtag_uart_fd.c.o)
 .debug_info    0x00000000000038e0      0x1ae /home/engineer/GIT/CPU/QT/build-nios-nios2-Debug/qtc_nios2_Debug/CPU.ff221d47/libnios2.a(altera_avalon_jtag_uart_read.c.o)
 .debug_info    0x0000000000003a8e      0x191 /home/engineer/GIT/CPU/QT/build-nios-nios2-Debug/qtc_nios2_Debug/CPU.ff221d47/libnios2.a(altera_avalon_jtag_uart_write.c.o)
 .debug_info    0x0000000000003c1f       0x8e /home/engineer/GIT/CPU/QT/build-nios-nios2-Debug/qtc_nios2_Debug/CPU.ff221d47/libnios2.a(altera_nios2_gen2_irq.c.o)
 .debug_info    0x0000000000003cad       0xd3 /home/engineer/GIT/CPU/QT/build-nios-nios2-Debug/qtc_nios2_Debug/CPU.ff221d47/libnios2.a(alt_busy_sleep.c.o)
 .debug_info    0x0000000000003d80      0x31d /home/engineer/GIT/CPU/QT/build-nios-nios2-Debug/qtc_nios2_Debug/CPU.ff221d47/libnios2.a(alt_close.c.o)
 .debug_info    0x000000000000409d       0x8e /home/engineer/GIT/CPU/QT/build-nios-nios2-Debug/qtc_nios2_Debug/CPU.ff221d47/libnios2.a(alt_dcache_flush_all.c.o)
 .debug_info    0x000000000000412b      0x498 /home/engineer/GIT/CPU/QT/build-nios-nios2-Debug/qtc_nios2_Debug/CPU.ff221d47/libnios2.a(alt_dev.c.o)
 .debug_info    0x00000000000045c3      0x1a5 /home/engineer/GIT/CPU/QT/build-nios-nios2-Debug/qtc_nios2_Debug/CPU.ff221d47/libnios2.a(alt_dev_llist_insert.c.o)
 .debug_info    0x0000000000004768       0x7f /home/engineer/GIT/CPU/QT/build-nios-nios2-Debug/qtc_nios2_Debug/CPU.ff221d47/libnios2.a(alt_do_ctors.c.o)
 .debug_info    0x00000000000047e7       0x7f /home/engineer/GIT/CPU/QT/build-nios-nios2-Debug/qtc_nios2_Debug/CPU.ff221d47/libnios2.a(alt_do_dtors.c.o)
 .debug_info    0x0000000000004866       0xa2 /home/engineer/GIT/CPU/QT/build-nios-nios2-Debug/qtc_nios2_Debug/CPU.ff221d47/libnios2.a(alt_errno.c.o)
 .debug_info    0x0000000000004908       0x8e /home/engineer/GIT/CPU/QT/build-nios-nios2-Debug/qtc_nios2_Debug/CPU.ff221d47/libnios2.a(alt_icache_flush_all.c.o)
 .debug_info    0x0000000000004996      0x4a1 /home/engineer/GIT/CPU/QT/build-nios-nios2-Debug/qtc_nios2_Debug/CPU.ff221d47/libnios2.a(alt_io_redirect.c.o)
 .debug_info    0x0000000000004e37      0x3b7 /home/engineer/GIT/CPU/QT/build-nios-nios2-Debug/qtc_nios2_Debug/CPU.ff221d47/libnios2.a(alt_open.c.o)
 .debug_info    0x00000000000051ee      0x2ac /home/engineer/GIT/CPU/QT/build-nios-nios2-Debug/qtc_nios2_Debug/CPU.ff221d47/libnios2.a(alt_release_fd.c.o)
 .debug_info    0x000000000000549a      0x2e5 /home/engineer/GIT/CPU/QT/build-nios-nios2-Debug/qtc_nios2_Debug/CPU.ff221d47/libnios2.a(alt_find_dev.c.o)
 .debug_info    0x000000000000577f      0x2e2 /home/engineer/GIT/CPU/QT/build-nios-nios2-Debug/qtc_nios2_Debug/CPU.ff221d47/libnios2.a(alt_find_file.c.o)
 .debug_info    0x0000000000005a61      0x30c /home/engineer/GIT/CPU/QT/build-nios-nios2-Debug/qtc_nios2_Debug/CPU.ff221d47/libnios2.a(alt_get_fd.c.o)
 .debug_info    0x0000000000005d6d       0xfe /home/engineer/intelFPGA/16.1/nios2eds/bin/gnu/H-x86_64-pc-linux-gnu/bin/../lib/gcc/nios2-elf/5.3.0/../../../../../H-x86_64-pc-linux-gnu/nios2-elf/lib/mno-hw-mul/libsmallc.a(lib_a-atexit.o)
 .debug_info    0x0000000000005e6b       0xe5 /home/engineer/intelFPGA/16.1/nios2eds/bin/gnu/H-x86_64-pc-linux-gnu/bin/../lib/gcc/nios2-elf/5.3.0/../../../../../H-x86_64-pc-linux-gnu/nios2-elf/lib/mno-hw-mul/libsmallc.a(lib_a-exit.o)
 .debug_info    0x0000000000005f50       0xf4 /home/engineer/intelFPGA/16.1/nios2eds/bin/gnu/H-x86_64-pc-linux-gnu/bin/../lib/gcc/nios2-elf/5.3.0/../../../../../H-x86_64-pc-linux-gnu/nios2-elf/lib/mno-hw-mul/libsmallc.a(lib_a-memcmp.o)
 .debug_info    0x0000000000006044      0x64a /home/engineer/intelFPGA/16.1/nios2eds/bin/gnu/H-x86_64-pc-linux-gnu/bin/../lib/gcc/nios2-elf/5.3.0/../../../../../H-x86_64-pc-linux-gnu/nios2-elf/lib/mno-hw-mul/libsmallc.a(lib_a-__atexit.o)
 .debug_info    0x000000000000668e      0x67b /home/engineer/intelFPGA/16.1/nios2eds/bin/gnu/H-x86_64-pc-linux-gnu/bin/../lib/gcc/nios2-elf/5.3.0/../../../../../H-x86_64-pc-linux-gnu/nios2-elf/lib/mno-hw-mul/libsmallc.a(lib_a-__call_atexit.o)
 .debug_info    0x0000000000006d09       0xe8 /home/engineer/GIT/CPU/QT/build-nios-nios2-Debug/qtc_nios2_Debug/CPU.ff221d47/libnios2.a(alt_exit.c.o)

.debug_abbrev   0x0000000000000000     0x248c
 *(.debug_abbrev)
 .debug_abbrev  0x0000000000000000       0x12 /home/engineer/GIT/CPU/QT/build-nios-nios2-Debug/qtc_nios2_Debug/CPU.ff221d47/crt0.S.o
 .debug_abbrev  0x0000000000000012       0x5e /home/engineer/GIT/CPU/QT/build-nios-nios2-Debug/qtc_nios2_Debug/CPU.ff221d47/main.c.o
 .debug_abbrev  0x0000000000000070      0x1ee /home/engineer/intelFPGA/16.1/nios2eds/bin/gnu/H-x86_64-pc-linux-gnu/bin/../lib/gcc/nios2-elf/5.3.0/../../../../../H-x86_64-pc-linux-gnu/nios2-elf/lib/mno-hw-mul/libsmallc.a(lib_a-printf.o)
 .debug_abbrev  0x000000000000025e      0x2a1 /home/engineer/intelFPGA/16.1/nios2eds/bin/gnu/H-x86_64-pc-linux-gnu/bin/../lib/gcc/nios2-elf/5.3.0/../../../../../H-x86_64-pc-linux-gnu/nios2-elf/lib/mno-hw-mul/libsmallc.a(lib_a-vfprintf.o)
 .debug_abbrev  0x00000000000004ff      0x1bc /home/engineer/intelFPGA/16.1/nios2eds/bin/gnu/H-x86_64-pc-linux-gnu/bin/../lib/gcc/nios2-elf/5.3.0/../../../../../H-x86_64-pc-linux-gnu/nios2-elf/lib/mno-hw-mul/libsmallc.a(lib_a-fvwrite_small_dev.o)
 .debug_abbrev  0x00000000000006bb      0x14a /home/engineer/intelFPGA/16.1/nios2eds/bin/gnu/H-x86_64-pc-linux-gnu/bin/../lib/gcc/nios2-elf/5.3.0/../../../../../H-x86_64-pc-linux-gnu/nios2-elf/lib/mno-hw-mul/libsmallc.a(lib_a-impure.o)
 .debug_abbrev  0x0000000000000805       0x7f /home/engineer/intelFPGA/16.1/nios2eds/bin/gnu/H-x86_64-pc-linux-gnu/bin/../lib/gcc/nios2-elf/5.3.0/../../../../../H-x86_64-pc-linux-gnu/nios2-elf/lib/mno-hw-mul/libsmallc.a(lib_a-strlen.o)
 .debug_abbrev  0x0000000000000884      0x1a6 /home/engineer/intelFPGA/16.1/nios2eds/bin/gnu/H-x86_64-pc-linux-gnu/bin/../lib/gcc/nios2-elf/5.3.0/../../../../../H-x86_64-pc-linux-gnu/nios2-elf/lib/mno-hw-mul/libsmallc.a(lib_a-writer.o)
 .debug_abbrev  0x0000000000000a2a       0x37 /home/engineer/intelFPGA/16.1/nios2eds/bin/gnu/H-x86_64-pc-linux-gnu/bin/../lib/gcc/nios2-elf/5.3.0/../../../../../H-x86_64-pc-linux-gnu/nios2-elf/lib/mno-hw-mul/libsmallc.a(lib_a-int_errno.o)
 .debug_abbrev  0x0000000000000a61      0x10e /home/engineer/intelFPGA/16.1/nios2eds/bin/gnu/H-x86_64-pc-linux-gnu/bin/../lib/gcc/nios2-elf/5.3.0/mno-hw-mul/libgcc.a(lib2-divmod.o)
 .debug_abbrev  0x0000000000000b6f       0x6f /home/engineer/intelFPGA/16.1/nios2eds/bin/gnu/H-x86_64-pc-linux-gnu/bin/../lib/gcc/nios2-elf/5.3.0/mno-hw-mul/libgcc.a(lib2-mul.o)
 .debug_abbrev  0x0000000000000bde       0x9d /home/engineer/GIT/CPU/QT/build-nios-nios2-Debug/qtc_nios2_Debug/CPU.ff221d47/libnios2.a(alt_load.c.o)
 .debug_abbrev  0x0000000000000c7b       0xb8 /home/engineer/GIT/CPU/QT/build-nios-nios2-Debug/qtc_nios2_Debug/CPU.ff221d47/libnios2.a(alt_main.c.o)
 .debug_abbrev  0x0000000000000d33      0x155 /home/engineer/GIT/CPU/QT/build-nios-nios2-Debug/qtc_nios2_Debug/CPU.ff221d47/libnios2.a(alt_sys_init.c.o)
 .debug_abbrev  0x0000000000000e88       0x5e /home/engineer/GIT/CPU/QT/build-nios-nios2-Debug/qtc_nios2_Debug/CPU.ff221d47/libnios2.a(alt_usleep.c.o)
 .debug_abbrev  0x0000000000000ee6      0x131 /home/engineer/GIT/CPU/QT/build-nios-nios2-Debug/qtc_nios2_Debug/CPU.ff221d47/libnios2.a(alt_write.c.o)
 .debug_abbrev  0x0000000000001017       0xf5 /home/engineer/GIT/CPU/QT/build-nios-nios2-Debug/qtc_nios2_Debug/CPU.ff221d47/libnios2.a(altera_avalon_jtag_uart_fd.c.o)
 .debug_abbrev  0x000000000000110c       0xd3 /home/engineer/GIT/CPU/QT/build-nios-nios2-Debug/qtc_nios2_Debug/CPU.ff221d47/libnios2.a(altera_avalon_jtag_uart_read.c.o)
 .debug_abbrev  0x00000000000011df       0xd3 /home/engineer/GIT/CPU/QT/build-nios-nios2-Debug/qtc_nios2_Debug/CPU.ff221d47/libnios2.a(altera_avalon_jtag_uart_write.c.o)
 .debug_abbrev  0x00000000000012b2       0x40 /home/engineer/GIT/CPU/QT/build-nios-nios2-Debug/qtc_nios2_Debug/CPU.ff221d47/libnios2.a(altera_nios2_gen2_irq.c.o)
 .debug_abbrev  0x00000000000012f2       0x7c /home/engineer/GIT/CPU/QT/build-nios-nios2-Debug/qtc_nios2_Debug/CPU.ff221d47/libnios2.a(alt_busy_sleep.c.o)
 .debug_abbrev  0x000000000000136e      0x11d /home/engineer/GIT/CPU/QT/build-nios-nios2-Debug/qtc_nios2_Debug/CPU.ff221d47/libnios2.a(alt_close.c.o)
 .debug_abbrev  0x000000000000148b       0x40 /home/engineer/GIT/CPU/QT/build-nios-nios2-Debug/qtc_nios2_Debug/CPU.ff221d47/libnios2.a(alt_dcache_flush_all.c.o)
 .debug_abbrev  0x00000000000014cb       0xd7 /home/engineer/GIT/CPU/QT/build-nios-nios2-Debug/qtc_nios2_Debug/CPU.ff221d47/libnios2.a(alt_dev.c.o)
 .debug_abbrev  0x00000000000015a2      0x112 /home/engineer/GIT/CPU/QT/build-nios-nios2-Debug/qtc_nios2_Debug/CPU.ff221d47/libnios2.a(alt_dev_llist_insert.c.o)
 .debug_abbrev  0x00000000000016b4       0x77 /home/engineer/GIT/CPU/QT/build-nios-nios2-Debug/qtc_nios2_Debug/CPU.ff221d47/libnios2.a(alt_do_ctors.c.o)
 .debug_abbrev  0x000000000000172b       0x77 /home/engineer/GIT/CPU/QT/build-nios-nios2-Debug/qtc_nios2_Debug/CPU.ff221d47/libnios2.a(alt_do_dtors.c.o)
 .debug_abbrev  0x00000000000017a2       0x58 /home/engineer/GIT/CPU/QT/build-nios-nios2-Debug/qtc_nios2_Debug/CPU.ff221d47/libnios2.a(alt_errno.c.o)
 .debug_abbrev  0x00000000000017fa       0x40 /home/engineer/GIT/CPU/QT/build-nios-nios2-Debug/qtc_nios2_Debug/CPU.ff221d47/libnios2.a(alt_icache_flush_all.c.o)
 .debug_abbrev  0x000000000000183a      0x112 /home/engineer/GIT/CPU/QT/build-nios-nios2-Debug/qtc_nios2_Debug/CPU.ff221d47/libnios2.a(alt_io_redirect.c.o)
 .debug_abbrev  0x000000000000194c      0x146 /home/engineer/GIT/CPU/QT/build-nios-nios2-Debug/qtc_nios2_Debug/CPU.ff221d47/libnios2.a(alt_open.c.o)
 .debug_abbrev  0x0000000000001a92       0xdc /home/engineer/GIT/CPU/QT/build-nios-nios2-Debug/qtc_nios2_Debug/CPU.ff221d47/libnios2.a(alt_release_fd.c.o)
 .debug_abbrev  0x0000000000001b6e       0xee /home/engineer/GIT/CPU/QT/build-nios-nios2-Debug/qtc_nios2_Debug/CPU.ff221d47/libnios2.a(alt_find_dev.c.o)
 .debug_abbrev  0x0000000000001c5c       0xee /home/engineer/GIT/CPU/QT/build-nios-nios2-Debug/qtc_nios2_Debug/CPU.ff221d47/libnios2.a(alt_find_file.c.o)
 .debug_abbrev  0x0000000000001d4a      0x10b /home/engineer/GIT/CPU/QT/build-nios-nios2-Debug/qtc_nios2_Debug/CPU.ff221d47/libnios2.a(alt_get_fd.c.o)
 .debug_abbrev  0x0000000000001e55       0xaa /home/engineer/intelFPGA/16.1/nios2eds/bin/gnu/H-x86_64-pc-linux-gnu/bin/../lib/gcc/nios2-elf/5.3.0/../../../../../H-x86_64-pc-linux-gnu/nios2-elf/lib/mno-hw-mul/libsmallc.a(lib_a-atexit.o)
 .debug_abbrev  0x0000000000001eff       0x8b /home/engineer/intelFPGA/16.1/nios2eds/bin/gnu/H-x86_64-pc-linux-gnu/bin/../lib/gcc/nios2-elf/5.3.0/../../../../../H-x86_64-pc-linux-gnu/nios2-elf/lib/mno-hw-mul/libsmallc.a(lib_a-exit.o)
 .debug_abbrev  0x0000000000001f8a       0x7f /home/engineer/intelFPGA/16.1/nios2eds/bin/gnu/H-x86_64-pc-linux-gnu/bin/../lib/gcc/nios2-elf/5.3.0/../../../../../H-x86_64-pc-linux-gnu/nios2-elf/lib/mno-hw-mul/libsmallc.a(lib_a-memcmp.o)
 .debug_abbrev  0x0000000000002009      0x1e6 /home/engineer/intelFPGA/16.1/nios2eds/bin/gnu/H-x86_64-pc-linux-gnu/bin/../lib/gcc/nios2-elf/5.3.0/../../../../../H-x86_64-pc-linux-gnu/nios2-elf/lib/mno-hw-mul/libsmallc.a(lib_a-__atexit.o)
 .debug_abbrev  0x00000000000021ef      0x1f6 /home/engineer/intelFPGA/16.1/nios2eds/bin/gnu/H-x86_64-pc-linux-gnu/bin/../lib/gcc/nios2-elf/5.3.0/../../../../../H-x86_64-pc-linux-gnu/nios2-elf/lib/mno-hw-mul/libsmallc.a(lib_a-__call_atexit.o)
 .debug_abbrev  0x00000000000023e5       0xa7 /home/engineer/GIT/CPU/QT/build-nios-nios2-Debug/qtc_nios2_Debug/CPU.ff221d47/libnios2.a(alt_exit.c.o)

.debug_line     0x0000000000000000     0x35c5
 *(.debug_line)
 .debug_line    0x0000000000000000       0x8d /home/engineer/GIT/CPU/QT/build-nios-nios2-Debug/qtc_nios2_Debug/CPU.ff221d47/crt0.S.o
 .debug_line    0x000000000000008d       0x9c /home/engineer/GIT/CPU/QT/build-nios-nios2-Debug/qtc_nios2_Debug/CPU.ff221d47/main.c.o
 .debug_line    0x0000000000000129      0x203 /home/engineer/intelFPGA/16.1/nios2eds/bin/gnu/H-x86_64-pc-linux-gnu/bin/../lib/gcc/nios2-elf/5.3.0/../../../../../H-x86_64-pc-linux-gnu/nios2-elf/lib/mno-hw-mul/libsmallc.a(lib_a-printf.o)
 .debug_line    0x000000000000032c      0x351 /home/engineer/intelFPGA/16.1/nios2eds/bin/gnu/H-x86_64-pc-linux-gnu/bin/../lib/gcc/nios2-elf/5.3.0/../../../../../H-x86_64-pc-linux-gnu/nios2-elf/lib/mno-hw-mul/libsmallc.a(lib_a-vfprintf.o)
 .debug_line    0x000000000000067d      0x1f0 /home/engineer/intelFPGA/16.1/nios2eds/bin/gnu/H-x86_64-pc-linux-gnu/bin/../lib/gcc/nios2-elf/5.3.0/../../../../../H-x86_64-pc-linux-gnu/nios2-elf/lib/mno-hw-mul/libsmallc.a(lib_a-fvwrite_small_dev.o)
 .debug_line    0x000000000000086d      0x156 /home/engineer/intelFPGA/16.1/nios2eds/bin/gnu/H-x86_64-pc-linux-gnu/bin/../lib/gcc/nios2-elf/5.3.0/../../../../../H-x86_64-pc-linux-gnu/nios2-elf/lib/mno-hw-mul/libsmallc.a(lib_a-impure.o)
 .debug_line    0x00000000000009c3      0x15c /home/engineer/intelFPGA/16.1/nios2eds/bin/gnu/H-x86_64-pc-linux-gnu/bin/../lib/gcc/nios2-elf/5.3.0/../../../../../H-x86_64-pc-linux-gnu/nios2-elf/lib/mno-hw-mul/libsmallc.a(lib_a-strlen.o)
 .debug_line    0x0000000000000b1f      0x1ed /home/engineer/intelFPGA/16.1/nios2eds/bin/gnu/H-x86_64-pc-linux-gnu/bin/../lib/gcc/nios2-elf/5.3.0/../../../../../H-x86_64-pc-linux-gnu/nios2-elf/lib/mno-hw-mul/libsmallc.a(lib_a-writer.o)
 .debug_line    0x0000000000000d0c       0x5f /home/engineer/intelFPGA/16.1/nios2eds/bin/gnu/H-x86_64-pc-linux-gnu/bin/../lib/gcc/nios2-elf/5.3.0/../../../../../H-x86_64-pc-linux-gnu/nios2-elf/lib/mno-hw-mul/libsmallc.a(lib_a-int_errno.o)
 .debug_line    0x0000000000000d6b      0x105 /home/engineer/intelFPGA/16.1/nios2eds/bin/gnu/H-x86_64-pc-linux-gnu/bin/../lib/gcc/nios2-elf/5.3.0/mno-hw-mul/libgcc.a(lib2-divmod.o)
 .debug_line    0x0000000000000e70       0x80 /home/engineer/intelFPGA/16.1/nios2eds/bin/gnu/H-x86_64-pc-linux-gnu/bin/../lib/gcc/nios2-elf/5.3.0/mno-hw-mul/libgcc.a(lib2-mul.o)
 .debug_line    0x0000000000000ef0       0xff /home/engineer/GIT/CPU/QT/build-nios-nios2-Debug/qtc_nios2_Debug/CPU.ff221d47/libnios2.a(alt_load.c.o)
 .debug_line    0x0000000000000fef      0x115 /home/engineer/GIT/CPU/QT/build-nios-nios2-Debug/qtc_nios2_Debug/CPU.ff221d47/libnios2.a(alt_main.c.o)
 .debug_line    0x0000000000001104      0x1de /home/engineer/GIT/CPU/QT/build-nios-nios2-Debug/qtc_nios2_Debug/CPU.ff221d47/libnios2.a(alt_sys_init.c.o)
 .debug_line    0x00000000000012e2       0xe0 /home/engineer/GIT/CPU/QT/build-nios-nios2-Debug/qtc_nios2_Debug/CPU.ff221d47/libnios2.a(alt_usleep.c.o)
 .debug_line    0x00000000000013c2      0x289 /home/engineer/GIT/CPU/QT/build-nios-nios2-Debug/qtc_nios2_Debug/CPU.ff221d47/libnios2.a(alt_write.c.o)
 .debug_line    0x000000000000164b      0x1cd /home/engineer/GIT/CPU/QT/build-nios-nios2-Debug/qtc_nios2_Debug/CPU.ff221d47/libnios2.a(altera_avalon_jtag_uart_fd.c.o)
 .debug_line    0x0000000000001818      0x1b8 /home/engineer/GIT/CPU/QT/build-nios-nios2-Debug/qtc_nios2_Debug/CPU.ff221d47/libnios2.a(altera_avalon_jtag_uart_read.c.o)
 .debug_line    0x00000000000019d0      0x1af /home/engineer/GIT/CPU/QT/build-nios-nios2-Debug/qtc_nios2_Debug/CPU.ff221d47/libnios2.a(altera_avalon_jtag_uart_write.c.o)
 .debug_line    0x0000000000001b7f       0x78 /home/engineer/GIT/CPU/QT/build-nios-nios2-Debug/qtc_nios2_Debug/CPU.ff221d47/libnios2.a(altera_nios2_gen2_irq.c.o)
 .debug_line    0x0000000000001bf7       0xee /home/engineer/GIT/CPU/QT/build-nios-nios2-Debug/qtc_nios2_Debug/CPU.ff221d47/libnios2.a(alt_busy_sleep.c.o)
 .debug_line    0x0000000000001ce5      0x207 /home/engineer/GIT/CPU/QT/build-nios-nios2-Debug/qtc_nios2_Debug/CPU.ff221d47/libnios2.a(alt_close.c.o)
 .debug_line    0x0000000000001eec       0x78 /home/engineer/GIT/CPU/QT/build-nios-nios2-Debug/qtc_nios2_Debug/CPU.ff221d47/libnios2.a(alt_dcache_flush_all.c.o)
 .debug_line    0x0000000000001f64      0x175 /home/engineer/GIT/CPU/QT/build-nios-nios2-Debug/qtc_nios2_Debug/CPU.ff221d47/libnios2.a(alt_dev.c.o)
 .debug_line    0x00000000000020d9      0x140 /home/engineer/GIT/CPU/QT/build-nios-nios2-Debug/qtc_nios2_Debug/CPU.ff221d47/libnios2.a(alt_dev_llist_insert.c.o)
 .debug_line    0x0000000000002219       0x80 /home/engineer/GIT/CPU/QT/build-nios-nios2-Debug/qtc_nios2_Debug/CPU.ff221d47/libnios2.a(alt_do_ctors.c.o)
 .debug_line    0x0000000000002299       0x80 /home/engineer/GIT/CPU/QT/build-nios-nios2-Debug/qtc_nios2_Debug/CPU.ff221d47/libnios2.a(alt_do_dtors.c.o)
 .debug_line    0x0000000000002319       0x9d /home/engineer/GIT/CPU/QT/build-nios-nios2-Debug/qtc_nios2_Debug/CPU.ff221d47/libnios2.a(alt_errno.c.o)
 .debug_line    0x00000000000023b6       0x76 /home/engineer/GIT/CPU/QT/build-nios-nios2-Debug/qtc_nios2_Debug/CPU.ff221d47/libnios2.a(alt_icache_flush_all.c.o)
 .debug_line    0x000000000000242c      0x1d7 /home/engineer/GIT/CPU/QT/build-nios-nios2-Debug/qtc_nios2_Debug/CPU.ff221d47/libnios2.a(alt_io_redirect.c.o)
 .debug_line    0x0000000000002603      0x1c1 /home/engineer/GIT/CPU/QT/build-nios-nios2-Debug/qtc_nios2_Debug/CPU.ff221d47/libnios2.a(alt_open.c.o)
 .debug_line    0x00000000000027c4      0x146 /home/engineer/GIT/CPU/QT/build-nios-nios2-Debug/qtc_nios2_Debug/CPU.ff221d47/libnios2.a(alt_release_fd.c.o)
 .debug_line    0x000000000000290a      0x14b /home/engineer/GIT/CPU/QT/build-nios-nios2-Debug/qtc_nios2_Debug/CPU.ff221d47/libnios2.a(alt_find_dev.c.o)
 .debug_line    0x0000000000002a55      0x167 /home/engineer/GIT/CPU/QT/build-nios-nios2-Debug/qtc_nios2_Debug/CPU.ff221d47/libnios2.a(alt_find_file.c.o)
 .debug_line    0x0000000000002bbc      0x16d /home/engineer/GIT/CPU/QT/build-nios-nios2-Debug/qtc_nios2_Debug/CPU.ff221d47/libnios2.a(alt_get_fd.c.o)
 .debug_line    0x0000000000002d29       0xe7 /home/engineer/intelFPGA/16.1/nios2eds/bin/gnu/H-x86_64-pc-linux-gnu/bin/../lib/gcc/nios2-elf/5.3.0/../../../../../H-x86_64-pc-linux-gnu/nios2-elf/lib/mno-hw-mul/libsmallc.a(lib_a-atexit.o)
 .debug_line    0x0000000000002e10      0x159 /home/engineer/intelFPGA/16.1/nios2eds/bin/gnu/H-x86_64-pc-linux-gnu/bin/../lib/gcc/nios2-elf/5.3.0/../../../../../H-x86_64-pc-linux-gnu/nios2-elf/lib/mno-hw-mul/libsmallc.a(lib_a-exit.o)
 .debug_line    0x0000000000002f69      0x160 /home/engineer/intelFPGA/16.1/nios2eds/bin/gnu/H-x86_64-pc-linux-gnu/bin/../lib/gcc/nios2-elf/5.3.0/../../../../../H-x86_64-pc-linux-gnu/nios2-elf/lib/mno-hw-mul/libsmallc.a(lib_a-memcmp.o)
 .debug_line    0x00000000000030c9      0x20d /home/engineer/intelFPGA/16.1/nios2eds/bin/gnu/H-x86_64-pc-linux-gnu/bin/../lib/gcc/nios2-elf/5.3.0/../../../../../H-x86_64-pc-linux-gnu/nios2-elf/lib/mno-hw-mul/libsmallc.a(lib_a-__atexit.o)
 .debug_line    0x00000000000032d6      0x232 /home/engineer/intelFPGA/16.1/nios2eds/bin/gnu/H-x86_64-pc-linux-gnu/bin/../lib/gcc/nios2-elf/5.3.0/../../../../../H-x86_64-pc-linux-gnu/nios2-elf/lib/mno-hw-mul/libsmallc.a(lib_a-__call_atexit.o)
 .debug_line    0x0000000000003508       0xbd /home/engineer/GIT/CPU/QT/build-nios-nios2-Debug/qtc_nios2_Debug/CPU.ff221d47/libnios2.a(alt_exit.c.o)

.debug_frame    0x0000000000000000      0x9d0
 *(.debug_frame)
 .debug_frame   0x0000000000000000       0x2c /home/engineer/GIT/CPU/QT/build-nios-nios2-Debug/qtc_nios2_Debug/CPU.ff221d47/main.c.o
 .debug_frame   0x000000000000002c       0x48 /home/engineer/intelFPGA/16.1/nios2eds/bin/gnu/H-x86_64-pc-linux-gnu/bin/../lib/gcc/nios2-elf/5.3.0/../../../../../H-x86_64-pc-linux-gnu/nios2-elf/lib/mno-hw-mul/libsmallc.a(lib_a-printf.o)
 .debug_frame   0x0000000000000074       0x8c /home/engineer/intelFPGA/16.1/nios2eds/bin/gnu/H-x86_64-pc-linux-gnu/bin/../lib/gcc/nios2-elf/5.3.0/../../../../../H-x86_64-pc-linux-gnu/nios2-elf/lib/mno-hw-mul/libsmallc.a(lib_a-vfprintf.o)
 .debug_frame   0x0000000000000100       0x58 /home/engineer/intelFPGA/16.1/nios2eds/bin/gnu/H-x86_64-pc-linux-gnu/bin/../lib/gcc/nios2-elf/5.3.0/../../../../../H-x86_64-pc-linux-gnu/nios2-elf/lib/mno-hw-mul/libsmallc.a(lib_a-fvwrite_small_dev.o)
 .debug_frame   0x0000000000000158       0x20 /home/engineer/intelFPGA/16.1/nios2eds/bin/gnu/H-x86_64-pc-linux-gnu/bin/../lib/gcc/nios2-elf/5.3.0/../../../../../H-x86_64-pc-linux-gnu/nios2-elf/lib/mno-hw-mul/libsmallc.a(lib_a-strlen.o)
 .debug_frame   0x0000000000000178       0x38 /home/engineer/intelFPGA/16.1/nios2eds/bin/gnu/H-x86_64-pc-linux-gnu/bin/../lib/gcc/nios2-elf/5.3.0/../../../../../H-x86_64-pc-linux-gnu/nios2-elf/lib/mno-hw-mul/libsmallc.a(lib_a-writer.o)
 .debug_frame   0x00000000000001b0       0x50 /home/engineer/intelFPGA/16.1/nios2eds/bin/gnu/H-x86_64-pc-linux-gnu/bin/../lib/gcc/nios2-elf/5.3.0/mno-hw-mul/libgcc.a(lib2-divmod.o)
 .debug_frame   0x0000000000000200       0x20 /home/engineer/intelFPGA/16.1/nios2eds/bin/gnu/H-x86_64-pc-linux-gnu/bin/../lib/gcc/nios2-elf/5.3.0/mno-hw-mul/libgcc.a(lib2-mul.o)
 .debug_frame   0x0000000000000220       0x5c /home/engineer/GIT/CPU/QT/build-nios-nios2-Debug/qtc_nios2_Debug/CPU.ff221d47/libnios2.a(alt_load.c.o)
 .debug_frame   0x000000000000027c       0x2c /home/engineer/GIT/CPU/QT/build-nios-nios2-Debug/qtc_nios2_Debug/CPU.ff221d47/libnios2.a(alt_main.c.o)
 .debug_frame   0x00000000000002a8       0x88 /home/engineer/GIT/CPU/QT/build-nios-nios2-Debug/qtc_nios2_Debug/CPU.ff221d47/libnios2.a(alt_sys_init.c.o)
 .debug_frame   0x0000000000000330       0x38 /home/engineer/GIT/CPU/QT/build-nios-nios2-Debug/qtc_nios2_Debug/CPU.ff221d47/libnios2.a(alt_usleep.c.o)
 .debug_frame   0x0000000000000368       0x60 /home/engineer/GIT/CPU/QT/build-nios-nios2-Debug/qtc_nios2_Debug/CPU.ff221d47/libnios2.a(alt_write.c.o)
 .debug_frame   0x00000000000003c8       0x60 /home/engineer/GIT/CPU/QT/build-nios-nios2-Debug/qtc_nios2_Debug/CPU.ff221d47/libnios2.a(altera_avalon_jtag_uart_fd.c.o)
 .debug_frame   0x0000000000000428       0x34 /home/engineer/GIT/CPU/QT/build-nios-nios2-Debug/qtc_nios2_Debug/CPU.ff221d47/libnios2.a(altera_avalon_jtag_uart_read.c.o)
 .debug_frame   0x000000000000045c       0x34 /home/engineer/GIT/CPU/QT/build-nios-nios2-Debug/qtc_nios2_Debug/CPU.ff221d47/libnios2.a(altera_avalon_jtag_uart_write.c.o)
 .debug_frame   0x0000000000000490       0x34 /home/engineer/GIT/CPU/QT/build-nios-nios2-Debug/qtc_nios2_Debug/CPU.ff221d47/libnios2.a(altera_nios2_gen2_irq.c.o)
 .debug_frame   0x00000000000004c4       0x38 /home/engineer/GIT/CPU/QT/build-nios-nios2-Debug/qtc_nios2_Debug/CPU.ff221d47/libnios2.a(alt_busy_sleep.c.o)
 .debug_frame   0x00000000000004fc       0x60 /home/engineer/GIT/CPU/QT/build-nios-nios2-Debug/qtc_nios2_Debug/CPU.ff221d47/libnios2.a(alt_close.c.o)
 .debug_frame   0x000000000000055c       0x34 /home/engineer/GIT/CPU/QT/build-nios-nios2-Debug/qtc_nios2_Debug/CPU.ff221d47/libnios2.a(alt_dcache_flush_all.c.o)
 .debug_frame   0x0000000000000590       0x34 /home/engineer/GIT/CPU/QT/build-nios-nios2-Debug/qtc_nios2_Debug/CPU.ff221d47/libnios2.a(alt_dev.c.o)
 .debug_frame   0x00000000000005c4       0x60 /home/engineer/GIT/CPU/QT/build-nios-nios2-Debug/qtc_nios2_Debug/CPU.ff221d47/libnios2.a(alt_dev_llist_insert.c.o)
 .debug_frame   0x0000000000000624       0x38 /home/engineer/GIT/CPU/QT/build-nios-nios2-Debug/qtc_nios2_Debug/CPU.ff221d47/libnios2.a(alt_do_ctors.c.o)
 .debug_frame   0x000000000000065c       0x38 /home/engineer/GIT/CPU/QT/build-nios-nios2-Debug/qtc_nios2_Debug/CPU.ff221d47/libnios2.a(alt_do_dtors.c.o)
 .debug_frame   0x0000000000000694       0x34 /home/engineer/GIT/CPU/QT/build-nios-nios2-Debug/qtc_nios2_Debug/CPU.ff221d47/libnios2.a(alt_icache_flush_all.c.o)
 .debug_frame   0x00000000000006c8       0x64 /home/engineer/GIT/CPU/QT/build-nios-nios2-Debug/qtc_nios2_Debug/CPU.ff221d47/libnios2.a(alt_io_redirect.c.o)
 .debug_frame   0x000000000000072c       0x8c /home/engineer/GIT/CPU/QT/build-nios-nios2-Debug/qtc_nios2_Debug/CPU.ff221d47/libnios2.a(alt_open.c.o)
 .debug_frame   0x00000000000007b8       0x3c /home/engineer/GIT/CPU/QT/build-nios-nios2-Debug/qtc_nios2_Debug/CPU.ff221d47/libnios2.a(alt_release_fd.c.o)
 .debug_frame   0x00000000000007f4       0x38 /home/engineer/GIT/CPU/QT/build-nios-nios2-Debug/qtc_nios2_Debug/CPU.ff221d47/libnios2.a(alt_find_dev.c.o)
 .debug_frame   0x000000000000082c       0x38 /home/engineer/GIT/CPU/QT/build-nios-nios2-Debug/qtc_nios2_Debug/CPU.ff221d47/libnios2.a(alt_find_file.c.o)
 .debug_frame   0x0000000000000864       0x3c /home/engineer/GIT/CPU/QT/build-nios-nios2-Debug/qtc_nios2_Debug/CPU.ff221d47/libnios2.a(alt_get_fd.c.o)
 .debug_frame   0x00000000000008a0       0x20 /home/engineer/intelFPGA/16.1/nios2eds/bin/gnu/H-x86_64-pc-linux-gnu/bin/../lib/gcc/nios2-elf/5.3.0/../../../../../H-x86_64-pc-linux-gnu/nios2-elf/lib/mno-hw-mul/libsmallc.a(lib_a-atexit.o)
 .debug_frame   0x00000000000008c0       0x28 /home/engineer/intelFPGA/16.1/nios2eds/bin/gnu/H-x86_64-pc-linux-gnu/bin/../lib/gcc/nios2-elf/5.3.0/../../../../../H-x86_64-pc-linux-gnu/nios2-elf/lib/mno-hw-mul/libsmallc.a(lib_a-exit.o)
 .debug_frame   0x00000000000008e8       0x20 /home/engineer/intelFPGA/16.1/nios2eds/bin/gnu/H-x86_64-pc-linux-gnu/bin/../lib/gcc/nios2-elf/5.3.0/../../../../../H-x86_64-pc-linux-gnu/nios2-elf/lib/mno-hw-mul/libsmallc.a(lib_a-memcmp.o)
 .debug_frame   0x0000000000000908       0x48 /home/engineer/intelFPGA/16.1/nios2eds/bin/gnu/H-x86_64-pc-linux-gnu/bin/../lib/gcc/nios2-elf/5.3.0/../../../../../H-x86_64-pc-linux-gnu/nios2-elf/lib/mno-hw-mul/libsmallc.a(lib_a-__atexit.o)
 .debug_frame   0x0000000000000950       0x54 /home/engineer/intelFPGA/16.1/nios2eds/bin/gnu/H-x86_64-pc-linux-gnu/bin/../lib/gcc/nios2-elf/5.3.0/../../../../../H-x86_64-pc-linux-gnu/nios2-elf/lib/mno-hw-mul/libsmallc.a(lib_a-__call_atexit.o)
 .debug_frame   0x00000000000009a4       0x2c /home/engineer/GIT/CPU/QT/build-nios-nios2-Debug/qtc_nios2_Debug/CPU.ff221d47/libnios2.a(alt_exit.c.o)

.debug_str      0x0000000000000000     0x1a3d
 *(.debug_str)
 .debug_str     0x0000000000000000       0xe0 /home/engineer/GIT/CPU/QT/build-nios-nios2-Debug/qtc_nios2_Debug/CPU.ff221d47/main.c.o
                                        0x11e (size before relaxing)
 .debug_str     0x00000000000000e0      0x42a /home/engineer/intelFPGA/16.1/nios2eds/bin/gnu/H-x86_64-pc-linux-gnu/bin/../lib/gcc/nios2-elf/5.3.0/../../../../../H-x86_64-pc-linux-gnu/nios2-elf/lib/mno-hw-mul/libsmallc.a(lib_a-printf.o)
                                        0x505 (size before relaxing)
 .debug_str     0x000000000000050a      0x1ff /home/engineer/intelFPGA/16.1/nios2eds/bin/gnu/H-x86_64-pc-linux-gnu/bin/../lib/gcc/nios2-elf/5.3.0/../../../../../H-x86_64-pc-linux-gnu/nios2-elf/lib/mno-hw-mul/libsmallc.a(lib_a-vfprintf.o)
                                        0x680 (size before relaxing)
 .debug_str     0x0000000000000709       0x78 /home/engineer/intelFPGA/16.1/nios2eds/bin/gnu/H-x86_64-pc-linux-gnu/bin/../lib/gcc/nios2-elf/5.3.0/../../../../../H-x86_64-pc-linux-gnu/nios2-elf/lib/mno-hw-mul/libsmallc.a(lib_a-fvwrite_small_dev.o)
                                        0x4d5 (size before relaxing)
 .debug_str     0x0000000000000781       0xf0 /home/engineer/intelFPGA/16.1/nios2eds/bin/gnu/H-x86_64-pc-linux-gnu/bin/../lib/gcc/nios2-elf/5.3.0/../../../../../H-x86_64-pc-linux-gnu/nios2-elf/lib/mno-hw-mul/libsmallc.a(lib_a-impure.o)
                                        0x4bf (size before relaxing)
 .debug_str     0x0000000000000871       0xd3 /home/engineer/intelFPGA/16.1/nios2eds/bin/gnu/H-x86_64-pc-linux-gnu/bin/../lib/gcc/nios2-elf/5.3.0/../../../../../H-x86_64-pc-linux-gnu/nios2-elf/lib/mno-hw-mul/libsmallc.a(lib_a-strlen.o)
                                        0x1e6 (size before relaxing)
 .debug_str     0x0000000000000944       0x45 /home/engineer/intelFPGA/16.1/nios2eds/bin/gnu/H-x86_64-pc-linux-gnu/bin/../lib/gcc/nios2-elf/5.3.0/../../../../../H-x86_64-pc-linux-gnu/nios2-elf/lib/mno-hw-mul/libsmallc.a(lib_a-writer.o)
                                        0x4b9 (size before relaxing)
 .debug_str     0x0000000000000989       0x3f /home/engineer/intelFPGA/16.1/nios2eds/bin/gnu/H-x86_64-pc-linux-gnu/bin/../lib/gcc/nios2-elf/5.3.0/../../../../../H-x86_64-pc-linux-gnu/nios2-elf/lib/mno-hw-mul/libsmallc.a(lib_a-int_errno.o)
                                        0x1d9 (size before relaxing)
 .debug_str     0x00000000000009c8      0x188 /home/engineer/intelFPGA/16.1/nios2eds/bin/gnu/H-x86_64-pc-linux-gnu/bin/../lib/gcc/nios2-elf/5.3.0/mno-hw-mul/libgcc.a(lib2-divmod.o)
                                        0x1d3 (size before relaxing)
 .debug_str     0x0000000000000b50       0x40 /home/engineer/intelFPGA/16.1/nios2eds/bin/gnu/H-x86_64-pc-linux-gnu/bin/../lib/gcc/nios2-elf/5.3.0/mno-hw-mul/libgcc.a(lib2-mul.o)
                                        0x194 (size before relaxing)
 .debug_str     0x0000000000000b90      0x118 /home/engineer/GIT/CPU/QT/build-nios-nios2-Debug/qtc_nios2_Debug/CPU.ff221d47/libnios2.a(alt_load.c.o)
                                        0x1ff (size before relaxing)
 .debug_str     0x0000000000000ca8       0x97 /home/engineer/GIT/CPU/QT/build-nios-nios2-Debug/qtc_nios2_Debug/CPU.ff221d47/libnios2.a(alt_main.c.o)
                                        0x18a (size before relaxing)
 .debug_str     0x0000000000000d3f      0x17a /home/engineer/GIT/CPU/QT/build-nios-nios2-Debug/qtc_nios2_Debug/CPU.ff221d47/libnios2.a(alt_sys_init.c.o)
                                        0x2bd (size before relaxing)
 .debug_str     0x0000000000000eb9       0x4e /home/engineer/GIT/CPU/QT/build-nios-nios2-Debug/qtc_nios2_Debug/CPU.ff221d47/libnios2.a(alt_usleep.c.o)
                                        0x135 (size before relaxing)
 .debug_str     0x0000000000000f07      0x134 /home/engineer/GIT/CPU/QT/build-nios-nios2-Debug/qtc_nios2_Debug/CPU.ff221d47/libnios2.a(alt_write.c.o)
                                        0x2e5 (size before relaxing)
 .debug_str     0x000000000000103b       0x9e /home/engineer/GIT/CPU/QT/build-nios-nios2-Debug/qtc_nios2_Debug/CPU.ff221d47/libnios2.a(altera_avalon_jtag_uart_fd.c.o)
                                        0x2c2 (size before relaxing)
 .debug_str     0x00000000000010d9       0x6f /home/engineer/GIT/CPU/QT/build-nios-nios2-Debug/qtc_nios2_Debug/CPU.ff221d47/libnios2.a(altera_avalon_jtag_uart_read.c.o)
                                        0x20c (size before relaxing)
 .debug_str     0x0000000000001148       0x71 /home/engineer/GIT/CPU/QT/build-nios-nios2-Debug/qtc_nios2_Debug/CPU.ff221d47/libnios2.a(altera_avalon_jtag_uart_write.c.o)
                                        0x202 (size before relaxing)
 .debug_str     0x00000000000011b9       0x62 /home/engineer/GIT/CPU/QT/build-nios-nios2-Debug/qtc_nios2_Debug/CPU.ff221d47/libnios2.a(altera_nios2_gen2_irq.c.o)
                                        0x149 (size before relaxing)
 .debug_str     0x000000000000121b       0x69 /home/engineer/GIT/CPU/QT/build-nios-nios2-Debug/qtc_nios2_Debug/CPU.ff221d47/libnios2.a(alt_busy_sleep.c.o)
                                        0x158 (size before relaxing)
 .debug_str     0x0000000000001284       0x42 /home/engineer/GIT/CPU/QT/build-nios-nios2-Debug/qtc_nios2_Debug/CPU.ff221d47/libnios2.a(alt_close.c.o)
                                        0x1f8 (size before relaxing)
 .debug_str     0x00000000000012c6       0x5b /home/engineer/GIT/CPU/QT/build-nios-nios2-Debug/qtc_nios2_Debug/CPU.ff221d47/libnios2.a(alt_dcache_flush_all.c.o)
                                        0x142 (size before relaxing)
 .debug_str     0x0000000000001321       0x77 /home/engineer/GIT/CPU/QT/build-nios-nios2-Debug/qtc_nios2_Debug/CPU.ff221d47/libnios2.a(alt_dev.c.o)
                                        0x2f2 (size before relaxing)
 .debug_str     0x0000000000001398       0x72 /home/engineer/GIT/CPU/QT/build-nios-nios2-Debug/qtc_nios2_Debug/CPU.ff221d47/libnios2.a(alt_dev_llist_insert.c.o)
                                        0x1b9 (size before relaxing)
 .debug_str     0x000000000000140a       0x6f /home/engineer/GIT/CPU/QT/build-nios-nios2-Debug/qtc_nios2_Debug/CPU.ff221d47/libnios2.a(alt_do_ctors.c.o)
                                         0xbd (size before relaxing)
 .debug_str     0x0000000000001479       0x73 /home/engineer/GIT/CPU/QT/build-nios-nios2-Debug/qtc_nios2_Debug/CPU.ff221d47/libnios2.a(alt_do_dtors.c.o)
                                         0xbc (size before relaxing)
 .debug_str     0x00000000000014ec       0x3b /home/engineer/GIT/CPU/QT/build-nios-nios2-Debug/qtc_nios2_Debug/CPU.ff221d47/libnios2.a(alt_errno.c.o)
                                        0x132 (size before relaxing)
 .debug_str     0x0000000000001527       0x5b /home/engineer/GIT/CPU/QT/build-nios-nios2-Debug/qtc_nios2_Debug/CPU.ff221d47/libnios2.a(alt_icache_flush_all.c.o)
                                        0x142 (size before relaxing)
 .debug_str     0x0000000000001582       0x7d /home/engineer/GIT/CPU/QT/build-nios-nios2-Debug/qtc_nios2_Debug/CPU.ff221d47/libnios2.a(alt_io_redirect.c.o)
                                        0x303 (size before relaxing)
 .debug_str     0x00000000000015ff       0x5d /home/engineer/GIT/CPU/QT/build-nios-nios2-Debug/qtc_nios2_Debug/CPU.ff221d47/libnios2.a(alt_open.c.o)
                                        0x238 (size before relaxing)
 .debug_str     0x000000000000165c       0x4f /home/engineer/GIT/CPU/QT/build-nios-nios2-Debug/qtc_nios2_Debug/CPU.ff221d47/libnios2.a(alt_release_fd.c.o)
                                        0x1c0 (size before relaxing)
 .debug_str     0x00000000000016ab       0x4b /home/engineer/GIT/CPU/QT/build-nios-nios2-Debug/qtc_nios2_Debug/CPU.ff221d47/libnios2.a(alt_find_dev.c.o)
                                        0x1d9 (size before relaxing)
 .debug_str     0x00000000000016f6       0x4d /home/engineer/GIT/CPU/QT/build-nios-nios2-Debug/qtc_nios2_Debug/CPU.ff221d47/libnios2.a(alt_find_file.c.o)
                                        0x1e7 (size before relaxing)
 .debug_str     0x0000000000001743       0x57 /home/engineer/GIT/CPU/QT/build-nios-nios2-Debug/qtc_nios2_Debug/CPU.ff221d47/libnios2.a(alt_get_fd.c.o)
                                        0x209 (size before relaxing)
 .debug_str     0x000000000000179a      0x117 /home/engineer/intelFPGA/16.1/nios2eds/bin/gnu/H-x86_64-pc-linux-gnu/bin/../lib/gcc/nios2-elf/5.3.0/../../../../../H-x86_64-pc-linux-gnu/nios2-elf/lib/mno-hw-mul/libsmallc.a(lib_a-atexit.o)
                                        0x21d (size before relaxing)
 .debug_str     0x00000000000018b1       0x4c /home/engineer/intelFPGA/16.1/nios2eds/bin/gnu/H-x86_64-pc-linux-gnu/bin/../lib/gcc/nios2-elf/5.3.0/../../../../../H-x86_64-pc-linux-gnu/nios2-elf/lib/mno-hw-mul/libsmallc.a(lib_a-exit.o)
                                        0x1f1 (size before relaxing)
 .debug_str     0x00000000000018fd       0x44 /home/engineer/intelFPGA/16.1/nios2eds/bin/gnu/H-x86_64-pc-linux-gnu/bin/../lib/gcc/nios2-elf/5.3.0/../../../../../H-x86_64-pc-linux-gnu/nios2-elf/lib/mno-hw-mul/libsmallc.a(lib_a-memcmp.o)
                                        0x1e0 (size before relaxing)
 .debug_str     0x0000000000001941       0x46 /home/engineer/intelFPGA/16.1/nios2eds/bin/gnu/H-x86_64-pc-linux-gnu/bin/../lib/gcc/nios2-elf/5.3.0/../../../../../H-x86_64-pc-linux-gnu/nios2-elf/lib/mno-hw-mul/libsmallc.a(lib_a-__atexit.o)
                                        0x500 (size before relaxing)
 .debug_str     0x0000000000001987       0x65 /home/engineer/intelFPGA/16.1/nios2eds/bin/gnu/H-x86_64-pc-linux-gnu/bin/../lib/gcc/nios2-elf/5.3.0/../../../../../H-x86_64-pc-linux-gnu/nios2-elf/lib/mno-hw-mul/libsmallc.a(lib_a-__call_atexit.o)
                                        0x4ec (size before relaxing)
 .debug_str     0x00000000000019ec       0x51 /home/engineer/GIT/CPU/QT/build-nios-nios2-Debug/qtc_nios2_Debug/CPU.ff221d47/libnios2.a(alt_exit.c.o)
                                        0x13e (size before relaxing)

.debug_loc      0x0000000000000000     0x1543
 *(.debug_loc)